 Container floodwatch-worker-run-44405da4ce6f Creating 
 Container floodwatch-worker-run-44405da4ce6f Created 
… 20
… 40
… 60
… 80
… 100
… 120
… 140
sample 1: gauges 149; upstream gauges used per variant: {'K2/180d (today)': 137, 'K3/180d': 177, 'K4/180d': 211, 'K2/90d': 152, 'K4/90d': 237}

=== +6 h (chosen on the first half, scored on the second)
K2/180d (today)        n  149 · error vs no-change -22.6% (per-gauge mean -15.7%) · served a model   94 (star   79) · held ≥10 %   69 · worse  13
K3/180d                n  149 · error vs no-change -22.4% (per-gauge mean -15.6%) · served a model   94 (star   79) · held ≥10 %   69 · worse  13
K4/180d                n  149 · error vs no-change -22.4% (per-gauge mean -16.1%) · served a model   93 (star   78) · held ≥10 %   69 · worse  12
K2/90d                 n  149 · error vs no-change -22.6% (per-gauge mean -15.8%) · served a model   92 (star   78) · held ≥10 %   67 · worse  12
K4/90d                 n  149 · error vs no-change -22.2% (per-gauge mean -16.0%) · served a model   90 (star   76) · held ≥10 %   66 · worse  11

=== +12 h (chosen on the first half, scored on the second)
K2/180d (today)        n  149 · error vs no-change -15.1% (per-gauge mean -11.3%) · served a model   86 (star   71) · held ≥10 %   64 · worse  13
K3/180d                n  149 · error vs no-change -14.8% (per-gauge mean -11.0%) · served a model   86 (star   69) · held ≥10 %   64 · worse  14
K4/180d                n  149 · error vs no-change -15.0% (per-gauge mean -11.9%) · served a model   84 (star   68) · held ≥10 %   64 · worse  12
K2/90d                 n  149 · error vs no-change -15.2% (per-gauge mean -11.3%) · served a model   85 (star   72) · held ≥10 %   64 · worse  13
K4/90d                 n  149 · error vs no-change -14.9% (per-gauge mean -12.0%) · served a model   83 (star   69) · held ≥10 %   64 · worse  12

=== +24 h (chosen on the first half, scored on the second)
K2/180d (today)        n  149 · error vs no-change  -8.0% (per-gauge mean  -7.5%) · served a model   75 (star   55) · held ≥10 %   52 · worse  11
K3/180d                n  149 · error vs no-change  -8.1% (per-gauge mean  -7.2%) · served a model   77 (star   57) · held ≥10 %   52 · worse  12
K4/180d                n  149 · error vs no-change  -9.0% (per-gauge mean  -7.6%) · served a model   78 (star   58) · held ≥10 %   54 · worse  12
K2/90d                 n  149 · error vs no-change  -8.0% (per-gauge mean  -7.7%) · served a model   75 (star   59) · held ≥10 %   53 · worse  12
K4/90d                 n  149 · error vs no-change  -9.5% (per-gauge mean  -8.6%) · served a model   78 (star   61) · held ≥10 %   57 · worse  11

=== +48 h (chosen on the first half, scored on the second)
K2/180d (today)        n  149 · error vs no-change  -6.7% (per-gauge mean  -5.9%) · served a model   69 (star   53) · held ≥10 %   43 · worse  12
K3/180d                n  149 · error vs no-change  -6.7% (per-gauge mean  -5.9%) · served a model   70 (star   55) · held ≥10 %   43 · worse  12
K4/180d                n  149 · error vs no-change  -7.6% (per-gauge mean  -6.3%) · served a model   72 (star   59) · held ≥10 %   45 · worse  13
K2/90d                 n  149 · error vs no-change  -7.3% (per-gauge mean  -6.5%) · served a model   69 (star   55) · held ≥10 %   44 · worse  12
K4/90d                 n  149 · error vs no-change  -8.2% (per-gauge mean  -6.8%) · served a model   71 (star   59) · held ≥10 %   45 · worse  13

=== +72 h (chosen on the first half, scored on the second)
K2/180d (today)        n  149 · error vs no-change  -6.9% (per-gauge mean  -5.7%) · served a model   65 (star   55) · held ≥10 %   43 · worse  16
K3/180d                n  149 · error vs no-change  -6.9% (per-gauge mean  -5.6%) · served a model   65 (star   55) · held ≥10 %   43 · worse  16
K4/180d                n  149 · error vs no-change  -6.9% (per-gauge mean  -5.1%) · served a model   66 (star   58) · held ≥10 %   44 · worse  17
K2/90d                 n  149 · error vs no-change  -6.8% (per-gauge mean  -6.0%) · served a model   67 (star   57) · held ≥10 %   44 · worse  16
K4/90d                 n  149 · error vs no-change  -6.8% (per-gauge mean  -5.5%) · served a model   68 (star   60) · held ≥10 %   44 · worse  17
