hourly 2023-09-29 … 2026-10-06, 1103 days; releases 3200 days
forecast days per model (lead 7): {'best_match': 521, 'ecmwf_ifs025': 521, 'gfs_seamless': 521, 'icon_seamless': 0}
rain: 2 basins between the dam and the city; forecast archive 2026-07-06 … 2026-10-06
wet-season issue days with forecasts 500: odd months 285, even months 215
lags (h) fitted on even months: {'B.18': 0, 'B.10': 37, 'B.16': 50, 'B.15': 54, 'PCH001': 55} · on odd months: {'B.18': 0, 'B.10': 30, 'B.16': 39, 'B.15': 46, 'PCH001': 42}

=== sample 1 (odd wet months; fits on even months; FORECAST rain): MAE cm (90 % abs error) per point and lead day
B.18    d1 n 269 · keep   7.5 · MR   7.5 ( 19.3) · WA  47.0 ( 76.3) · WN   6.9 ( 18.0) · GN   7.1 ( 18.4) · RR   7.6 ( 17.9) · RN   8.9 ( 20.9) · AR   7.6 ( 18.3) · AN   7.5 ( 19.0) · BL   7.6 ( 18.0) · GR   7.1 ( 17.7) · GW   7.1 ( 17.7) · GM   7.1 ( 18.1) · HY   6.9 ( 18.0)
B.18    d2 n 268 · keep  12.2 · MR  12.2 ( 31.3) · WA  48.1 ( 78.8) · WN  10.1 ( 25.8) · GN   9.1 ( 22.4) · RR   9.9 ( 23.0) · RN  15.5 ( 41.0) · AR  12.4 ( 30.6) · AN  12.1 ( 28.0) · BL  10.7 ( 26.9) · GR   9.1 ( 22.4) · GW   9.1 ( 22.4) · GM   9.2 ( 22.3) · HY  10.1 ( 25.8)
B.18    d3 n 268 · keep  15.9 · MR  16.0 ( 43.4) · WA  48.7 ( 80.8) · WN  12.4 ( 29.3) · GN  10.9 ( 24.6) · RR  11.7 ( 28.2) · RN  21.1 ( 53.2) · AR  14.1 ( 34.2) · AN  15.4 ( 38.4) · BL  12.2 ( 29.8) · GR  10.9 ( 24.6) · GW  10.9 ( 24.6) · GM  10.9 ( 25.0) · HY  12.4 ( 29.3)
B.18    d4 n 267 · keep  18.6 · MR  18.8 ( 49.4) · WA  48.8 ( 81.1) · WN  14.1 ( 33.6) · GN  12.1 ( 28.1) · RR  12.3 ( 29.3) · RN  26.9 ( 66.8) · AR  14.4 ( 34.8) · AN  18.0 ( 44.7) · BL  12.4 ( 30.5) · GR  12.1 ( 28.1) · GW  12.1 ( 28.1) · GM  12.1 ( 28.9) · HY  14.1 ( 33.6)
B.18    d5 n 267 · keep  20.4 · MR  20.5 ( 54.3) · WA  48.9 ( 82.8) · WN  14.8 ( 37.9) · GN  12.4 ( 29.2) · RR  13.0 ( 31.2) · RN  29.4 ( 80.2) · AR  13.5 ( 32.6) · AN  19.3 ( 46.6) · BL  12.5 ( 31.5) · GR  12.4 ( 29.2) · GW  12.4 ( 29.2) · GM  12.4 ( 29.0) · HY  14.8 ( 37.9)
B.18    d6 n 268 · keep  21.6 · MR  21.9 ( 56.9) · WA  48.7 ( 82.5) · WN  15.2 ( 40.1) · GN  12.9 ( 30.2) · RR  14.4 ( 33.9) · RN  32.3 ( 87.5) · AR  15.8 ( 33.8) · AN  19.9 ( 51.1) · BL  13.8 ( 32.7) · GR  12.9 ( 30.2) · GW  12.9 ( 30.2) · GM  12.6 ( 32.6) · HY  15.2 ( 40.1)
B.18    d7 n 268 · keep  22.2 · MR  22.6 ( 57.6) · WA  48.4 ( 82.6) · WN  14.8 ( 38.9) · GN  12.6 ( 33.0) · RR  13.6 ( 33.3) · RN  37.6 ( 98.0) · AR  15.8 ( 35.5) · AN  20.0 ( 51.3) · BL  13.7 ( 30.8) · GR  12.6 ( 33.0) · GW  12.6 ( 33.0) · GM  12.5 ( 32.9) · HY  14.8 ( 38.9)
B.10    d1 n 272 · keep  11.4 · MR  12.3 ( 30.6) · WA  76.3 (149.3) · WN  11.4 ( 28.6) · GN  11.4 ( 28.6) · RR  13.1 ( 27.8) · RN  13.1 ( 27.8) · AR  13.1 ( 27.8) · AN  11.1 ( 26.8) · BL  13.1 ( 27.8) · GR  11.4 ( 29.0) · GW  11.3 ( 29.5) · GM  12.3 ( 30.6) · HY  11.4 ( 28.6)
B.10    d2 n 272 · keep  19.0 · MR  21.9 ( 52.8) · WA  76.2 (144.8) · WN  19.0 ( 44.7) · GN  19.0 ( 44.7) · RR  25.3 ( 56.2) · RN  25.3 ( 56.2) · AR  25.3 ( 56.2) · AN  19.3 ( 44.8) · BL  25.3 ( 56.2) · GR  18.9 ( 43.0) · GW  18.8 ( 42.8) · GM  21.9 ( 52.8) · HY  19.0 ( 44.7)
B.10    d3 n 273 · keep  24.3 · MR  28.0 ( 72.2) · WA  80.3 (149.6) · WN  27.9 ( 64.8) · GN  24.6 ( 61.4) · RR  32.4 ( 67.1) · RN  32.5 ( 66.2) · AR  32.7 ( 68.2) · AN  24.6 ( 56.7) · BL  32.5 ( 67.6) · GR  24.1 ( 57.9) · GW  24.0 ( 56.0) · GM  28.1 ( 71.5) · HY  24.6 ( 61.4)
B.10    d4 n 272 · keep  28.0 · MR  31.3 ( 90.2) · WA  82.9 (155.5) · WN  36.1 ( 93.4) · GN  29.1 ( 70.3) · RR  34.6 ( 77.1) · RN  34.9 ( 71.2) · AR  34.4 ( 78.2) · AN  28.4 ( 66.5) · BL  34.4 ( 73.0) · GR  29.1 ( 70.3) · GW  29.1 ( 70.3) · GM  32.2 ( 86.4) · HY  29.1 ( 70.3)
B.10    d5 n 272 · keep  30.4 · MR  33.8 ( 91.9) · WA  84.9 (161.2) · WN  41.7 (107.1) · GN  30.6 ( 74.3) · RR  36.9 ( 76.8) · RN  36.8 ( 74.2) · AR  36.6 ( 73.4) · AN  30.8 ( 70.4) · BL  36.7 ( 74.9) · GR  30.6 ( 74.3) · GW  30.6 ( 74.3) · GM  34.0 ( 90.3) · HY  30.6 ( 74.3)
B.10    d6 n 273 · keep  31.4 · MR  35.0 ( 92.1) · WA  87.3 (164.0) · WN  45.3 (114.7) · GN  30.9 ( 76.5) · RR  37.7 ( 83.2) · RN  38.2 ( 87.8) · AR  37.5 ( 82.5) · AN  31.8 ( 74.4) · BL  37.4 ( 82.2) · GR  30.9 ( 76.5) · GW  30.9 ( 76.5) · GM  34.5 ( 94.3) · HY  30.9 ( 76.5)
B.10    d7 n 273 · keep  32.4 · MR  34.6 ( 89.3) · WA  89.1 (163.3) · WN  48.1 (116.8) · GN  31.1 ( 74.2) · RR  37.0 ( 84.4) · RN  38.6 ( 98.3) · AR  36.6 ( 79.9) · AN  32.5 ( 71.2) · BL  36.6 ( 83.5) · GR  31.1 ( 74.2) · GW  31.1 ( 74.2) · GM  33.4 ( 93.4) · HY  31.1 ( 74.2)
B.16    d1 n 259 · keep  11.3 · MR  12.4 ( 24.6) · WA 187.6 (348.9) · WN  11.3 ( 24.5) · GN  11.3 ( 24.5) · RR  12.9 ( 29.6) · RN  12.9 ( 29.6) · AR  12.9 ( 29.6) · AN  10.9 ( 25.7) · BL  12.9 ( 29.6) · GR  11.2 ( 26.0) · GW  11.2 ( 26.2) · GM  12.4 ( 24.6) · HY  11.3 ( 24.5)
B.16    d2 n 258 · keep  19.3 · MR  22.5 ( 48.7) · WA 185.1 (339.8) · WN  19.3 ( 47.0) · GN  19.3 ( 47.0) · RR  25.2 ( 53.5) · RN  25.2 ( 53.5) · AR  25.2 ( 53.5) · AN  19.3 ( 45.6) · BL  25.2 ( 53.5) · GR  19.4 ( 45.5) · GW  19.3 ( 46.8) · GM  22.5 ( 48.7) · HY  19.3 ( 47.0)
B.16    d3 n 258 · keep  24.9 · MR  30.1 ( 70.5) · WA 189.1 (336.5) · WN  38.5 ( 90.0) · GN  26.3 ( 64.6) · RR  32.6 ( 71.8) · RN  32.8 ( 65.1) · AR  33.9 ( 73.9) · AN  24.5 ( 57.3) · BL  33.0 ( 70.9) · GR  26.0 ( 63.9) · GW  25.8 ( 63.4) · GM  31.0 ( 73.8) · HY  26.3 ( 64.6)
B.16    d4 n 256 · keep  29.5 · MR  35.1 ( 88.5) · WA 191.0 (343.7) · WN  54.9 (121.5) · GN  31.2 ( 76.3) · RR  36.0 ( 79.5) · RN  36.6 ( 74.3) · AR  37.2 ( 78.7) · AN  29.3 ( 74.1) · BL  36.0 ( 79.1) · GR  31.2 ( 76.3) · GW  31.2 ( 76.3) · GM  36.8 ( 95.2) · HY  31.2 ( 76.3)
B.16    d5 n 255 · keep  31.9 · MR  38.3 (100.8) · WA 194.2 (351.7) · WN  65.2 (153.9) · GN  33.5 ( 75.4) · RR  38.0 ( 85.7) · RN  37.2 ( 78.0) · AR  40.1 ( 88.8) · AN  31.9 ( 76.5) · BL  38.2 ( 86.6) · GR  33.5 ( 75.4) · GW  33.5 ( 75.4) · GM  39.9 (109.0) · HY  33.5 ( 75.4)
B.16    d6 n 255 · keep  32.8 · MR  40.2 (111.6) · WA 199.8 (361.4) · WN  73.1 (197.6) · GN  33.5 ( 76.1) · RR  38.2 ( 87.2) · RN  37.2 ( 82.0) · AR  41.4 ( 86.9) · AN  33.2 ( 75.3) · BL  38.8 ( 86.1) · GR  33.5 ( 76.1) · GW  33.5 ( 76.1) · GM  40.8 (118.3) · HY  33.5 ( 76.1)
B.16    d7 n 254 · keep  33.8 · MR  40.1 (111.4) · WA 202.8 (373.5) · WN  77.5 (214.6) · GN  33.5 ( 76.7) · RR  36.8 ( 87.0) · RN  37.9 ( 95.3) · AR  41.9 ( 92.7) · AN  34.0 ( 81.1) · BL  37.9 ( 88.1) · GR  33.5 ( 76.7) · GW  33.5 ( 76.7) · GM  39.7 (110.9) · HY  33.5 ( 76.7)
B.15    d1 n 272 · keep   7.9 · MR   8.2 ( 17.4) · WA  48.6 ( 93.1) · WN   7.9 ( 16.8) · GN   7.9 ( 16.8) · RR   8.2 ( 16.7) · RN   8.2 ( 16.7) · AR   8.2 ( 16.7) · AN   7.8 ( 15.7) · BL   8.2 ( 16.7) · GR   7.9 ( 16.6) · GW   7.9 ( 16.4) · GM   8.2 ( 17.4) · HY   7.9 ( 16.8)
B.15    d2 n 272 · keep  13.2 · MR  13.4 ( 30.3) · WA  48.2 ( 86.6) · WN  13.2 ( 31.8) · GN  13.2 ( 31.8) · RR  14.0 ( 28.6) · RN  14.0 ( 28.6) · AR  14.0 ( 28.6) · AN  13.0 ( 32.2) · BL  14.0 ( 28.6) · GR  13.0 ( 31.4) · GW  13.0 ( 32.1) · GM  13.4 ( 30.3) · HY  13.2 ( 31.8)
B.15    d3 n 273 · keep  17.0 · MR  17.1 ( 39.6) · WA  49.6 ( 93.1) · WN  20.6 ( 50.0) · GN  17.5 ( 43.6) · RR  17.6 ( 41.9) · RN  18.2 ( 36.8) · AR  18.0 ( 43.0) · AN  16.2 ( 36.7) · BL  17.5 ( 40.9) · GR  17.3 ( 44.7) · GW  17.1 ( 43.8) · GM  17.2 ( 42.2) · HY  17.5 ( 43.6)
B.15    d4 n 272 · keep  19.4 · MR  19.3 ( 48.9) · WA  51.0 ( 90.0) · WN  26.2 ( 58.4) · GN  19.9 ( 47.3) · RR  18.9 ( 45.0) · RN  19.0 ( 40.7) · AR  20.3 ( 45.7) · AN  18.8 ( 43.4) · BL  19.0 ( 43.8) · GR  19.9 ( 47.3) · GW  19.9 ( 47.3) · GM  19.5 ( 49.3) · HY  19.9 ( 47.3)
B.15    d5 n 272 · keep  21.2 · MR  20.9 ( 55.6) · WA  51.0 ( 90.5) · WN  30.6 ( 68.1) · GN  21.9 ( 53.0) · RR  20.4 ( 52.1) · RN  19.6 ( 40.3) · AR  22.1 ( 56.4) · AN  20.7 ( 49.2) · BL  20.6 ( 50.4) · GR  21.9 ( 53.0) · GW  21.9 ( 53.0) · GM  21.4 ( 52.6) · HY  21.9 ( 53.0)
B.15    d6 n 273 · keep  22.1 · MR  22.0 ( 54.7) · WA  52.2 ( 88.8) · WN  33.4 ( 77.8) · GN  22.3 ( 53.4) · RR  20.5 ( 47.0) · RN  20.1 ( 45.1) · AR  22.8 ( 59.7) · AN  21.7 ( 52.1) · BL  21.0 ( 51.2) · GR  22.3 ( 53.4) · GW  22.3 ( 53.4) · GM  22.2 ( 54.9) · HY  22.3 ( 53.4)
B.15    d7 n 273 · keep  22.7 · MR  22.3 ( 51.4) · WA  52.1 ( 89.6) · WN  34.7 ( 78.3) · GN  22.6 ( 55.8) · RR  20.7 ( 46.6) · RN  21.0 ( 50.5) · AR  23.4 ( 59.6) · AN  22.2 ( 50.9) · BL  21.2 ( 51.1) · GR  22.6 ( 55.8) · GW  22.6 ( 55.8) · GM  22.2 ( 50.0) · HY  22.6 ( 55.8)
PCH001  d1 n 159 · keep  10.0 · MR  11.1 ( 26.9) · WA  67.5 (136.3) · WN  10.0 ( 22.5) · GN  10.0 ( 22.5) · RR  13.8 ( 33.3) · RN  13.8 ( 33.3) · AR  13.8 ( 33.3) · AN  10.1 ( 24.2) · BL  13.8 ( 33.3) · GR  10.1 ( 24.0) · GW  10.4 ( 24.4) · GM  11.1 ( 26.9) · HY  10.0 ( 22.5)
PCH001  d2 n 159 · keep  17.7 · MR  21.0 ( 54.8) · WA  66.3 (124.1) · WN  17.7 ( 45.5) · GN  17.7 ( 45.5) · RR  25.8 ( 58.0) · RN  25.8 ( 58.0) · AR  25.8 ( 58.0) · AN  18.7 ( 44.6) · BL  25.8 ( 58.0) · GR  18.1 ( 44.7) · GW  18.8 ( 44.7) · GM  21.0 ( 54.8) · HY  17.7 ( 45.5)
PCH001  d3 n 159 · keep  22.7 · MR  28.2 ( 65.0) · WA  68.9 (130.8) · WN  28.7 ( 72.2) · GN  24.4 ( 63.7) · RR  31.4 ( 71.8) · RN  32.4 ( 75.3) · AR  32.1 ( 76.1) · AN  23.1 ( 56.9) · BL  31.7 ( 73.6) · GR  23.4 ( 60.5) · GW  23.1 ( 54.9) · GM  29.1 ( 78.8) · HY  24.4 ( 63.7)
PCH001  d4 n 159 · keep  26.3 · MR  33.3 ( 84.4) · WA  69.8 (132.0) · WN  35.5 ( 95.4) · GN  28.6 ( 73.6) · RR  32.8 ( 71.4) · RN  34.0 ( 77.2) · AR  32.8 ( 80.4) · AN  26.9 ( 61.9) · BL  32.6 ( 69.3) · GR  27.8 ( 70.7) · GW  27.7 ( 68.3) · GM  35.5 ( 91.1) · HY  28.6 ( 73.6)
PCH001  d5 n 159 · keep  29.0 · MR  37.6 ( 96.4) · WA  70.7 (134.6) · WN  41.4 (105.3) · GN  31.2 ( 74.2) · RR  32.9 ( 76.4) · RN  33.2 ( 78.8) · AR  33.3 ( 75.4) · AN  29.8 ( 63.9) · BL  32.6 ( 74.5) · GR  31.0 ( 73.7) · GW  31.2 ( 74.2) · GM  39.7 (100.7) · HY  31.2 ( 74.2)
PCH001  d6 n 159 · keep  30.4 · MR  40.4 (102.1) · WA  73.0 (137.2) · WN  45.4 (116.6) · GN  31.3 ( 74.0) · RR  33.9 ( 72.6) · RN  33.4 ( 70.7) · AR  33.3 ( 74.9) · AN  31.2 ( 71.9) · BL  32.7 ( 69.2) · GR  31.3 ( 74.0) · GW  31.3 ( 74.0) · GM  41.2 (106.4) · HY  31.3 ( 74.0)
PCH001  d7 n 159 · keep  31.5 · MR  40.5 (103.9) · WA  72.8 (135.9) · WN  47.9 (117.4) · GN  31.3 ( 76.2) · RR  34.1 ( 84.7) · RN  37.5 ( 98.2) · AR  37.2 ( 88.6) · AN  32.1 ( 80.3) · BL  34.1 ( 87.1) · GR  31.3 ( 76.2) · GW  31.3 ( 76.2) · GM  40.2 (103.9) · HY  31.3 ( 76.2)

=== sample 2 (even wet months; fits on odd months; FORECAST rain): MAE cm (90 % abs error) per point and lead day
B.18    d1 n 195 · keep   5.7 · MR   6.0 ( 14.6) · WA  50.2 ( 85.2) · WN   5.8 ( 13.0) · GN   5.0 ( 12.8) · RR   5.9 ( 12.2) · RN   7.1 ( 14.6) · AR   6.5 ( 12.3) · AN   5.7 ( 12.4) · BL   6.2 ( 12.2) · GR   5.0 ( 12.7) · GW   5.0 ( 12.8) · GM   5.0 ( 13.1) · HY   5.8 ( 13.0)
B.18    d2 n 195 · keep   8.9 · MR   9.2 ( 19.9) · WA  49.4 ( 85.2) · WN   7.3 ( 15.7) · GN   6.5 ( 14.5) · RR   6.9 ( 15.0) · RN  11.7 ( 25.4) · AR   7.8 ( 15.7) · AN   7.8 ( 18.6) · BL   7.1 ( 14.8) · GR   6.5 ( 14.5) · GW   6.5 ( 14.5) · GM   6.5 ( 15.1) · HY   7.3 ( 15.7)
B.18    d3 n 195 · keep  11.4 · MR  11.5 ( 28.6) · WA  49.4 ( 84.8) · WN   8.7 ( 19.4) · GN   7.5 ( 17.0) · RR   7.5 ( 18.1) · RN  15.1 ( 34.4) · AR   8.8 ( 19.2) · AN  10.0 ( 23.4) · BL   7.6 ( 17.1) · GR   7.5 ( 17.3) · GW   7.5 ( 17.1) · GM   7.4 ( 16.9) · HY   8.7 ( 19.4)
B.18    d4 n 195 · keep  14.4 · MR  14.3 ( 37.5) · WA  49.8 ( 85.4) · WN  10.2 ( 20.8) · GN   9.2 ( 18.8) · RR   8.9 ( 19.8) · RN  18.4 ( 44.0) · AR   9.2 ( 21.9) · AN  12.2 ( 27.4) · BL   8.4 ( 19.2) · GR   9.2 ( 19.0) · GW   9.2 ( 19.1) · GM   9.1 ( 18.7) · HY  10.2 ( 20.8)
B.18    d5 n 194 · keep  17.4 · MR  16.9 ( 44.8) · WA  49.4 ( 84.1) · WN  11.0 ( 22.7) · GN  10.2 ( 21.4) · RR   9.7 ( 22.7) · RN  21.6 ( 55.5) · AR   9.9 ( 22.3) · AN  13.8 ( 33.9) · BL   9.1 ( 20.0) · GR  10.1 ( 21.7) · GW  10.2 ( 21.5) · GM   9.9 ( 21.2) · HY  11.0 ( 22.7)
B.18    d6 n 193 · keep  19.6 · MR  19.0 ( 53.7) · WA  50.2 ( 84.4) · WN  11.8 ( 29.3) · GN  11.3 ( 25.6) · RR  11.9 ( 28.2) · RN  24.5 ( 58.7) · AR  11.5 ( 27.1) · AN  15.5 ( 39.4) · BL  10.9 ( 25.1) · GR  11.3 ( 26.1) · GW  11.3 ( 25.8) · GM  11.0 ( 25.8) · HY  11.8 ( 29.3)
B.18    d7 n 194 · keep  21.2 · MR  20.9 ( 56.5) · WA  50.0 ( 84.4) · WN  12.6 ( 31.9) · GN  12.3 ( 29.6) · RR  12.5 ( 30.4) · RN  25.8 ( 55.8) · AR  12.4 ( 30.5) · AN  16.6 ( 40.3) · BL  11.6 ( 27.0) · GR  12.3 ( 29.5) · GW  12.3 ( 29.5) · GM  11.7 ( 27.9) · HY  12.6 ( 31.9)
B.10    d1 n 201 · keep   8.6 · MR   8.7 ( 20.7) · WA  78.6 (159.7) · WN   8.6 ( 20.0) · GN   8.6 ( 20.0) · RR   9.4 ( 22.6) · RN   9.4 ( 22.6) · AR   9.4 ( 22.6) · AN   8.4 ( 20.6) · BL   9.4 ( 22.6) · GR   8.7 ( 20.4) · GW   8.7 ( 21.1) · GM   8.7 ( 20.7) · HY   8.6 ( 20.0)
B.10    d2 n 201 · keep  15.6 · MR  15.7 ( 36.4) · WA  79.3 (163.8) · WN  18.8 ( 42.9) · GN  15.5 ( 35.5) · RR  17.2 ( 35.0) · RN  17.2 ( 35.0) · AR  17.7 ( 37.7) · AN  15.7 ( 34.2) · BL  17.4 ( 36.5) · GR  15.6 ( 36.7) · GW  15.5 ( 37.6) · GM  15.6 ( 35.8) · HY  15.5 ( 35.5)
B.10    d3 n 201 · keep  20.9 · MR  20.7 ( 60.4) · WA  80.8 (174.2) · WN  25.2 ( 71.4) · GN  20.9 ( 61.0) · RR  23.2 ( 43.8) · RN  23.3 ( 43.0) · AR  23.6 ( 46.0) · AN  20.1 ( 49.3) · BL  23.3 ( 44.9) · GR  20.9 ( 58.9) · GW  20.7 ( 59.7) · GM  20.7 ( 60.8) · HY  20.9 ( 61.0)
B.10    d4 n 201 · keep  24.7 · MR  24.3 ( 66.2) · WA  82.9 (175.7) · WN  32.2 ( 93.2) · GN  24.7 ( 67.3) · RR  26.5 ( 50.3) · RN  27.0 ( 56.9) · AR  27.4 ( 56.3) · AN  22.9 ( 55.5) · BL  26.9 ( 53.1) · GR  24.9 ( 65.5) · GW  24.7 ( 67.1) · GM  24.3 ( 65.1) · HY  24.7 ( 67.3)
B.10    d5 n 200 · keep  27.4 · MR  27.1 ( 66.4) · WA  85.1 (171.7) · WN  36.5 ( 99.4) · GN  27.4 ( 69.8) · RR  29.5 ( 60.6) · RN  30.5 ( 66.5) · AR  30.0 ( 61.2) · AN  25.0 ( 60.2) · BL  29.6 ( 59.7) · GR  28.0 ( 70.0) · GW  27.7 ( 71.3) · GM  27.0 ( 68.3) · HY  27.4 ( 69.8)
B.10    d6 n 199 · keep  29.8 · MR  30.0 ( 70.2) · WA  84.8 (172.6) · WN  41.9 (116.6) · GN  30.0 ( 72.1) · RR  30.9 ( 58.5) · RN  32.7 ( 65.8) · AR  31.9 ( 66.7) · AN  27.7 ( 61.0) · BL  31.3 ( 61.9) · GR  30.9 ( 79.2) · GW  30.6 ( 78.9) · GM  29.8 ( 71.8) · HY  30.0 ( 72.1)
B.10    d7 n 200 · keep  30.6 · MR  31.7 ( 72.7) · WA  86.3 (174.2) · WN  44.2 (124.2) · GN  31.0 ( 71.9) · RR  31.3 ( 58.8) · RN  33.5 ( 67.4) · AR  33.0 ( 65.6) · AN  28.7 ( 63.8) · BL  32.0 ( 62.3) · GR  32.0 ( 74.0) · GW  31.8 ( 74.3) · GM  31.3 ( 71.7) · HY  31.0 ( 71.9)
B.16    d1 n 191 · keep   9.4 · MR   9.4 ( 24.0) · WA 127.9 (204.6) · WN   9.4 ( 24.0) · GN   9.4 ( 24.0) · RR   8.6 ( 21.6) · RN   8.6 ( 21.6) · AR   8.6 ( 21.6) · AN   8.4 ( 21.5) · BL   8.6 ( 21.6) · GR   9.5 ( 24.9) · GW   9.4 ( 25.0) · GM   9.4 ( 24.0) · HY   9.4 ( 24.0)
B.16    d2 n 191 · keep  15.7 · MR  15.6 ( 42.6) · WA 127.3 (197.8) · WN  15.7 ( 42.7) · GN  15.7 ( 42.7) · RR  16.5 ( 33.6) · RN  16.5 ( 33.6) · AR  16.5 ( 33.6) · AN  15.4 ( 35.0) · BL  16.5 ( 33.6) · GR  15.6 ( 41.4) · GW  15.5 ( 41.3) · GM  15.6 ( 42.6) · HY  15.7 ( 42.7)
B.16    d3 n 191 · keep  21.2 · MR  20.7 ( 55.0) · WA 128.9 (203.7) · WN  26.2 ( 64.0) · GN  21.3 ( 56.4) · RR  22.8 ( 50.2) · RN  22.7 ( 50.2) · AR  27.5 ( 52.5) · AN  20.2 ( 44.9) · BL  25.1 ( 51.3) · GR  21.3 ( 57.1) · GW  21.1 ( 57.3) · GM  20.8 ( 56.9) · HY  21.3 ( 56.4)
B.16    d4 n 191 · keep  25.9 · MR  25.1 ( 57.2) · WA 129.2 (201.2) · WN  32.2 ( 82.0) · GN  25.9 ( 61.5) · RR  28.4 ( 59.8) · RN  28.3 ( 57.0) · AR  33.5 ( 67.9) · AN  24.5 ( 55.2) · BL  30.8 ( 61.8) · GR  25.8 ( 66.9) · GW  25.6 ( 65.8) · GM  25.1 ( 62.5) · HY  25.9 ( 61.5)
B.16    d5 n 190 · keep  28.7 · MR  27.8 ( 71.8) · WA 133.4 (201.5) · WN  39.2 ( 97.2) · GN  28.7 ( 75.8) · RR  31.7 ( 67.3) · RN  32.3 ( 64.1) · AR  40.0 ( 72.8) · AN  27.8 ( 65.3) · BL  35.7 ( 70.1) · GR  28.6 ( 78.3) · GW  28.5 ( 77.1) · GM  27.8 ( 71.4) · HY  28.7 ( 75.8)
B.16    d6 n 190 · keep  31.2 · MR  30.4 ( 77.6) · WA 133.8 (197.4) · WN  48.2 (116.9) · GN  31.4 ( 81.6) · RR  35.8 ( 76.7) · RN  36.7 ( 72.4) · AR  49.3 ( 82.2) · AN  30.4 ( 69.2) · BL  42.3 ( 76.8) · GR  31.6 ( 80.2) · GW  31.5 ( 82.1) · GM  30.4 ( 78.2) · HY  31.4 ( 81.6)
B.16    d7 n 190 · keep  33.1 · MR  32.5 ( 77.5) · WA 129.7 (196.0) · WN  55.9 (128.5) · GN  33.0 ( 83.3) · RR  37.0 ( 73.5) · RN  39.3 ( 75.9) · AR  54.8 ( 86.6) · AN  32.0 ( 67.3) · BL  45.7 ( 78.3) · GR  33.7 ( 91.1) · GW  33.6 ( 92.3) · GM  32.0 ( 81.6) · HY  33.0 ( 83.3)
B.15    d1 n 201 · keep   7.3 · MR   7.3 ( 17.2) · WA  75.6 (147.3) · WN   7.3 ( 16.7) · GN   7.3 ( 16.7) · RR   6.9 ( 15.1) · RN   6.9 ( 15.1) · AR   6.9 ( 15.1) · AN   7.0 ( 14.8) · BL   6.9 ( 15.1) · GR   7.2 ( 16.4) · GW   7.2 ( 16.6) · GM   7.3 ( 17.2) · HY   7.3 ( 16.7)
B.15    d2 n 201 · keep  11.5 · MR  11.6 ( 29.0) · WA  75.1 (147.2) · WN  11.5 ( 28.6) · GN  11.5 ( 28.6) · RR  10.9 ( 22.9) · RN  10.9 ( 22.9) · AR  10.9 ( 22.9) · AN  11.2 ( 23.8) · BL  10.9 ( 22.9) · GR  11.4 ( 24.8) · GW  11.4 ( 24.6) · GM  11.6 ( 29.0) · HY  11.5 ( 28.6)
B.15    d3 n 201 · keep  14.7 · MR  14.7 ( 35.6) · WA  74.5 (147.0) · WN  17.1 ( 40.2) · GN  14.7 ( 34.3) · RR  14.1 ( 29.2) · RN  14.2 ( 29.3) · AR  14.8 ( 30.8) · AN  13.5 ( 29.0) · BL  14.5 ( 30.0) · GR  14.2 ( 32.1) · GW  14.2 ( 32.0) · GM  14.6 ( 34.4) · HY  14.7 ( 34.3)
B.15    d4 n 201 · keep  17.3 · MR  17.1 ( 39.0) · WA  74.5 (148.2) · WN  21.2 ( 50.0) · GN  17.3 ( 39.1) · RR  16.6 ( 33.9) · RN  16.6 ( 34.0) · AR  17.4 ( 35.8) · AN  15.8 ( 31.4) · BL  16.9 ( 34.8) · GR  17.2 ( 39.8) · GW  17.2 ( 38.6) · GM  17.1 ( 39.0) · HY  17.3 ( 39.1)
B.15    d5 n 200 · keep  19.4 · MR  19.3 ( 42.5) · WA  76.6 (149.5) · WN  26.4 ( 70.6) · GN  19.4 ( 42.6) · RR  18.4 ( 38.9) · RN  18.6 ( 38.3) · AR  20.1 ( 42.8) · AN  17.8 ( 35.8) · BL  19.1 ( 39.8) · GR  19.6 ( 40.9) · GW  19.5 ( 41.7) · GM  19.3 ( 42.2) · HY  19.4 ( 42.6)
B.15    d6 n 199 · keep  20.7 · MR  21.1 ( 49.9) · WA  75.5 (146.5) · WN  31.1 ( 77.9) · GN  20.8 ( 49.5) · RR  20.2 ( 41.8) · RN  20.8 ( 42.8) · AR  22.1 ( 44.9) · AN  18.9 ( 39.7) · BL  20.9 ( 41.3) · GR  21.2 ( 45.1) · GW  21.2 ( 45.6) · GM  21.0 ( 50.0) · HY  20.8 ( 49.5)
B.15    d7 n 200 · keep  21.5 · MR  22.6 ( 49.8) · WA  76.7 (152.9) · WN  35.0 ( 92.0) · GN  21.8 ( 45.1) · RR  21.8 ( 43.1) · RN  22.7 ( 43.6) · AR  23.5 ( 47.3) · AN  19.8 ( 40.0) · BL  22.4 ( 45.3) · GR  22.2 ( 50.5) · GW  22.2 ( 51.4) · GM  22.4 ( 47.1) · HY  21.8 ( 45.1)
PCH001  d1 n 123 · keep   9.9 · MR  10.2 ( 26.3) · WA 107.7 (186.6) · WN   9.9 ( 27.0) · GN   9.9 ( 27.0) · RR  10.2 ( 24.1) · RN  10.2 ( 24.1) · AR  10.2 ( 24.1) · AN   9.0 ( 23.5) · BL  10.2 ( 24.1) · GR   9.8 ( 24.8) · GW   9.7 ( 24.4) · GM  10.2 ( 26.3) · HY   9.9 ( 27.0)
PCH001  d2 n 123 · keep  16.3 · MR  17.1 ( 45.5) · WA 105.3 (183.8) · WN  16.3 ( 41.6) · GN  16.3 ( 41.6) · RR  17.3 ( 38.1) · RN  17.3 ( 38.1) · AR  17.3 ( 38.1) · AN  15.6 ( 40.9) · BL  17.3 ( 38.1) · GR  15.9 ( 43.5) · GW  15.8 ( 45.0) · GM  17.1 ( 45.5) · HY  16.3 ( 41.6)
PCH001  d3 n 123 · keep  21.3 · MR  22.8 ( 61.5) · WA 104.7 (180.8) · WN  26.2 ( 69.6) · GN  21.4 ( 55.9) · RR  23.1 ( 49.4) · RN  23.0 ( 49.8) · AR  24.3 ( 52.0) · AN  20.6 ( 53.9) · BL  23.6 ( 50.1) · GR  21.3 ( 55.2) · GW  20.9 ( 55.5) · GM  22.9 ( 61.5) · HY  21.4 ( 55.9)
PCH001  d4 n 123 · keep  25.6 · MR  27.5 ( 67.6) · WA 106.9 (187.0) · WN  33.7 ( 90.9) · GN  25.7 ( 63.2) · RR  27.4 ( 58.5) · RN  27.1 ( 58.2) · AR  28.5 ( 61.1) · AN  25.0 ( 60.4) · BL  27.9 ( 59.3) · GR  25.5 ( 70.4) · GW  25.1 ( 68.0) · GM  27.5 ( 67.6) · HY  25.7 ( 63.2)
PCH001  d5 n 123 · keep  28.0 · MR  30.2 ( 66.9) · WA 110.0 (189.5) · WN  41.0 (113.2) · GN  28.2 ( 65.4) · RR  30.7 ( 61.0) · RN  31.0 ( 60.3) · AR  33.4 ( 69.2) · AN  28.4 ( 59.2) · BL  31.9 ( 61.2) · GR  28.6 ( 72.1) · GW  27.7 ( 67.9) · GM  30.1 ( 68.3) · HY  28.2 ( 65.4)
PCH001  d6 n 123 · keep  29.0 · MR  31.8 ( 77.6) · WA 111.2 (187.8) · WN  45.5 (127.6) · GN  29.6 ( 71.3) · RR  33.2 ( 61.5) · RN  33.8 ( 64.2) · AR  36.3 ( 69.9) · AN  30.0 ( 64.9) · BL  34.5 ( 65.8) · GR  30.6 ( 77.6) · GW  29.7 ( 75.7) · GM  31.8 ( 78.2) · HY  29.6 ( 71.3)
PCH001  d7 n 123 · keep  29.4 · MR  33.1 ( 74.1) · WA 111.9 (188.9) · WN  51.0 (133.9) · GN  30.0 ( 68.9) · RR  33.2 ( 62.6) · RN  34.9 ( 72.2) · AR  36.8 ( 76.5) · AN  30.6 ( 63.4) · BL  34.7 ( 63.9) · GR  31.0 ( 83.6) · GW  30.2 ( 79.5) · GM  32.6 ( 74.4) · HY  30.0 ( 68.9)
coefficients (last fit): {"B.18": {"1": {"g_cm_per_cms": 1.56, "gamma_cm_per_mm": 0.05, "rho": 0.02}, "2": {"g_cm_per_cms": 1.977, "gamma_cm_per_mm": 0.032, "rho": 0.048}, "3": {"g_cm_per_cms": 2.05, "gamma_cm_per_mm": 0.02, "rho": 0.054}, "4": {"g_cm_per_cms": 1.96, "gamma_cm_per_mm": 0.018, "rho": 0.087}, "5": {"g_cm_per_cms": 2.062, "gamma_cm_per_mm": 0.009, "rho": 0.1}, "6": {"g_cm_per_cms": 1.995, "gamma_cm_per_mm": 0.007, "rho": 0.141}, "7": {"g_cm_per_cms": 1.935, "gamma_cm_per_mm": 0.004, "rho": 0.131}}, "B.10": {"1": {"g_cm_per_cms": 0.0, "gamma_cm_per_mm": 0.247, "rho": -0.032}, "2": {"g_cm_per_cms": -0.222, "gamma_cm_per_mm": 0.288, "rho": -0.013}, "3": {"g_cm_per_cms": 0.132, "gamma_cm_per_mm": 0.303, "rho": 0.027}, "4": {"g_cm_per_cms": 0.313, "gamma_cm_per_mm": 0.303, "rho": 0.05}, "5": {"g_cm_per_cms": 0.457, "gamma_cm_per_mm": 0.285, "rho": 0.046}, "6": {"g_cm_per_cms": 0.628, "gamma_cm_per_mm": 0.264, "rho": 0.018}, "7": {"g_cm_per_cms": 0.912, "gamma_cm_per_mm": 0.243, "rho": -0.026}}, "B.16": {"1": {"g_cm_per_cms": 0.0, "gamma_cm_per_mm": 0.249, "rho": 0.003}, "2": {"g_cm_per_cms": 0.0, "gamma_cm_per_mm": 0.292, "rho": 0.032}, "3": {"g_cm_per_cms": 0.575, "gamma_cm_per_mm": 0.297, "rho": 0.063}, "4": {"g_cm_per_cms": 0.652, "gamma_cm_per_mm": 0.284, "rho": 0.1}, "5": {"g_cm_per_cms": 0.811, "gamma_cm_per_mm": 0.261, "rho": 0.114}, "6": {"g_cm_per_cms": 0.895, "gamma_cm_per_mm": 0.237, "rho": 0.117}, "7": {"g_cm_per_cms": 0.939, "gamma_cm_per_mm": 0.224, "rho": 0.104}}, "B.15": {"1": {"g_cm_per_cms": 0.0, "gamma_cm_per_mm": 0.197, "rho": -0.023}, "2": {"g_cm_per_cms": 0.0, "gamma_cm_per_mm": 0.221, "rho": -0.016}, "3": {"g_cm_per_cms": -0.143, "gamma_cm_per_mm": 0.236, "rho": 0.008}, "4": {"g_cm_per_cms": -0.021, "gamma_cm_per_mm": 0.239, "rho": 0.029}, "5": {"g_cm_per_cms": 0.07, "gamma_cm_per_mm": 0.234, "rho": 0.014}, "6": {"g_cm_per_cms": 0.204, "gamma_cm_per_mm": 0.219, "rho": -0.029}, "7": {"g_cm_per_cms": 0.355, "gamma_cm_per_mm": 0.206, "rho": -0.084}}, "PCH001": {"1": {"g_cm_per_cms": 0.0, "gamma_cm_per_mm": 0.346, "rho": -0.086}, "2": {"g_cm_per_cms": 0.0, "gamma_cm_per_mm": 0.38, "rho": -0.133}, "3": {"g_cm_per_cms": 0.133, "gamma_cm_per_mm": 0.4, "rho": -0.154}, "4": {"g_cm_per_cms": 0.25, "gamma_cm_per_mm": 0.398, "rho": -0.168}, "5": {"g_cm_per_cms": 0.391, "gamma_cm_per_mm": 0.382, "rho": -0.193}, "6": {"g_cm_per_cms": 0.585, "gamma_cm_per_mm": 0.356, "rho": -0.216}, "7": {"g_cm_per_cms": 0.74, "gamma_cm_per_mm": 0.329, "rho": -0.254}}}
per-point pick B.18: sample 1 → GM, sample 2 → GM (agree)
per-point pick B.10: sample 1 → GW, sample 2 → AN
per-point pick B.16: sample 1 → AN, sample 2 → AN (agree)
per-point pick B.15: sample 1 → RR, sample 2 → AN
per-point pick PCH001: sample 1 → GW, sample 2 → GW (agree)

release-aware pick on sample 1: GW {'WA': 901.7979471893307, 'WN': 351.0065773194746, 'GN': 234.70133200002064, 'RR': 267.90476768798004, 'AR': 285.74232213007707, 'AN': 244.72349541895773, 'BL': 270.4037862086405, 'GR': 232.6999880032878, 'GW': 231.93018294469778, 'GM': 264.2518831392796, 'HY': 238.44734832949652} · on sample 2: AN {'WA': 892.946260093235, 'WN': 301.972514769871, 'GN': 213.86141891152445, 'RR': 226.52420552023025, 'AR': 259.38183689660804, 'AN': 212.12576803145308, 'BL': 240.52390831967276, 'GR': 216.3816753162596, 'GW': 214.52307186918605, 'GM': 216.408847958335, 'HY': 215.34567665643746}
picked on 1, scored on 2: GW day 1: summed MAE 40.1 cm vs production chain 440.0 (-91 %) vs keep 40.8 (-2 %)
picked on 1, scored on 2: GW day 3: summed MAE 84.4 cm vs production chain 438.4 (-81 %) vs keep 89.5 (-6 %)
picked on 1, scored on 2: GW day 5: summed MAE 113.6 cm vs production chain 454.6 (-75 %) vs keep 120.9 (-6 %)
picked on 1, scored on 2: GW day 7: summed MAE 130.1 cm vs production chain 454.5 (-71 %) vs keep 135.8 (-4 %)
picked on 2, scored on 1: AN day 1: summed MAE 47.4 cm vs production chain 427.0 (-89 %) vs keep 48.0 (-1 %)
picked on 2, scored on 1: AN day 3: summed MAE 103.8 cm vs production chain 436.6 (-76 %) vs keep 104.8 (-1 %)
picked on 2, scored on 1: AN day 5: summed MAE 132.5 cm vs production chain 449.7 (-71 %) vs keep 133.0 (-0 %)
picked on 2, scored on 1: AN day 7: summed MAE 140.9 cm vs production chain 465.2 (-70 %) vs keep 142.6 (-1 %)

=== OPERATIONAL second half (2026-08-17 … 2026-09-28; fits before 2026-07-06; forecast rain, 4-model mean): MAE cm (90 % abs error) per point and lead day
B.18    d1 n  40 · keep  16.5 · MR  16.9 ( 39.6) · WA  30.8 ( 66.9) · WN  15.8 ( 25.9) · GN  12.0 ( 28.0) · RR  18.7 ( 37.9) · RN  21.3 ( 42.9) · AR  20.6 ( 36.0) · AN  14.4 ( 29.4) · BL  19.6 ( 38.2) · GR  12.7 ( 28.2) · GW  15.4 ( 30.5) · GM  12.2 ( 28.6) · HY  15.8 ( 25.9)
B.18    d2 n  40 · keep  24.8 · MR  26.3 ( 56.9) · WA  33.0 ( 67.3) · WN  19.9 ( 38.3) · GN  15.8 ( 40.6) · RR  37.8 ( 82.7) · RN  32.2 ( 75.0) · AR  36.2 ( 96.9) · AN  18.2 ( 36.7) · BL  36.1 ( 83.3) · GR  17.0 ( 41.4) · GW  23.3 ( 48.7) · GM  15.6 ( 40.7) · HY  19.9 ( 38.3)
B.18    d3 n  40 · keep  29.0 · MR  32.6 ( 60.5) · WA  34.1 ( 66.0) · WN  19.8 ( 37.0) · GN  15.4 ( 41.5) · RR  39.3 ( 70.7) · RN  39.4 ( 78.3) · AR  36.8 ( 79.8) · AN  21.0 ( 43.5) · BL  36.2 ( 79.6) · GR  15.7 ( 40.6) · GW  20.0 ( 45.6) · GM  15.4 ( 39.4) · HY  19.8 ( 37.0)
B.18    d4 n  40 · keep  36.0 · MR  41.3 ( 70.3) · WA  35.3 ( 69.9) · WN  23.2 ( 36.4) · GN  19.1 ( 41.0) · RR  38.2 ( 72.6) · RN  51.4 ( 88.9) · AR  34.9 ( 75.1) · AN  23.8 ( 48.1) · BL  34.1 ( 72.8) · GR  19.5 ( 41.5) · GW  23.5 ( 51.1) · GM  18.9 ( 37.5) · HY  23.2 ( 36.4)
B.18    d5 n  40 · keep  43.7 · MR  48.7 ( 86.3) · WA  35.5 ( 81.6) · WN  24.7 ( 36.3) · GN  20.2 ( 27.4) · RR  32.6 ( 60.0) · RN  67.1 (107.5) · AR  31.7 ( 81.5) · AN  26.1 ( 44.6) · BL  29.8 ( 66.8) · GR  20.8 ( 29.6) · GW  23.3 ( 35.1) · GM  19.3 ( 26.8) · HY  24.7 ( 36.3)
B.18    d6 n  40 · keep  46.9 · MR  53.4 ( 98.7) · WA  34.2 ( 55.1) · WN  24.0 ( 35.5) · GN  20.7 ( 30.8) · RR  29.8 ( 63.4) · RN  79.4 (124.0) · AR  27.9 ( 70.7) · AN  29.2 ( 61.0) · BL  25.7 ( 54.2) · GR  21.4 ( 29.3) · GW  23.7 ( 33.3) · GM  18.8 ( 32.5) · HY  24.0 ( 35.5)
B.18    d7 n  40 · keep  46.7 · MR  55.6 ( 98.5) · WA  32.9 ( 54.8) · WN  22.3 ( 38.1) · GN  23.3 ( 45.7) · RR  26.3 ( 47.3) · RN  91.5 (144.6) · AR  30.2 ( 71.0) · AN  28.8 ( 63.2) · BL  25.2 ( 51.1) · GR  23.7 ( 47.1) · GW  25.8 ( 47.6) · GM  21.0 ( 39.6) · HY  22.3 ( 38.1)
B.10    d1 n  43 · keep  20.4 · MR  22.3 ( 41.7) · WA  65.8 (170.5) · WN  20.4 ( 39.0) · GN  20.4 ( 39.0) · RR  38.2 ( 85.0) · RN  38.2 ( 85.0) · AR  38.2 ( 85.0) · AN  20.3 ( 35.7) · BL  38.2 ( 85.0) · GR  19.7 ( 37.1) · GW  22.8 ( 39.9) · GM  22.3 ( 41.7) · HY  20.4 ( 39.0)
B.10    d2 n  43 · keep  34.5 · MR  40.9 ( 81.5) · WA  75.4 (169.0) · WN  44.0 ( 78.8) · GN  35.3 ( 70.8) · RR  64.5 (137.9) · RN  66.0 (141.9) · AR  65.7 (145.3) · AN  32.6 ( 56.1) · BL  65.0 (141.6) · GR  31.9 ( 67.6) · GW  32.8 ( 70.6) · GM  42.0 ( 82.7) · HY  35.3 ( 70.8)
B.10    d3 n  43 · keep  42.7 · MR  54.6 (106.8) · WA  84.1 (170.3) · WN  59.4 (119.7) · GN  43.7 ( 82.3) · RR  84.0 (179.2) · RN  90.6 (190.8) · AR  96.4 (210.5) · AN  36.6 ( 76.2) · BL  90.2 (193.5) · GR  36.8 ( 74.3) · GW  35.6 ( 74.8) · GM  55.8 (108.3) · HY  43.7 ( 82.3)
B.10    d4 n  43 · keep  50.7 · MR  66.3 (109.9) · WA  92.4 (180.2) · WN  72.8 (130.9) · GN  53.1 ( 94.2) · RR  93.9 (231.0) · RN  99.4 (222.7) · AR 102.2 (244.3) · AN  44.9 ( 86.6) · BL  97.7 (237.1) · GR  44.7 ( 90.3) · GW  39.6 ( 82.4) · GM  68.8 (115.2) · HY  53.1 ( 94.2)
B.10    d5 n  43 · keep  58.6 · MR  75.9 (124.6) · WA  97.3 (169.2) · WN  83.0 (154.1) · GN  60.9 (111.9) · RR 112.5 (283.1) · RN 117.4 (272.0) · AR 111.8 (273.3) · AN  51.7 ( 97.0) · BL 111.5 (278.2) · GR  50.5 ( 95.1) · GW  43.8 ( 84.4) · GM  78.7 (130.7) · HY  60.9 (111.9)
B.10    d6 n  43 · keep  65.3 · MR  84.1 (147.6) · WA 102.5 (152.7) · WN  89.1 (157.1) · GN  68.4 (117.5) · RR 124.3 (284.7) · RN 128.5 (307.0) · AR 123.1 (314.4) · AN  58.3 (100.4) · BL 123.1 (299.4) · GR  57.5 (105.6) · GW  49.9 ( 99.7) · GM  87.6 (149.4) · HY  68.4 (117.5)
B.10    d7 n  43 · keep  68.8 · MR  90.1 (162.1) · WA 105.9 (183.1) · WN  89.1 (154.9) · GN  71.4 (117.9) · RR 110.1 (280.9) · RN 113.4 (288.7) · AR 105.4 (280.7) · AN  62.2 (106.1) · BL 107.2 (281.3) · GR  60.9 (109.8) · GW  54.5 (102.6) · GM  93.1 (163.6) · HY  71.4 (117.9)
B.16    d1 n  43 · keep  18.9 · MR  20.1 ( 36.5) · WA 116.3 (208.6) · WN  18.9 ( 35.4) · GN  18.9 ( 35.4) · RR  29.2 ( 72.1) · RN  29.2 ( 72.1) · AR  29.2 ( 72.1) · AN  16.8 ( 33.0) · BL  29.2 ( 72.1) · GR  18.0 ( 34.7) · GW  19.7 ( 37.0) · GM  20.1 ( 36.5) · HY  18.9 ( 35.4)
B.16    d2 n  43 · keep  30.1 · MR  34.0 ( 59.1) · WA 121.9 (221.6) · WN  43.4 ( 74.7) · GN  32.2 ( 59.8) · RR  43.5 ( 99.3) · RN  47.0 (104.2) · AR  48.6 (118.8) · AN  27.6 ( 49.8) · BL  43.8 (103.7) · GR  28.3 ( 60.1) · GW  28.7 ( 60.0) · GM  36.3 ( 66.4) · HY  32.2 ( 59.8)
B.16    d3 n  43 · keep  38.9 · MR  46.3 ( 87.0) · WA 116.7 (204.1) · WN  50.7 ( 83.6) · GN  40.7 ( 81.6) · RR  54.0 (109.5) · RN  63.8 (139.8) · AR 229.6 (525.4) · AN  33.4 ( 69.4) · BL 139.5 (321.0) · GR  34.0 ( 71.9) · GW  31.8 ( 71.1) · GM  48.2 ( 91.9) · HY  40.7 ( 81.6)
B.16    d4 n  43 · keep  47.0 · MR  55.9 ( 96.5) · WA 146.9 (221.0) · WN  87.6 (139.3) · GN  51.4 ( 91.1) · RR  63.6 (135.9) · RN  72.4 (155.9) · AR 329.6 (843.3) · AN  41.6 ( 80.0) · BL 193.7 (459.4) · GR  44.3 ( 82.2) · GW  38.5 ( 81.4) · GM  60.7 (114.8) · HY  51.4 ( 91.1)
B.16    d5 n  43 · keep  53.6 · MR  64.4 (103.0) · WA 147.4 (207.5) · WN  95.4 (146.9) · GN  60.0 (109.0) · RR  72.9 (157.1) · RN  82.9 (171.2) · AR 301.2 (808.9) · AN  47.5 ( 89.4) · BL 184.1 (451.5) · GR  51.5 (100.6) · GW  44.1 ( 93.9) · GM  71.2 (117.6) · HY  60.0 (109.0)
B.16    d6 n  43 · keep  58.1 · MR  70.3 (112.8) · WA 121.2 (198.1) · WN 112.5 (133.1) · GN  67.6 (113.7) · RR  81.3 (172.6) · RN  89.5 (195.3) · AR 256.6 (647.1) · AN  54.8 ( 99.0) · BL 165.7 (413.2) · GR  59.7 (107.4) · GW  52.9 (102.3) · GM  79.7 (122.2) · HY  67.6 (113.7)
B.16    d7 n  43 · keep  62.5 · MR  75.3 (124.0) · WA 125.4 (199.7) · WN 114.8 (135.4) · GN  71.0 (123.4) · RR  68.7 (145.1) · RN  77.6 (165.0) · AR 227.1 (515.8) · AN  60.5 ( 99.6) · BL 146.5 (357.5) · GR  64.2 (114.0) · GW  59.2 (106.6) · GM  85.1 (138.8) · HY  71.0 (123.4)
B.15    d1 n  43 · keep  12.1 · MR  13.8 ( 29.1) · WA  45.3 (102.1) · WN  12.1 ( 27.7) · GN  12.1 ( 27.7) · RR  12.5 ( 26.7) · RN  12.5 ( 26.7) · AR  12.5 ( 26.7) · AN  11.4 ( 22.8) · BL  12.5 ( 26.7) · GR  11.1 ( 26.2) · GW  11.4 ( 24.8) · GM  13.8 ( 29.1) · HY  12.1 ( 27.7)
B.15    d2 n  43 · keep  21.5 · MR  27.0 ( 57.2) · WA  47.5 (105.6) · WN  21.5 ( 46.4) · GN  21.5 ( 46.4) · RR  33.0 ( 74.3) · RN  33.0 ( 74.3) · AR  33.0 ( 74.3) · AN  18.8 ( 36.8) · BL  33.0 ( 74.3) · GR  19.4 ( 37.8) · GW  19.7 ( 42.8) · GM  27.0 ( 57.2) · HY  21.5 ( 46.4)
B.15    d3 n  43 · keep  28.1 · MR  37.0 ( 67.1) · WA  54.6 (104.3) · WN  32.5 ( 69.4) · GN  28.9 ( 65.7) · RR  56.1 (124.3) · RN  56.9 (127.7) · AR  52.9 (121.4) · AN  22.7 ( 58.4) · BL  54.3 (122.9) · GR  23.6 ( 60.5) · GW  23.1 ( 53.5) · GM  37.7 ( 71.0) · HY  28.9 ( 65.7)
B.15    d4 n  43 · keep  34.2 · MR  45.9 ( 88.7) · WA  55.6 ( 97.9) · WN  37.7 ( 79.7) · GN  36.1 ( 69.4) · RR  72.1 (169.3) · RN  73.7 (173.6) · AR  91.7 (213.0) · AN  29.1 ( 63.1) · BL  81.7 (190.1) · GR  28.8 ( 62.0) · GW  26.0 ( 58.7) · GM  47.9 ( 91.7) · HY  36.1 ( 69.4)
B.15    d5 n  43 · keep  40.0 · MR  54.3 (101.2) · WA  63.7 (121.9) · WN  48.2 ( 99.7) · GN  43.5 ( 78.4) · RR  88.0 (199.9) · RN  89.7 (200.8) · AR 118.5 (269.8) · AN  36.1 ( 65.2) · BL 103.2 (233.9) · GR  34.6 ( 69.6) · GW  28.5 ( 55.2) · GM  57.6 (110.9) · HY  43.5 ( 78.4)
B.15    d6 n  43 · keep  44.5 · MR  60.5 (111.3) · WA  66.6 (121.0) · WN  52.7 ( 92.1) · GN  48.5 ( 86.1) · RR  94.9 (239.8) · RN  97.4 (244.7) · AR 111.3 (248.6) · AN  40.5 ( 75.1) · BL 103.0 (229.4) · GR  38.8 ( 74.1) · GW  29.8 ( 69.9) · GM  64.7 (119.3) · HY  48.5 ( 86.1)
B.15    d7 n  43 · keep  48.6 · MR  65.8 (125.1) · WA  64.1 (109.0) · WN  53.9 ( 92.3) · GN  53.4 ( 96.3) · RR  91.0 (234.9) · RN  93.4 (239.1) · AR 104.6 (262.2) · AN  44.4 ( 87.9) · BL  97.7 (248.5) · GR  44.1 ( 80.4) · GW  34.2 ( 69.3) · GM  70.9 (129.4) · HY  53.4 ( 96.3)
PCH001  d1 n  43 · keep  16.0 · MR  17.2 ( 34.5) · WA  54.9 (129.0) · WN  16.0 ( 31.2) · GN  16.0 ( 31.2) · RR  20.6 ( 43.1) · RN  20.6 ( 43.1) · AR  20.6 ( 43.1) · AN  15.9 ( 29.8) · BL  20.6 ( 43.1) · GR  16.0 ( 31.2) · GW  16.0 ( 31.2) · GM  17.2 ( 34.5) · HY  16.0 ( 31.2)
PCH001  d2 n  43 · keep  27.0 · MR  32.0 ( 63.0) · WA  52.4 (113.6) · WN  27.0 ( 47.7) · GN  27.0 ( 47.7) · RR  48.4 (103.1) · RN  48.4 (103.1) · AR  48.4 (103.1) · AN  26.7 ( 49.0) · BL  48.4 (103.1) · GR  26.7 ( 46.8) · GW  27.0 ( 47.7) · GM  32.0 ( 63.0) · HY  27.0 ( 47.7)
PCH001  d3 n  43 · keep  35.5 · MR  43.9 ( 84.8) · WA  60.7 (117.8) · WN  41.7 ( 76.9) · GN  35.6 ( 74.6) · RR  61.2 (133.2) · RN  61.3 (133.1) · AR  67.6 (144.4) · AN  35.8 ( 76.3) · BL  64.4 (138.8) · GR  34.0 ( 71.6) · GW  35.6 ( 74.6) · GM  44.0 ( 84.8) · HY  35.6 ( 74.6)
PCH001  d4 n  43 · keep  43.0 · MR  53.1 ( 91.9) · WA  64.3 (116.0) · WN  52.0 ( 99.6) · GN  43.0 ( 80.2) · RR  66.5 (151.6) · RN  66.9 (149.8) · AR  68.3 (154.3) · AN  46.0 ( 85.2) · BL  67.0 (152.8) · GR  41.4 ( 78.4) · GW  43.0 ( 80.2) · GM  53.1 ( 92.1) · HY  43.0 ( 80.2)
PCH001  d5 n  43 · keep  49.7 · MR  61.6 (101.8) · WA  69.4 (111.8) · WN  59.6 (112.1) · GN  49.6 ( 87.0) · RR  67.9 (153.4) · RN  70.0 (159.2) · AR  70.2 (158.5) · AN  53.4 ( 93.7) · BL  68.8 (155.6) · GR  48.7 ( 85.2) · GW  49.6 ( 87.0) · GM  61.5 (101.7) · HY  49.6 ( 87.0)
PCH001  d6 n  43 · keep  55.0 · MR  67.4 (110.2) · WA  74.8 (119.7) · WN  65.9 (117.6) · GN  54.4 ( 91.2) · RR  74.3 (181.5) · RN  78.1 (190.7) · AR  77.8 (194.2) · AN  60.2 ( 94.3) · BL  75.8 (187.5) · GR  54.4 ( 91.2) · GW  54.4 ( 91.2) · GM  66.7 (108.4) · HY  54.4 ( 91.2)
PCH001  d7 n  43 · keep  59.4 · MR  72.0 (119.8) · WA  74.8 (116.3) · WN  69.4 (113.7) · GN  58.0 ( 93.3) · RR  77.4 (188.4) · RN  83.8 (195.4) · AR  78.6 (199.2) · AN  66.4 (115.7) · BL  77.6 (195.6) · GR  58.0 ( 93.3) · GW  58.0 ( 93.3) · GM  70.5 (117.6) · HY  58.0 ( 93.3)
operational coefficients: {"B.18": {"1": {"g_cm_per_cms": 1.425, "gamma_cm_per_mm": 0.069, "rho": 0.012}, "2": {"g_cm_per_cms": 1.972, "gamma_cm_per_mm": 0.078, "rho": 0.019}, "3": {"g_cm_per_cms": 2.126, "gamma_cm_per_mm": 0.043, "rho": 0.037}, "4": {"g_cm_per_cms": 2.232, "gamma_cm_per_mm": 0.035, "rho": 0.056}, "5": {"g_cm_per_cms": 2.298, "gamma_cm_per_mm": 0.023, "rho": 0.078}, "6": {"g_cm_per_cms": 2.357, "gamma_cm_per_mm": 0.015, "rho": 0.09}, "7": {"g_cm_per_cms": 2.42, "gamma_cm_per_mm": 0.009, "rho": 0.105}}, "B.10": {"1": {"g_cm_per_cms": 0.0, "gamma_cm_per_mm": 0.16, "rho": 0.078}, "2": {"g_cm_per_cms": -0.552, "gamma_cm_per_mm": 0.173, "rho": 0.242}, "3": {"g_cm_per_cms": -0.392, "gamma_cm_per_mm": 0.172, "rho": 0.395}, "4": {"g_cm_per_cms": -0.402, "gamma_cm_per_mm": 0.144, "rho": 0.533}, "5": {"g_cm_per_cms": -0.309, "gamma_cm_per_mm": 0.138, "rho": 0.634}, "6": {"g_cm_per_cms": -0.283, "gamma_cm_per_mm": 0.118, "rho": 0.706}, "7": {"g_cm_per_cms": -0.197, "gamma_cm_per_mm": 0.099, "rho": 0.74}}, "B.16": {"1": {"g_cm_per_cms": 0.0, "gamma_cm_per_mm": 0.128, "rho": 0.05}, "2": {"g_cm_per_cms": -1.35, "gamma_cm_per_mm": 0.155, "rho": 0.164}, "3": {"g_cm_per_cms": -1.001, "gamma_cm_per_mm": 0.142, "rho": 0.272}, "4": {"g_cm_per_cms": -0.924, "gamma_cm_per_mm": 0.116, "rho": 0.366}, "5": {"g_cm_per_cms": -0.846, "gamma_cm_per_mm": 0.104, "rho": 0.437}, "6": {"g_cm_per_cms": -0.818, "gamma_cm_per_mm": 0.081, "rho": 0.488}, "7": {"g_cm_per_cms": -0.717, "gamma_cm_per_mm": 0.062, "rho": 0.515}}, "B.15": {"1": {"g_cm_per_cms": 0.0, "gamma_cm_per_mm": 0.099, "rho": 0.083}, "2": {"g_cm_per_cms": 0.0, "gamma_cm_per_mm": 0.126, "rho": 0.213}, "3": {"g_cm_per_cms": -0.47, "gamma_cm_per_mm": 0.134, "rho": 0.352}, "4": {"g_cm_per_cms": -0.434, "gamma_cm_per_mm": 0.127, "rho": 0.495}, "5": {"g_cm_per_cms": -0.469, "gamma_cm_per_mm": 0.116, "rho": 0.598}, "6": {"g_cm_per_cms": -0.467, "gamma_cm_per_mm": 0.104, "rho": 0.67}, "7": {"g_cm_per_cms": -0.425, "gamma_cm_per_mm": 0.087, "rho": 0.709}}, "PCH001": {"1": {"g_cm_per_cms": 0.0, "gamma_cm_per_mm": 0.0, "rho": 0.046}, "2": {"g_cm_per_cms": 0.0, "gamma_cm_per_mm": 0.01, "rho": 0.171}, "3": {"g_cm_per_cms": -0.115, "gamma_cm_per_mm": 0.031, "rho": 0.29}, "4": {"g_cm_per_cms": -0.007, "gamma_cm_per_mm": 0.025, "rho": 0.385}, "5": {"g_cm_per_cms": 0.017, "gamma_cm_per_mm": 0.011, "rho": 0.45}, "6": {"g_cm_per_cms": 0.08, "gamma_cm_per_mm": 0.0, "rho": 0.483}, "7": {"g_cm_per_cms": 0.124, "gamma_cm_per_mm": 0.0, "rho": 0.478}}}

operational: release-aware pick on the first half: GR
operational day 1: GR summed MAE 77.6 cm · production chain 313.1 (-75 %) · keep 83.9
operational day 2: GR summed MAE 123.2 cm · production chain 330.2 (-63 %) · keep 137.9
operational day 3: GR summed MAE 144.1 cm · production chain 350.2 (-59 %) · keep 174.3
operational day 4: GR summed MAE 178.7 cm · production chain 394.4 (-55 %) · keep 210.9
operational day 5: GR summed MAE 206.0 cm · production chain 413.3 (-50 %) · keep 245.7
operational day 6: GR summed MAE 231.8 cm · production chain 399.3 (-42 %) · keep 269.8
operational day 7: GR summed MAE 251.0 cm · production chain 403.1 (-38 %) · keep 285.9
operational HY day 1: summed MAE 83.2 cm · vs keep -1 % · vs production chain -73 %
operational HY day 3: summed MAE 168.8 cm · vs keep -3 % · vs production chain -52 %
operational HY day 5: summed MAE 238.6 cm · vs keep -3 % · vs production chain -42 %
operational HY day 7: summed MAE 276.1 cm · vs keep -3 % · vs production chain -32 %
operational GN day 1: summed MAE 79.4 cm · vs keep -5 % · vs production chain -75 %
operational GN day 3: summed MAE 164.4 cm · vs keep -6 % · vs production chain -53 %
operational GN day 5: summed MAE 234.2 cm · vs keep -5 % · vs production chain -43 %
operational GN day 7: summed MAE 277.1 cm · vs keep -3 % · vs production chain -31 %
operational GR day 1: summed MAE 77.6 cm · vs keep -8 % · vs production chain -75 %
operational GR day 3: summed MAE 144.1 cm · vs keep -17 % · vs production chain -59 %
operational GR day 5: summed MAE 206.0 cm · vs keep -16 % · vs production chain -50 %
operational GR day 7: summed MAE 251.0 cm · vs keep -12 % · vs production chain -38 %
operational GW day 1: summed MAE 85.3 cm · vs keep +2 % · vs production chain -73 %
operational GW day 3: summed MAE 146.1 cm · vs keep -16 % · vs production chain -58 %
operational GW day 5: summed MAE 189.3 cm · vs keep -23 % · vs production chain -54 %
operational GW day 7: summed MAE 231.7 cm · vs keep -19 % · vs production chain -43 %
operational GM day 1: summed MAE 85.7 cm · vs keep +2 % · vs production chain -73 %
operational GM day 3: summed MAE 201.1 cm · vs keep +15 % · vs production chain -43 %
operational GM day 5: summed MAE 288.3 cm · vs keep +17 % · vs production chain -30 %
operational GM day 7: summed MAE 340.6 cm · vs keep +19 % · vs production chain -16 %
operational WN day 1: summed MAE 83.2 cm · vs keep -1 % · vs production chain -73 %
operational WN day 3: summed MAE 204.1 cm · vs keep +17 % · vs production chain -42 %
operational WN day 5: summed MAE 310.9 cm · vs keep +27 % · vs production chain -25 %
operational WN day 7: summed MAE 349.6 cm · vs keep +22 % · vs production chain -13 %
MARGINS_JSON {"picked": "GR", "per_point": {"B.18": {"1": {"keep": [16.5, 38.4], "WA": [30.8, 66.9], "WN": [15.8, 25.9], "GN": [12.0, 28.0], "GR": [12.7, 28.2], "HY": [15.8, 25.9]}, "2": {"keep": [24.8, 56.9], "WA": [33.0, 67.3], "WN": [19.9, 38.3], "GN": [15.8, 40.6], "GR": [17.0, 41.4], "HY": [19.9, 38.3]}, "3": {"keep": [29.0, 55.7], "WA": [34.1, 66.0], "WN": [19.8, 37.0], "GN": [15.4, 41.5], "GR": [15.7, 40.6], "HY": [19.8, 37.0]}, "4": {"keep": [36.0, 67.3], "WA": [35.3, 69.9], "WN": [23.2, 36.4], "GN": [19.1, 41.0], "GR": [19.5, 41.5], "HY": [23.2, 36.4]}, "5": {"keep": [43.7, 96.0], "WA": [35.5, 81.6], "WN": [24.7, 36.3], "GN": [20.2, 27.4], "GR": [20.8, 29.6], "HY": [24.7, 36.3]}, "6": {"keep": [46.9, 102.4], "WA": [34.2, 55.1], "WN": [24.0, 35.5], "GN": [20.7, 30.8], "GR": [21.4, 29.3], "HY": [24.0, 35.5]}, "7": {"keep": [46.7, 99.3], "WA": [32.9, 54.8], "WN": [22.3, 38.1], "GN": [23.3, 45.7], "GR": [23.7, 47.1], "HY": [22.3, 38.1]}}, "B.10": {"1": {"keep": [20.4, 39.0], "WA": [65.8, 170.5], "WN": [20.4, 39.0], "GN": [20.4, 39.0], "GR": [19.7, 37.1], "HY": [20.4, 39.0]}, "2": {"keep": [34.5, 64.9], "WA": [75.4, 169.0], "WN": [44.0, 78.8], "GN": [35.3, 70.8], "GR": [31.9, 67.6], "HY": [35.3, 70.8]}, "3": {"keep": [42.7, 82.0], "WA": [84.1, 170.3], "WN": [59.4, 119.7], "GN": [43.7, 82.3], "GR": [36.8, 74.3], "HY": [43.7, 82.3]}, "4": {"keep": [50.7, 92.6], "WA": [92.4, 180.2], "WN": [72.8, 130.9], "GN": [53.1, 94.2], "GR": [44.7, 90.3], "HY": [53.1, 94.2]}, "5": {"keep": [58.6, 111.0], "WA": [97.3, 169.2], "WN": [83.0, 154.1], "GN": [60.9, 111.9], "GR": [50.5, 95.1], "HY": [60.9, 111.9]}, "6": {"keep": [65.3, 112.1], "WA": [102.5, 152.7], "WN": [89.1, 157.1], "GN": [68.4, 117.5], "GR": [57.5, 105.6], "HY": [68.4, 117.5]}, "7": {"keep": [68.8, 115.2], "WA": [105.9, 183.1], "WN": [89.1, 154.9], "GN": [71.4, 117.9], "GR": [60.9, 109.8], "HY": [71.4, 117.9]}}, "B.16": {"1": {"keep": [18.9, 35.4], "WA": [116.3, 208.6], "WN": [18.9, 35.4], "GN": [18.9, 35.4], "GR": [18.0, 34.7], "HY": [18.9, 35.4]}, "2": {"keep": [30.1, 56.5], "WA": [121.9, 221.6], "WN": [43.4, 74.7], "GN": [32.2, 59.8], "GR": [28.3, 60.1], "HY": [32.2, 59.8]}, "3": {"keep": [38.9, 75.4], "WA": [116.7, 204.1], "WN": [50.7, 83.6], "GN": [40.7, 81.6], "GR": [34.0, 71.9], "HY": [40.7, 81.6]}, "4": {"keep": [47.0, 84.8], "WA": [146.9, 221.0], "WN": [87.6, 139.3], "GN": [51.4, 91.1], "GR": [44.3, 82.2], "HY": [51.4, 91.1]}, "5": {"keep": [53.6, 103.2], "WA": [147.4, 207.5], "WN": [95.4, 146.9], "GN": [60.0, 109.0], "GR": [51.5, 100.6], "HY": [60.0, 109.0]}, "6": {"keep": [58.1, 101.4], "WA": [121.2, 198.1], "WN": [112.5, 133.1], "GN": [67.6, 113.7], "GR": [59.7, 107.4], "HY": [67.6, 113.7]}, "7": {"keep": [62.5, 102.3], "WA": [125.4, 199.7], "WN": [114.8, 135.4], "GN": [71.0, 123.4], "GR": [64.2, 114.0], "HY": [71.0, 123.4]}}, "B.15": {"1": {"keep": [12.1, 27.7], "WA": [45.3, 102.1], "WN": [12.1, 27.7], "GN": [12.1, 27.7], "GR": [11.1, 26.2], "HY": [12.1, 27.7]}, "2": {"keep": [21.5, 46.4], "WA": [47.5, 105.6], "WN": [21.5, 46.4], "GN": [21.5, 46.4], "GR": [19.4, 37.8], "HY": [21.5, 46.4]}, "3": {"keep": [28.1, 63.3], "WA": [54.6, 104.3], "WN": [32.5, 69.4], "GN": [28.9, 65.7], "GR": [23.6, 60.5], "HY": [28.9, 65.7]}, "4": {"keep": [34.2, 63.7], "WA": [55.6, 97.9], "WN": [37.7, 79.7], "GN": [36.1, 69.4], "GR": [28.8, 62.0], "HY": [36.1, 69.4]}, "5": {"keep": [40.0, 72.8], "WA": [63.7, 121.9], "WN": [48.2, 99.7], "GN": [43.5, 78.4], "GR": [34.6, 69.6], "HY": [43.5, 78.4]}, "6": {"keep": [44.5, 84.7], "WA": [66.6, 121.0], "WN": [52.7, 92.1], "GN": [48.5, 86.1], "GR": [38.8, 74.1], "HY": [48.5, 86.1]}, "7": {"keep": [48.6, 88.9], "WA": [64.1, 109.0], "WN": [53.9, 92.3], "GN": [53.4, 96.3], "GR": [44.1, 80.4], "HY": [53.4, 96.3]}}, "PCH001": {"1": {"keep": [16.0, 31.2], "WA": [54.9, 129.0], "WN": [16.0, 31.2], "GN": [16.0, 31.2], "GR": [16.0, 31.2], "HY": [16.0, 31.2]}, "2": {"keep": [27.0, 47.7], "WA": [52.4, 113.6], "WN": [27.0, 47.7], "GN": [27.0, 47.7], "GR": [26.7, 46.8], "HY": [27.0, 47.7]}, "3": {"keep": [35.5, 74.6], "WA": [60.7, 117.8], "WN": [41.7, 76.9], "GN": [35.6, 74.6], "GR": [34.0, 71.6], "HY": [35.6, 74.6]}, "4": {"keep": [43.0, 80.2], "WA": [64.3, 116.0], "WN": [52.0, 99.6], "GN": [43.0, 80.2], "GR": [41.4, 78.4], "HY": [43.0, 80.2]}, "5": {"keep": [49.7, 87.2], "WA": [69.4, 111.8], "WN": [59.6, 112.1], "GN": [49.6, 87.0], "GR": [48.7, 85.2], "HY": [49.6, 87.0]}, "6": {"keep": [55.0, 92.7], "WA": [74.8, 119.7], "WN": [65.9, 117.6], "GN": [54.4, 91.2], "GR": [54.4, 91.2], "HY": [54.4, 91.2]}, "7": {"keep": [59.4, 94.2], "WA": [74.8, 116.3], "WN": [69.4, 113.7], "GN": [58.0, 93.3], "GR": [58.0, 93.3], "HY": [58.0, 93.3]}}}}
SUMMARY_JSON {"s1": {"B.18": {"1": {"keep": [7.5, 19.4], "MR": [7.5, 19.3], "WA": [47.0, 76.3], "WN": [6.9, 18.0], "GN": [7.1, 18.4], "RR": [7.6, 17.9], "RN": [8.9, 20.9], "AR": [7.6, 18.3], "AN": [7.5, 19.0], "BL": [7.6, 18.0], "GR": [7.1, 17.7], "GW": [7.1, 17.7], "GM": [7.1, 18.1], "HY": [6.9, 18.0]}, "2": {"keep": [12.2, 31.5], "MR": [12.2, 31.3], "WA": [48.1, 78.8], "WN": [10.1, 25.8], "GN": [9.1, 22.4], "RR": [9.9, 23.0], "RN": [15.5, 41.0], "AR": [12.4, 30.6], "AN": [12.1, 28.0], "BL": [10.7, 26.9], "GR": [9.1, 22.4], "GW": [9.1, 22.4], "GM": [9.2, 22.3], "HY": [10.1, 25.8]}, "3": {"keep": [15.9, 42.6], "MR": [16.0, 43.4], "WA": [48.7, 80.8], "WN": [12.4, 29.3], "GN": [10.9, 24.6], "RR": [11.7, 28.2], "RN": [21.1, 53.2], "AR": [14.1, 34.2], "AN": [15.4, 38.4], "BL": [12.2, 29.8], "GR": [10.9, 24.6], "GW": [10.9, 24.6], "GM": [10.9, 25.0], "HY": [12.4, 29.3]}, "4": {"keep": [18.6, 49.2], "MR": [18.8, 49.4], "WA": [48.8, 81.1], "WN": [14.1, 33.6], "GN": [12.1, 28.1], "RR": [12.3, 29.3], "RN": [26.9, 66.8], "AR": [14.4, 34.8], "AN": [18.0, 44.7], "BL": [12.4, 30.5], "GR": [12.1, 28.1], "GW": [12.1, 28.1], "GM": [12.1, 28.9], "HY": [14.1, 33.6]}, "5": {"keep": [20.4, 53.8], "MR": [20.5, 54.3], "WA": [48.9, 82.8], "WN": [14.8, 37.9], "GN": [12.4, 29.2], "RR": [13.0, 31.2], "RN": [29.4, 80.2], "AR": [13.5, 32.6], "AN": [19.3, 46.6], "BL": [12.5, 31.5], "GR": [12.4, 29.2], "GW": [12.4, 29.2], "GM": [12.4, 29.0], "HY": [14.8, 37.9]}, "6": {"keep": [21.6, 57.2], "MR": [21.9, 56.9], "WA": [48.7, 82.5], "WN": [15.2, 40.1], "GN": [12.9, 30.2], "RR": [14.4, 33.9], "RN": [32.3, 87.5], "AR": [15.8, 33.8], "AN": [19.9, 51.1], "BL": [13.8, 32.7], "GR": [12.9, 30.2], "GW": [12.9, 30.2], "GM": [12.6, 32.6], "HY": [15.2, 40.1]}, "7": {"keep": [22.2, 59.4], "MR": [22.6, 57.6], "WA": [48.4, 82.6], "WN": [14.8, 38.9], "GN": [12.6, 33.0], "RR": [13.6, 33.3], "RN": [37.6, 98.0], "AR": [15.8, 35.5], "AN": [20.0, 51.3], "BL": [13.7, 30.8], "GR": [12.6, 33.0], "GW": [12.6, 33.0], "GM": [12.5, 32.9], "HY": [14.8, 38.9]}}, "B.10": {"1": {"keep": [11.4, 28.6], "MR": [12.3, 30.6], "WA": [76.3, 149.3], "WN": [11.4, 28.6], "GN": [11.4, 28.6], "RR": [13.1, 27.8], "RN": [13.1, 27.8], "AR": [13.1, 27.8], "AN": [11.1, 26.8], "BL": [13.1, 27.8], "GR": [11.4, 29.0], "GW": [11.3, 29.5], "GM": [12.3, 30.6], "HY": [11.4, 28.6]}, "2": {"keep": [19.0, 44.7], "MR": [21.9, 52.8], "WA": [76.2, 144.8], "WN": [19.0, 44.7], "GN": [19.0, 44.7], "RR": [25.3, 56.2], "RN": [25.3, 56.2], "AR": [25.3, 56.2], "AN": [19.3, 44.8], "BL": [25.3, 56.2], "GR": [18.9, 43.0], "GW": [18.8, 42.8], "GM": [21.9, 52.8], "HY": [19.0, 44.7]}, "3": {"keep": [24.3, 60.9], "MR": [28.0, 72.2], "WA": [80.3, 149.6], "WN": [27.9, 64.8], "GN": [24.6, 61.4], "RR": [32.4, 67.1], "RN": [32.5, 66.2], "AR": [32.7, 68.2], "AN": [24.6, 56.7], "BL": [32.5, 67.6], "GR": [24.1, 57.9], "GW": [24.0, 56.0], "GM": [28.1, 71.5], "HY": [24.6, 61.4]}, "4": {"keep": [28.0, 68.8], "MR": [31.3, 90.2], "WA": [82.9, 155.5], "WN": [36.1, 93.4], "GN": [29.1, 70.3], "RR": [34.6, 77.1], "RN": [34.9, 71.2], "AR": [34.4, 78.2], "AN": [28.4, 66.5], "BL": [34.4, 73.0], "GR": [29.1, 70.3], "GW": [29.1, 70.3], "GM": [32.2, 86.4], "HY": [29.1, 70.3]}, "5": {"keep": [30.4, 74.2], "MR": [33.8, 91.9], "WA": [84.9, 161.2], "WN": [41.7, 107.1], "GN": [30.6, 74.3], "RR": [36.9, 76.8], "RN": [36.8, 74.2], "AR": [36.6, 73.4], "AN": [30.8, 70.4], "BL": [36.7, 74.9], "GR": [30.6, 74.3], "GW": [30.6, 74.3], "GM": [34.0, 90.3], "HY": [30.6, 74.3]}, "6": {"keep": [31.4, 76.5], "MR": [35.0, 92.1], "WA": [87.3, 164.0], "WN": [45.3, 114.7], "GN": [30.9, 76.5], "RR": [37.7, 83.2], "RN": [38.2, 87.8], "AR": [37.5, 82.5], "AN": [31.8, 74.4], "BL": [37.4, 82.2], "GR": [30.9, 76.5], "GW": [30.9, 76.5], "GM": [34.5, 94.3], "HY": [30.9, 76.5]}, "7": {"keep": [32.4, 77.3], "MR": [34.6, 89.3], "WA": [89.1, 163.3], "WN": [48.1, 116.8], "GN": [31.1, 74.2], "RR": [37.0, 84.4], "RN": [38.6, 98.3], "AR": [36.6, 79.9], "AN": [32.5, 71.2], "BL": [36.6, 83.5], "GR": [31.1, 74.2], "GW": [31.1, 74.2], "GM": [33.4, 93.4], "HY": [31.1, 74.2]}}, "B.16": {"1": {"keep": [11.3, 24.5], "MR": [12.4, 24.6], "WA": [187.6, 348.9], "WN": [11.3, 24.5], "GN": [11.3, 24.5], "RR": [12.9, 29.6], "RN": [12.9, 29.6], "AR": [12.9, 29.6], "AN": [10.9, 25.7], "BL": [12.9, 29.6], "GR": [11.2, 26.0], "GW": [11.2, 26.2], "GM": [12.4, 24.6], "HY": [11.3, 24.5]}, "2": {"keep": [19.3, 47.0], "MR": [22.5, 48.7], "WA": [185.1, 339.8], "WN": [19.3, 47.0], "GN": [19.3, 47.0], "RR": [25.2, 53.5], "RN": [25.2, 53.5], "AR": [25.2, 53.5], "AN": [19.3, 45.6], "BL": [25.2, 53.5], "GR": [19.4, 45.5], "GW": [19.3, 46.8], "GM": [22.5, 48.7], "HY": [19.3, 47.0]}, "3": {"keep": [24.9, 62.5], "MR": [30.1, 70.5], "WA": [189.1, 336.5], "WN": [38.5, 90.0], "GN": [26.3, 64.6], "RR": [32.6, 71.8], "RN": [32.8, 65.1], "AR": [33.9, 73.9], "AN": [24.5, 57.3], "BL": [33.0, 70.9], "GR": [26.0, 63.9], "GW": [25.8, 63.4], "GM": [31.0, 73.8], "HY": [26.3, 64.6]}, "4": {"keep": [29.5, 71.7], "MR": [35.1, 88.5], "WA": [191.0, 343.7], "WN": [54.9, 121.5], "GN": [31.2, 76.3], "RR": [36.0, 79.5], "RN": [36.6, 74.3], "AR": [37.2, 78.7], "AN": [29.3, 74.1], "BL": [36.0, 79.1], "GR": [31.2, 76.3], "GW": [31.2, 76.3], "GM": [36.8, 95.2], "HY": [31.2, 76.3]}, "5": {"keep": [31.9, 71.5], "MR": [38.3, 100.8], "WA": [194.2, 351.7], "WN": [65.2, 153.9], "GN": [33.5, 75.4], "RR": [38.0, 85.7], "RN": [37.2, 78.0], "AR": [40.1, 88.8], "AN": [31.9, 76.5], "BL": [38.2, 86.6], "GR": [33.5, 75.4], "GW": [33.5, 75.4], "GM": [39.9, 109.0], "HY": [33.5, 75.4]}, "6": {"keep": [32.8, 77.0], "MR": [40.2, 111.6], "WA": [199.8, 361.4], "WN": [73.1, 197.6], "GN": [33.5, 76.1], "RR": [38.2, 87.2], "RN": [37.2, 82.0], "AR": [41.4, 86.9], "AN": [33.2, 75.3], "BL": [38.8, 86.1], "GR": [33.5, 76.1], "GW": [33.5, 76.1], "GM": [40.8, 118.3], "HY": [33.5, 76.1]}, "7": {"keep": [33.8, 77.5], "MR": [40.1, 111.4], "WA": [202.8, 373.5], "WN": [77.5, 214.6], "GN": [33.5, 76.7], "RR": [36.8, 87.0], "RN": [37.9, 95.3], "AR": [41.9, 92.7], "AN": [34.0, 81.1], "BL": [37.9, 88.1], "GR": [33.5, 76.7], "GW": [33.5, 76.7], "GM": [39.7, 110.9], "HY": [33.5, 76.7]}}, "B.15": {"1": {"keep": [7.9, 16.8], "MR": [8.2, 17.4], "WA": [48.6, 93.1], "WN": [7.9, 16.8], "GN": [7.9, 16.8], "RR": [8.2, 16.7], "RN": [8.2, 16.7], "AR": [8.2, 16.7], "AN": [7.8, 15.7], "BL": [8.2, 16.7], "GR": [7.9, 16.6], "GW": [7.9, 16.4], "GM": [8.2, 17.4], "HY": [7.9, 16.8]}, "2": {"keep": [13.2, 31.8], "MR": [13.4, 30.3], "WA": [48.2, 86.6], "WN": [13.2, 31.8], "GN": [13.2, 31.8], "RR": [14.0, 28.6], "RN": [14.0, 28.6], "AR": [14.0, 28.6], "AN": [13.0, 32.2], "BL": [14.0, 28.6], "GR": [13.0, 31.4], "GW": [13.0, 32.1], "GM": [13.4, 30.3], "HY": [13.2, 31.8]}, "3": {"keep": [17.0, 39.4], "MR": [17.1, 39.6], "WA": [49.6, 93.1], "WN": [20.6, 50.0], "GN": [17.5, 43.6], "RR": [17.6, 41.9], "RN": [18.2, 36.8], "AR": [18.0, 43.0], "AN": [16.2, 36.7], "BL": [17.5, 40.9], "GR": [17.3, 44.7], "GW": [17.1, 43.8], "GM": [17.2, 42.2], "HY": [17.5, 43.6]}, "4": {"keep": [19.4, 43.5], "MR": [19.3, 48.9], "WA": [51.0, 90.0], "WN": [26.2, 58.4], "GN": [19.9, 47.3], "RR": [18.9, 45.0], "RN": [19.0, 40.7], "AR": [20.3, 45.7], "AN": [18.8, 43.4], "BL": [19.0, 43.8], "GR": [19.9, 47.3], "GW": [19.9, 47.3], "GM": [19.5, 49.3], "HY": [19.9, 47.3]}, "5": {"keep": [21.2, 51.7], "MR": [20.9, 55.6], "WA": [51.0, 90.5], "WN": [30.6, 68.1], "GN": [21.9, 53.0], "RR": [20.4, 52.1], "RN": [19.6, 40.3], "AR": [22.1, 56.4], "AN": [20.7, 49.2], "BL": [20.6, 50.4], "GR": [21.9, 53.0], "GW": [21.9, 53.0], "GM": [21.4, 52.6], "HY": [21.9, 53.0]}, "6": {"keep": [22.1, 54.0], "MR": [22.0, 54.7], "WA": [52.2, 88.8], "WN": [33.4, 77.8], "GN": [22.3, 53.4], "RR": [20.5, 47.0], "RN": [20.1, 45.1], "AR": [22.8, 59.7], "AN": [21.7, 52.1], "BL": [21.0, 51.2], "GR": [22.3, 53.4], "GW": [22.3, 53.4], "GM": [22.2, 54.9], "HY": [22.3, 53.4]}, "7": {"keep": [22.7, 56.8], "MR": [22.3, 51.4], "WA": [52.1, 89.6], "WN": [34.7, 78.3], "GN": [22.6, 55.8], "RR": [20.7, 46.6], "RN": [21.0, 50.5], "AR": [23.4, 59.6], "AN": [22.2, 50.9], "BL": [21.2, 51.1], "GR": [22.6, 55.8], "GW": [22.6, 55.8], "GM": [22.2, 50.0], "HY": [22.6, 55.8]}}, "PCH001": {"1": {"keep": [10.0, 22.5], "MR": [11.1, 26.9], "WA": [67.5, 136.3], "WN": [10.0, 22.5], "GN": [10.0, 22.5], "RR": [13.8, 33.3], "RN": [13.8, 33.3], "AR": [13.8, 33.3], "AN": [10.1, 24.2], "BL": [13.8, 33.3], "GR": [10.1, 24.0], "GW": [10.4, 24.4], "GM": [11.1, 26.9], "HY": [10.0, 22.5]}, "2": {"keep": [17.7, 45.5], "MR": [21.0, 54.8], "WA": [66.3, 124.1], "WN": [17.7, 45.5], "GN": [17.7, 45.5], "RR": [25.8, 58.0], "RN": [25.8, 58.0], "AR": [25.8, 58.0], "AN": [18.7, 44.6], "BL": [25.8, 58.0], "GR": [18.1, 44.7], "GW": [18.8, 44.7], "GM": [21.0, 54.8], "HY": [17.7, 45.5]}, "3": {"keep": [22.7, 59.7], "MR": [28.2, 65.0], "WA": [68.9, 130.8], "WN": [28.7, 72.2], "GN": [24.4, 63.7], "RR": [31.4, 71.8], "RN": [32.4, 75.3], "AR": [32.1, 76.1], "AN": [23.1, 56.9], "BL": [31.7, 73.6], "GR": [23.4, 60.5], "GW": [23.1, 54.9], "GM": [29.1, 78.8], "HY": [24.4, 63.7]}, "4": {"keep": [26.3, 64.6], "MR": [33.3, 84.4], "WA": [69.8, 132.0], "WN": [35.5, 95.4], "GN": [28.6, 73.6], "RR": [32.8, 71.4], "RN": [34.0, 77.2], "AR": [32.8, 80.4], "AN": [26.9, 61.9], "BL": [32.6, 69.3], "GR": [27.8, 70.7], "GW": [27.7, 68.3], "GM": [35.5, 91.1], "HY": [28.6, 73.6]}, "5": {"keep": [29.0, 72.8], "MR": [37.6, 96.4], "WA": [70.7, 134.6], "WN": [41.4, 105.3], "GN": [31.2, 74.2], "RR": [32.9, 76.4], "RN": [33.2, 78.8], "AR": [33.3, 75.4], "AN": [29.8, 63.9], "BL": [32.6, 74.5], "GR": [31.0, 73.7], "GW": [31.2, 74.2], "GM": [39.7, 100.7], "HY": [31.2, 74.2]}, "6": {"keep": [30.4, 75.8], "MR": [40.4, 102.1], "WA": [73.0, 137.2], "WN": [45.4, 116.6], "GN": [31.3, 74.0], "RR": [33.9, 72.6], "RN": [33.4, 70.7], "AR": [33.3, 74.9], "AN": [31.2, 71.9], "BL": [32.7, 69.2], "GR": [31.3, 74.0], "GW": [31.3, 74.0], "GM": [41.2, 106.4], "HY": [31.3, 74.0]}, "7": {"keep": [31.5, 76.2], "MR": [40.5, 103.9], "WA": [72.8, 135.9], "WN": [47.9, 117.4], "GN": [31.3, 76.2], "RR": [34.1, 84.7], "RN": [37.5, 98.2], "AR": [37.2, 88.6], "AN": [32.1, 80.3], "BL": [34.1, 87.1], "GR": [31.3, 76.2], "GW": [31.3, 76.2], "GM": [40.2, 103.9], "HY": [31.3, 76.2]}}}, "s2": {"B.18": {"1": {"keep": [5.7, 14.0], "MR": [6.0, 14.6], "WA": [50.2, 85.2], "WN": [5.8, 13.0], "GN": [5.0, 12.8], "RR": [5.9, 12.2], "RN": [7.1, 14.6], "AR": [6.5, 12.3], "AN": [5.7, 12.4], "BL": [6.2, 12.2], "GR": [5.0, 12.7], "GW": [5.0, 12.8], "GM": [5.0, 13.1], "HY": [5.8, 13.0]}, "2": {"keep": [8.9, 19.4], "MR": [9.2, 19.9], "WA": [49.4, 85.2], "WN": [7.3, 15.7], "GN": [6.5, 14.5], "RR": [6.9, 15.0], "RN": [11.7, 25.4], "AR": [7.8, 15.7], "AN": [7.8, 18.6], "BL": [7.1, 14.8], "GR": [6.5, 14.5], "GW": [6.5, 14.5], "GM": [6.5, 15.1], "HY": [7.3, 15.7]}, "3": {"keep": [11.4, 27.8], "MR": [11.5, 28.6], "WA": [49.4, 84.8], "WN": [8.7, 19.4], "GN": [7.5, 17.0], "RR": [7.5, 18.1], "RN": [15.1, 34.4], "AR": [8.8, 19.2], "AN": [10.0, 23.4], "BL": [7.6, 17.1], "GR": [7.5, 17.3], "GW": [7.5, 17.1], "GM": [7.4, 16.9], "HY": [8.7, 19.4]}, "4": {"keep": [14.4, 38.3], "MR": [14.3, 37.5], "WA": [49.8, 85.4], "WN": [10.2, 20.8], "GN": [9.2, 18.8], "RR": [8.9, 19.8], "RN": [18.4, 44.0], "AR": [9.2, 21.9], "AN": [12.2, 27.4], "BL": [8.4, 19.2], "GR": [9.2, 19.0], "GW": [9.2, 19.1], "GM": [9.1, 18.7], "HY": [10.2, 20.8]}, "5": {"keep": [17.4, 45.5], "MR": [16.9, 44.8], "WA": [49.4, 84.1], "WN": [11.0, 22.7], "GN": [10.2, 21.4], "RR": [9.7, 22.7], "RN": [21.6, 55.5], "AR": [9.9, 22.3], "AN": [13.8, 33.9], "BL": [9.1, 20.0], "GR": [10.1, 21.7], "GW": [10.2, 21.5], "GM": [9.9, 21.2], "HY": [11.0, 22.7]}, "6": {"keep": [19.6, 53.5], "MR": [19.0, 53.7], "WA": [50.2, 84.4], "WN": [11.8, 29.3], "GN": [11.3, 25.6], "RR": [11.9, 28.2], "RN": [24.5, 58.7], "AR": [11.5, 27.1], "AN": [15.5, 39.4], "BL": [10.9, 25.1], "GR": [11.3, 26.1], "GW": [11.3, 25.8], "GM": [11.0, 25.8], "HY": [11.8, 29.3]}, "7": {"keep": [21.2, 56.5], "MR": [20.9, 56.5], "WA": [50.0, 84.4], "WN": [12.6, 31.9], "GN": [12.3, 29.6], "RR": [12.5, 30.4], "RN": [25.8, 55.8], "AR": [12.4, 30.5], "AN": [16.6, 40.3], "BL": [11.6, 27.0], "GR": [12.3, 29.5], "GW": [12.3, 29.5], "GM": [11.7, 27.9], "HY": [12.6, 31.9]}}, "B.10": {"1": {"keep": [8.6, 20.0], "MR": [8.7, 20.7], "WA": [78.6, 159.7], "WN": [8.6, 20.0], "GN": [8.6, 20.0], "RR": [9.4, 22.6], "RN": [9.4, 22.6], "AR": [9.4, 22.6], "AN": [8.4, 20.6], "BL": [9.4, 22.6], "GR": [8.7, 20.4], "GW": [8.7, 21.1], "GM": [8.7, 20.7], "HY": [8.6, 20.0]}, "2": {"keep": [15.6, 35.5], "MR": [15.7, 36.4], "WA": [79.3, 163.8], "WN": [18.8, 42.9], "GN": [15.5, 35.5], "RR": [17.2, 35.0], "RN": [17.2, 35.0], "AR": [17.7, 37.7], "AN": [15.7, 34.2], "BL": [17.4, 36.5], "GR": [15.6, 36.7], "GW": [15.5, 37.6], "GM": [15.6, 35.8], "HY": [15.5, 35.5]}, "3": {"keep": [20.9, 61.0], "MR": [20.7, 60.4], "WA": [80.8, 174.2], "WN": [25.2, 71.4], "GN": [20.9, 61.0], "RR": [23.2, 43.8], "RN": [23.3, 43.0], "AR": [23.6, 46.0], "AN": [20.1, 49.3], "BL": [23.3, 44.9], "GR": [20.9, 58.9], "GW": [20.7, 59.7], "GM": [20.7, 60.8], "HY": [20.9, 61.0]}, "4": {"keep": [24.7, 67.3], "MR": [24.3, 66.2], "WA": [82.9, 175.7], "WN": [32.2, 93.2], "GN": [24.7, 67.3], "RR": [26.5, 50.3], "RN": [27.0, 56.9], "AR": [27.4, 56.3], "AN": [22.9, 55.5], "BL": [26.9, 53.1], "GR": [24.9, 65.5], "GW": [24.7, 67.1], "GM": [24.3, 65.1], "HY": [24.7, 67.3]}, "5": {"keep": [27.4, 67.7], "MR": [27.1, 66.4], "WA": [85.1, 171.7], "WN": [36.5, 99.4], "GN": [27.4, 69.8], "RR": [29.5, 60.6], "RN": [30.5, 66.5], "AR": [30.0, 61.2], "AN": [25.0, 60.2], "BL": [29.6, 59.7], "GR": [28.0, 70.0], "GW": [27.7, 71.3], "GM": [27.0, 68.3], "HY": [27.4, 69.8]}, "6": {"keep": [29.8, 69.8], "MR": [30.0, 70.2], "WA": [84.8, 172.6], "WN": [41.9, 116.6], "GN": [30.0, 72.1], "RR": [30.9, 58.5], "RN": [32.7, 65.8], "AR": [31.9, 66.7], "AN": [27.7, 61.0], "BL": [31.3, 61.9], "GR": [30.9, 79.2], "GW": [30.6, 78.9], "GM": [29.8, 71.8], "HY": [30.0, 72.1]}, "7": {"keep": [30.6, 69.4], "MR": [31.7, 72.7], "WA": [86.3, 174.2], "WN": [44.2, 124.2], "GN": [31.0, 71.9], "RR": [31.3, 58.8], "RN": [33.5, 67.4], "AR": [33.0, 65.6], "AN": [28.7, 63.8], "BL": [32.0, 62.3], "GR": [32.0, 74.0], "GW": [31.8, 74.3], "GM": [31.3, 71.7], "HY": [31.0, 71.9]}}, "B.16": {"1": {"keep": [9.4, 24.0], "MR": [9.4, 24.0], "WA": [127.9, 204.6], "WN": [9.4, 24.0], "GN": [9.4, 24.0], "RR": [8.6, 21.6], "RN": [8.6, 21.6], "AR": [8.6, 21.6], "AN": [8.4, 21.5], "BL": [8.6, 21.6], "GR": [9.5, 24.9], "GW": [9.4, 25.0], "GM": [9.4, 24.0], "HY": [9.4, 24.0]}, "2": {"keep": [15.7, 42.7], "MR": [15.6, 42.6], "WA": [127.3, 197.8], "WN": [15.7, 42.7], "GN": [15.7, 42.7], "RR": [16.5, 33.6], "RN": [16.5, 33.6], "AR": [16.5, 33.6], "AN": [15.4, 35.0], "BL": [16.5, 33.6], "GR": [15.6, 41.4], "GW": [15.5, 41.3], "GM": [15.6, 42.6], "HY": [15.7, 42.7]}, "3": {"keep": [21.2, 54.8], "MR": [20.7, 55.0], "WA": [128.9, 203.7], "WN": [26.2, 64.0], "GN": [21.3, 56.4], "RR": [22.8, 50.2], "RN": [22.7, 50.2], "AR": [27.5, 52.5], "AN": [20.2, 44.9], "BL": [25.1, 51.3], "GR": [21.3, 57.1], "GW": [21.1, 57.3], "GM": [20.8, 56.9], "HY": [21.3, 56.4]}, "4": {"keep": [25.9, 60.0], "MR": [25.1, 57.2], "WA": [129.2, 201.2], "WN": [32.2, 82.0], "GN": [25.9, 61.5], "RR": [28.4, 59.8], "RN": [28.3, 57.0], "AR": [33.5, 67.9], "AN": [24.5, 55.2], "BL": [30.8, 61.8], "GR": [25.8, 66.9], "GW": [25.6, 65.8], "GM": [25.1, 62.5], "HY": [25.9, 61.5]}, "5": {"keep": [28.7, 75.3], "MR": [27.8, 71.8], "WA": [133.4, 201.5], "WN": [39.2, 97.2], "GN": [28.7, 75.8], "RR": [31.7, 67.3], "RN": [32.3, 64.1], "AR": [40.0, 72.8], "AN": [27.8, 65.3], "BL": [35.7, 70.1], "GR": [28.6, 78.3], "GW": [28.5, 77.1], "GM": [27.8, 71.4], "HY": [28.7, 75.8]}, "6": {"keep": [31.2, 77.6], "MR": [30.4, 77.6], "WA": [133.8, 197.4], "WN": [48.2, 116.9], "GN": [31.4, 81.6], "RR": [35.8, 76.7], "RN": [36.7, 72.4], "AR": [49.3, 82.2], "AN": [30.4, 69.2], "BL": [42.3, 76.8], "GR": [31.6, 80.2], "GW": [31.5, 82.1], "GM": [30.4, 78.2], "HY": [31.4, 81.6]}, "7": {"keep": [33.1, 78.1], "MR": [32.5, 77.5], "WA": [129.7, 196.0], "WN": [55.9, 128.5], "GN": [33.0, 83.3], "RR": [37.0, 73.5], "RN": [39.3, 75.9], "AR": [54.8, 86.6], "AN": [32.0, 67.3], "BL": [45.7, 78.3], "GR": [33.7, 91.1], "GW": [33.6, 92.3], "GM": [32.0, 81.6], "HY": [33.0, 83.3]}}, "B.15": {"1": {"keep": [7.3, 16.7], "MR": [7.3, 17.2], "WA": [75.6, 147.3], "WN": [7.3, 16.7], "GN": [7.3, 16.7], "RR": [6.9, 15.1], "RN": [6.9, 15.1], "AR": [6.9, 15.1], "AN": [7.0, 14.8], "BL": [6.9, 15.1], "GR": [7.2, 16.4], "GW": [7.2, 16.6], "GM": [7.3, 17.2], "HY": [7.3, 16.7]}, "2": {"keep": [11.5, 28.6], "MR": [11.6, 29.0], "WA": [75.1, 147.2], "WN": [11.5, 28.6], "GN": [11.5, 28.6], "RR": [10.9, 22.9], "RN": [10.9, 22.9], "AR": [10.9, 22.9], "AN": [11.2, 23.8], "BL": [10.9, 22.9], "GR": [11.4, 24.8], "GW": [11.4, 24.6], "GM": [11.6, 29.0], "HY": [11.5, 28.6]}, "3": {"keep": [14.7, 35.6], "MR": [14.7, 35.6], "WA": [74.5, 147.0], "WN": [17.1, 40.2], "GN": [14.7, 34.3], "RR": [14.1, 29.2], "RN": [14.2, 29.3], "AR": [14.8, 30.8], "AN": [13.5, 29.0], "BL": [14.5, 30.0], "GR": [14.2, 32.1], "GW": [14.2, 32.0], "GM": [14.6, 34.4], "HY": [14.7, 34.3]}, "4": {"keep": [17.3, 39.1], "MR": [17.1, 39.0], "WA": [74.5, 148.2], "WN": [21.2, 50.0], "GN": [17.3, 39.1], "RR": [16.6, 33.9], "RN": [16.6, 34.0], "AR": [17.4, 35.8], "AN": [15.8, 31.4], "BL": [16.9, 34.8], "GR": [17.2, 39.8], "GW": [17.2, 38.6], "GM": [17.1, 39.0], "HY": [17.3, 39.1]}, "5": {"keep": [19.4, 42.6], "MR": [19.3, 42.5], "WA": [76.6, 149.5], "WN": [26.4, 70.6], "GN": [19.4, 42.6], "RR": [18.4, 38.9], "RN": [18.6, 38.3], "AR": [20.1, 42.8], "AN": [17.8, 35.8], "BL": [19.1, 39.8], "GR": [19.6, 40.9], "GW": [19.5, 41.7], "GM": [19.3, 42.2], "HY": [19.4, 42.6]}, "6": {"keep": [20.7, 49.6], "MR": [21.1, 49.9], "WA": [75.5, 146.5], "WN": [31.1, 77.9], "GN": [20.8, 49.5], "RR": [20.2, 41.8], "RN": [20.8, 42.8], "AR": [22.1, 44.9], "AN": [18.9, 39.7], "BL": [20.9, 41.3], "GR": [21.2, 45.1], "GW": [21.2, 45.6], "GM": [21.0, 50.0], "HY": [20.8, 49.5]}, "7": {"keep": [21.5, 45.6], "MR": [22.6, 49.8], "WA": [76.7, 152.9], "WN": [35.0, 92.0], "GN": [21.8, 45.1], "RR": [21.8, 43.1], "RN": [22.7, 43.6], "AR": [23.5, 47.3], "AN": [19.8, 40.0], "BL": [22.4, 45.3], "GR": [22.2, 50.5], "GW": [22.2, 51.4], "GM": [22.4, 47.1], "HY": [21.8, 45.1]}}, "PCH001": {"1": {"keep": [9.9, 27.0], "MR": [10.2, 26.3], "WA": [107.7, 186.6], "WN": [9.9, 27.0], "GN": [9.9, 27.0], "RR": [10.2, 24.1], "RN": [10.2, 24.1], "AR": [10.2, 24.1], "AN": [9.0, 23.5], "BL": [10.2, 24.1], "GR": [9.8, 24.8], "GW": [9.7, 24.4], "GM": [10.2, 26.3], "HY": [9.9, 27.0]}, "2": {"keep": [16.3, 41.6], "MR": [17.1, 45.5], "WA": [105.3, 183.8], "WN": [16.3, 41.6], "GN": [16.3, 41.6], "RR": [17.3, 38.1], "RN": [17.3, 38.1], "AR": [17.3, 38.1], "AN": [15.6, 40.9], "BL": [17.3, 38.1], "GR": [15.9, 43.5], "GW": [15.8, 45.0], "GM": [17.1, 45.5], "HY": [16.3, 41.6]}, "3": {"keep": [21.3, 55.9], "MR": [22.8, 61.5], "WA": [104.7, 180.8], "WN": [26.2, 69.6], "GN": [21.4, 55.9], "RR": [23.1, 49.4], "RN": [23.0, 49.8], "AR": [24.3, 52.0], "AN": [20.6, 53.9], "BL": [23.6, 50.1], "GR": [21.3, 55.2], "GW": [20.9, 55.5], "GM": [22.9, 61.5], "HY": [21.4, 55.9]}, "4": {"keep": [25.6, 62.4], "MR": [27.5, 67.6], "WA": [106.9, 187.0], "WN": [33.7, 90.9], "GN": [25.7, 63.2], "RR": [27.4, 58.5], "RN": [27.1, 58.2], "AR": [28.5, 61.1], "AN": [25.0, 60.4], "BL": [27.9, 59.3], "GR": [25.5, 70.4], "GW": [25.1, 68.0], "GM": [27.5, 67.6], "HY": [25.7, 63.2]}, "5": {"keep": [28.0, 59.9], "MR": [30.2, 66.9], "WA": [110.0, 189.5], "WN": [41.0, 113.2], "GN": [28.2, 65.4], "RR": [30.7, 61.0], "RN": [31.0, 60.3], "AR": [33.4, 69.2], "AN": [28.4, 59.2], "BL": [31.9, 61.2], "GR": [28.6, 72.1], "GW": [27.7, 67.9], "GM": [30.1, 68.3], "HY": [28.2, 65.4]}, "6": {"keep": [29.0, 68.6], "MR": [31.8, 77.6], "WA": [111.2, 187.8], "WN": [45.5, 127.6], "GN": [29.6, 71.3], "RR": [33.2, 61.5], "RN": [33.8, 64.2], "AR": [36.3, 69.9], "AN": [30.0, 64.9], "BL": [34.5, 65.8], "GR": [30.6, 77.6], "GW": [29.7, 75.7], "GM": [31.8, 78.2], "HY": [29.6, 71.3]}, "7": {"keep": [29.4, 65.9], "MR": [33.1, 74.1], "WA": [111.9, 188.9], "WN": [51.0, 133.9], "GN": [30.0, 68.9], "RR": [33.2, 62.6], "RN": [34.9, 72.2], "AR": [36.8, 76.5], "AN": [30.6, 63.4], "BL": [34.7, 63.9], "GR": [31.0, 83.6], "GW": [30.2, 79.5], "GM": [32.6, 74.4], "HY": [30.0, 68.9]}}}, "pick": ["GW", "AN"]}
