stored runs (one per gauge per 6 h) 23038; scored ranges 36383

=== +24 h — next-day coverage of the range (choose on 10-01…10-02, score on 10-03…10-05); mean factor
W3 t50 (50 %)    choose  59.8 % · score  47.1 % · factor 1.13 · 10-01:58.9 10-02:60.7 10-03:56.4 10-04:46.9 10-05:38.1
W3 t53 (50 %)    choose  62.4 % · score  48.9 % · factor 1.21 · 10-01:61.7 10-02:63.2 10-03:59.7 10-04:48.0 10-05:38.9
W3 t90 (90 %)    choose  92.0 % · score  88.4 % · factor 1.18 · 10-01:90.9 10-02:93.0 10-03:93.4 10-04:89.0 10-05:82.8
W3 t93 (90 %)    choose  93.4 % · score  91.4 % · factor 1.40 · 10-01:92.6 10-02:94.2 10-03:95.6 10-04:92.6 10-05:86.0
W5 t50 (50 %)    choose  59.6 % · score  48.1 % · factor 1.14 · 10-01:58.9 10-02:60.2 10-03:58.8 10-04:47.5 10-05:38.1
W5 t53 (50 %)    choose  62.1 % · score  50.0 % · factor 1.23 · 10-01:61.4 10-02:62.8 10-03:60.9 10-04:50.2 10-05:38.9
W5 t90 (90 %)    choose  91.7 % · score  88.9 % · factor 1.19 · 10-01:90.6 10-02:92.8 10-03:94.0 10-04:89.6 10-05:83.0
W5 t93 (90 %)    choose  93.7 % · score  91.8 % · factor 1.43 · 10-01:92.6 10-02:94.8 10-03:95.9 10-04:92.8 10-05:86.8
none (50 %)      choose  52.7 % · score  46.8 % · factor 1.00 · 10-01:50.7 10-02:54.8 10-03:55.5 10-04:46.9 10-05:38.1
none (90 %)      choose  88.1 % · score  86.3 % · factor 1.00 · 10-01:86.4 10-02:89.8 10-03:91.0 10-04:87.0 10-05:80.7

=== +48 h — next-day coverage of the range (choose on 10-01…10-02, score on 10-03…10-04); mean factor
W3 t50 (50 %)    choose  64.5 % · score  52.8 % · factor 1.47 · 10-01:64.0 10-02:65.0 10-03:60.9 10-04:44.7
W3 t53 (50 %)    choose  66.0 % · score  55.3 % · factor 1.58 · 10-01:65.0 10-02:66.9 10-03:63.0 10-04:47.7
W3 t90 (90 %)    choose  93.9 % · score  90.5 % · factor 1.51 · 10-01:93.5 10-02:94.4 10-03:92.9 10-04:88.0
W3 t93 (90 %)    choose  95.0 % · score  92.7 % · factor 1.74 · 10-01:94.5 10-02:95.6 10-03:94.4 10-04:91.1
W5 t50 (50 %)    choose  64.2 % · score  52.9 % · factor 1.47 · 10-01:64.0 10-02:64.5 10-03:59.6 10-04:46.1
W5 t53 (50 %)    choose  65.5 % · score  55.3 % · factor 1.57 · 10-01:65.0 10-02:66.0 10-03:61.4 10-04:49.3
W5 t90 (90 %)    choose  93.8 % · score  91.4 % · factor 1.54 · 10-01:93.5 10-02:94.2 10-03:93.1 10-04:89.7
W5 t93 (90 %)    choose  94.9 % · score  93.6 % · factor 1.79 · 10-01:94.5 10-02:95.4 10-03:94.1 10-04:93.1
none (50 %)      choose  51.4 % · score  45.5 % · factor 1.00 · 10-01:48.6 10-02:54.1 10-03:50.6 10-04:40.4
none (90 %)      choose  87.3 % · score  86.0 % · factor 1.00 · 10-01:85.6 10-02:89.0 10-03:88.0 10-04:83.9

=== +72 h — next-day coverage of the range (choose on 10-01…10-01, score on 10-02…10-03); mean factor
W3 t50 (50 %)    choose  58.6 % · score  60.8 % · factor 1.54 · 10-01:58.6 10-02:63.5 10-03:58.1
W3 t53 (50 %)    choose  60.4 % · score  62.5 % · factor 1.65 · 10-01:60.4 10-02:64.9 10-03:60.0
W3 t90 (90 %)    choose  90.5 % · score  93.4 % · factor 1.74 · 10-01:90.5 10-02:94.0 10-03:92.8
W3 t93 (90 %)    choose  92.6 % · score  94.6 % · factor 1.95 · 10-01:92.6 10-02:95.1 10-03:94.0
W5 t50 (50 %)    choose  58.6 % · score  60.1 % · factor 1.52 · 10-01:58.6 10-02:63.5 10-03:56.7
W5 t53 (50 %)    choose  60.4 % · score  61.7 % · factor 1.63 · 10-01:60.4 10-02:64.9 10-03:58.5
W5 t90 (90 %)    choose  90.5 % · score  93.4 % · factor 1.73 · 10-01:90.5 10-02:94.0 10-03:92.8
W5 t93 (90 %)    choose  92.6 % · score  94.5 % · factor 1.94 · 10-01:92.6 10-02:95.1 10-03:93.9
none (50 %)      choose  47.7 % · score  48.1 % · factor 1.00 · 10-01:47.7 10-02:50.3 10-03:46.0
none (90 %)      choose  83.4 % · score  85.0 % · factor 1.00 · 10-01:83.4 10-02:85.4 10-03:84.5

=== which side the misses fall on (raw ranges, as issued): share of outcomes below / above the range, by issue day
+24 h, 50 % range (below/above %): 10-01 36.2/13.1 · 10-02 29.5/15.8 · 10-03 25.5/19.1 · 10-04 26.0/27.1 · 10-05 21.8/40.1
+24 h, 90 % range (below/above %): 10-01 10.7/ 2.9 · 10-02  6.8/ 3.4 · 10-03  5.6/ 3.4 · 10-04  6.4/ 6.6 · 10-05  6.3/13.0
+48 h, 50 % range (below/above %): 10-01 38.4/13.0 · 10-02 29.8/16.1 · 10-03 25.1/24.3 · 10-04 23.2/36.4
+48 h, 90 % range (below/above %): 10-01 11.2/ 3.2 · 10-02  7.9/ 3.1 · 10-03  6.0/ 5.9 · 10-04  6.3/ 9.7
+72 h, 50 % range (below/above %): 10-01 39.4/12.9 · 10-02 30.2/19.5 · 10-03 21.7/32.4
+72 h, 90 % range (below/above %): 10-01 13.7/ 2.9 · 10-02 10.1/ 4.5 · 10-03  7.7/ 7.7
SUMMARY_JSON {"W3 t50 (50 %)|24": {"choose": 59.8, "score": 47.1, "factor": 1.13, "days": {"10-01": 58.9, "10-02": 60.7, "10-03": 56.4, "10-04": 46.9, "10-05": 38.1}}, "W3 t53 (50 %)|24": {"choose": 62.4, "score": 48.9, "factor": 1.21, "days": {"10-01": 61.7, "10-02": 63.2, "10-03": 59.7, "10-04": 48.0, "10-05": 38.9}}, "W3 t90 (90 %)|24": {"choose": 92.0, "score": 88.4, "factor": 1.18, "days": {"10-01": 90.9, "10-02": 93.0, "10-03": 93.4, "10-04": 89.0, "10-05": 82.8}}, "W3 t93 (90 %)|24": {"choose": 93.4, "score": 91.4, "factor": 1.4, "days": {"10-01": 92.6, "10-02": 94.2, "10-03": 95.6, "10-04": 92.6, "10-05": 86.0}}, "W5 t50 (50 %)|24": {"choose": 59.6, "score": 48.1, "factor": 1.14, "days": {"10-01": 58.9, "10-02": 60.2, "10-03": 58.8, "10-04": 47.5, "10-05": 38.1}}, "W5 t53 (50 %)|24": {"choose": 62.1, "score": 50.0, "factor": 1.23, "days": {"10-01": 61.4, "10-02": 62.8, "10-03": 60.9, "10-04": 50.2, "10-05": 38.9}}, "W5 t90 (90 %)|24": {"choose": 91.7, "score": 88.9, "factor": 1.19, "days": {"10-01": 90.6, "10-02": 92.8, "10-03": 94.0, "10-04": 89.6, "10-05": 83.0}}, "W5 t93 (90 %)|24": {"choose": 93.7, "score": 91.8, "factor": 1.43, "days": {"10-01": 92.6, "10-02": 94.8, "10-03": 95.9, "10-04": 92.8, "10-05": 86.8}}, "none (50 %)|24": {"choose": 52.7, "score": 46.8, "factor": 1.0, "days": {"10-01": 50.7, "10-02": 54.8, "10-03": 55.5, "10-04": 46.9, "10-05": 38.1}}, "none (90 %)|24": {"choose": 88.1, "score": 86.3, "factor": 1.0, "days": {"10-01": 86.4, "10-02": 89.8, "10-03": 91.0, "10-04": 87.0, "10-05": 80.7}}, "W3 t50 (50 %)|48": {"choose": 64.5, "score": 52.8, "factor": 1.47, "days": {"10-01": 64.0, "10-02": 65.0, "10-03": 60.9, "10-04": 44.7}}, "W3 t53 (50 %)|48": {"choose": 66.0, "score": 55.3, "factor": 1.58, "days": {"10-01": 65.0, "10-02": 66.9, "10-03": 63.0, "10-04": 47.7}}, "W3 t90 (90 %)|48": {"choose": 93.9, "score": 90.5, "factor": 1.51, "days": {"10-01": 93.5, "10-02": 94.4, "10-03": 92.9, "10-04": 88.0}}, "W3 t93 (90 %)|48": {"choose": 95.0, "score": 92.7, "factor": 1.74, "days": {"10-01": 94.5, "10-02": 95.6, "10-03": 94.4, "10-04": 91.1}}, "W5 t50 (50 %)|48": {"choose": 64.2, "score": 52.9, "factor": 1.47, "days": {"10-01": 64.0, "10-02": 64.5, "10-03": 59.6, "10-04": 46.1}}, "W5 t53 (50 %)|48": {"choose": 65.5, "score": 55.3, "factor": 1.57, "days": {"10-01": 65.0, "10-02": 66.0, "10-03": 61.4, "10-04": 49.3}}, "W5 t90 (90 %)|48": {"choose": 93.8, "score": 91.4, "factor": 1.54, "days": {"10-01": 93.5, "10-02": 94.2, "10-03": 93.1, "10-04": 89.7}}, "W5 t93 (90 %)|48": {"choose": 94.9, "score": 93.6, "factor": 1.79, "days": {"10-01": 94.5, "10-02": 95.4, "10-03": 94.1, "10-04": 93.1}}, "none (50 %)|48": {"choose": 51.4, "score": 45.5, "factor": 1.0, "days": {"10-01": 48.6, "10-02": 54.1, "10-03": 50.6, "10-04": 40.4}}, "none (90 %)|48": {"choose": 87.3, "score": 86.0, "factor": 1.0, "days": {"10-01": 85.6, "10-02": 89.0, "10-03": 88.0, "10-04": 83.9}}, "W3 t50 (50 %)|72": {"choose": 58.6, "score": 60.8, "factor": 1.54, "days": {"10-01": 58.6, "10-02": 63.5, "10-03": 58.1}}, "W3 t53 (50 %)|72": {"choose": 60.4, "score": 62.5, "factor": 1.65, "days": {"10-01": 60.4, "10-02": 64.9, "10-03": 60.0}}, "W3 t90 (90 %)|72": {"choose": 90.5, "score": 93.4, "factor": 1.74, "days": {"10-01": 90.5, "10-02": 94.0, "10-03": 92.8}}, "W3 t93 (90 %)|72": {"choose": 92.6, "score": 94.6, "factor": 1.95, "days": {"10-01": 92.6, "10-02": 95.1, "10-03": 94.0}}, "W5 t50 (50 %)|72": {"choose": 58.6, "score": 60.1, "factor": 1.52, "days": {"10-01": 58.6, "10-02": 63.5, "10-03": 56.7}}, "W5 t53 (50 %)|72": {"choose": 60.4, "score": 61.7, "factor": 1.63, "days": {"10-01": 60.4, "10-02": 64.9, "10-03": 58.5}}, "W5 t90 (90 %)|72": {"choose": 90.5, "score": 93.4, "factor": 1.73, "days": {"10-01": 90.5, "10-02": 94.0, "10-03": 92.8}}, "W5 t93 (90 %)|72": {"choose": 92.6, "score": 94.5, "factor": 1.94, "days": {"10-01": 92.6, "10-02": 95.1, "10-03": 93.9}}, "none (50 %)|72": {"choose": 47.7, "score": 48.1, "factor": 1.0, "days": {"10-01": 47.7, "10-02": 50.3, "10-03": 46.0}}, "none (90 %)|72": {"choose": 83.4, "score": 85.0, "factor": 1.0, "days": {"10-01": 83.4, "10-02": 85.4, "10-03": 84.5}}, "side|50|24|10-01": {"below": 36.2, "above": 13.1}, "side|50|24|10-02": {"below": 29.5, "above": 15.8}, "side|50|24|10-03": {"below": 25.5, "above": 19.1}, "side|50|24|10-04": {"below": 26.0, "above": 27.1}, "side|50|24|10-05": {"below": 21.8, "above": 40.1}, "side|90|24|10-01": {"below": 10.7, "above": 2.9}, "side|90|24|10-02": {"below": 6.8, "above": 3.4}, "side|90|24|10-03": {"below": 5.6, "above": 3.4}, "side|90|24|10-04": {"below": 6.4, "above": 6.6}, "side|90|24|10-05": {"below": 6.3, "above": 13.0}, "side|50|48|10-01": {"below": 38.4, "above": 13.0}, "side|50|48|10-02": {"below": 29.8, "above": 16.1}, "side|50|48|10-03": {"below": 25.1, "above": 24.3}, "side|50|48|10-04": {"below": 23.2, "above": 36.4}, "side|90|48|10-01": {"below": 11.2, "above": 3.2}, "side|90|48|10-02": {"below": 7.9, "above": 3.1}, "side|90|48|10-03": {"below": 6.0, "above": 5.9}, "side|90|48|10-04": {"below": 6.3, "above": 9.7}, "side|50|72|10-01": {"below": 39.4, "above": 12.9}, "side|50|72|10-02": {"below": 30.2, "above": 19.5}, "side|50|72|10-03": {"below": 21.7, "above": 32.4}, "side|90|72|10-01": {"below": 13.7, "above": 2.9}, "side|90|72|10-02": {"below": 10.1, "above": 4.5}, "side|90|72|10-03": {"below": 7.7, "above": 7.7}}
