gauges forecast by all four generations: 274
… 25
… 50
… 75
… 100
… 125
… 150
… 175
… 200
… 225
… 250
gauges scored: 256

=== second half of the 45-day window (B): served pipeline, error vs "no change" (summed RMSE)
+ 1 h  old:  -2.9 % (n 256, model 78)  new:  -3.2 % (n 256, model 110)
+ 3 h  old:  -6.8 % (n 256, model 129)  new:  -7.2 % (n 256, model 144)
+ 6 h  old:  -9.2 % (n 256, model 146)  new:  -9.9 % (n 256, model 157)
+12 h  old:  -7.4 % (n 251, model 155)  new:  -7.7 % (n 251, model 162)
+24 h  old:  -8.5 % (n 224, model 140)  new:  -9.4 % (n 224, model 153)
+48 h  old:  -9.5 % (n 224, model 132)  new: -10.7 % (n 224, model 160)
+72 h  old:  -9.9 % (n 224, model 137)  new: -10.9 % (n 224, model 164)

=== the last 7 days of B (the recession): served pipeline, error vs "no change" (summed RMSE)
+ 1 h  old:  +0.3 % (n 255, model 77)  new:  +0.2 % (n 255, model 109)
+ 3 h  old:  -0.5 % (n 255, model 128)  new:  -0.9 % (n 255, model 143)
+ 6 h  old:  -2.3 % (n 251, model 145)  new:  -2.6 % (n 251, model 156)
+12 h  old:  -4.4 % (n 250, model 154)  new:  -3.3 % (n 249, model 160)
+24 h  old:  -4.6 % (n 222, model 138)  new:  -5.1 % (n 221, model 150)
+48 h  old:  -5.5 % (n 222, model 131)  new:  -6.8 % (n 221, model 157)
+72 h  old:  -5.3 % (n 221, model 135)  new:  -6.4 % (n 220, model 161)

=== new vs old on B, gauge by gauge, beyond chance (> 3 % and a block bootstrap, D-107)
+ 1 h  gauges  116 · new worse   1 · new better  28 · same non-star method  76
+ 3 h  gauges  117 · new worse   3 · new better  26 · same non-star method  73
+ 6 h  gauges  116 · new worse   5 · new better  19 · same non-star method  76
+12 h  gauges  112 · new worse   9 · new better   3 · same non-star method  66
+24 h  gauges   86 · new worse   8 · new better   7 · same non-star method  43
+48 h  gauges   85 · new worse  10 · new better   9 · same non-star method  44
+72 h  gauges   85 · new worse   6 · new better  14 · same non-star method  42
SUMMARY_JSON {"B|old|1": {"n": 256, "vs_no_change_pct": -2.9, "model_served": 78}, "B|new|1": {"n": 256, "vs_no_change_pct": -3.2, "model_served": 110}, "B|old|3": {"n": 256, "vs_no_change_pct": -6.8, "model_served": 129}, "B|new|3": {"n": 256, "vs_no_change_pct": -7.2, "model_served": 144}, "B|old|6": {"n": 256, "vs_no_change_pct": -9.2, "model_served": 146}, "B|new|6": {"n": 256, "vs_no_change_pct": -9.9, "model_served": 157}, "B|old|12": {"n": 251, "vs_no_change_pct": -7.4, "model_served": 155}, "B|new|12": {"n": 251, "vs_no_change_pct": -7.7, "model_served": 162}, "B|old|24": {"n": 224, "vs_no_change_pct": -8.5, "model_served": 140}, "B|new|24": {"n": 224, "vs_no_change_pct": -9.4, "model_served": 153}, "B|old|48": {"n": 224, "vs_no_change_pct": -9.5, "model_served": 132}, "B|new|48": {"n": 224, "vs_no_change_pct": -10.7, "model_served": 160}, "B|old|72": {"n": 224, "vs_no_change_pct": -9.9, "model_served": 137}, "B|new|72": {"n": 224, "vs_no_change_pct": -10.9, "model_served": 164}, "last7|old|1": {"n": 255, "vs_no_change_pct": 0.3, "model_served": 77}, "last7|new|1": {"n": 255, "vs_no_change_pct": 0.2, "model_served": 109}, "last7|old|3": {"n": 255, "vs_no_change_pct": -0.5, "model_served": 128}, "last7|new|3": {"n": 255, "vs_no_change_pct": -0.9, "model_served": 143}, "last7|old|6": {"n": 251, "vs_no_change_pct": -2.3, "model_served": 145}, "last7|new|6": {"n": 251, "vs_no_change_pct": -2.6, "model_served": 156}, "last7|old|12": {"n": 250, "vs_no_change_pct": -4.4, "model_served": 154}, "last7|new|12": {"n": 249, "vs_no_change_pct": -3.3, "model_served": 160}, "last7|old|24": {"n": 222, "vs_no_change_pct": -4.6, "model_served": 138}, "last7|new|24": {"n": 221, "vs_no_change_pct": -5.1, "model_served": 150}, "last7|old|48": {"n": 222, "vs_no_change_pct": -5.5, "model_served": 131}, "last7|new|48": {"n": 221, "vs_no_change_pct": -6.8, "model_served": 157}, "last7|old|72": {"n": 221, "vs_no_change_pct": -5.3, "model_served": 135}, "last7|new|72": {"n": 220, "vs_no_change_pct": -6.4, "model_served": 161}, "pairs|1": {"n": 116, "worse": 1, "better": 28, "same_method": 76}, "pairs|3": {"n": 117, "worse": 3, "better": 26, "same_method": 73}, "pairs|6": {"n": 116, "worse": 5, "better": 19, "same_method": 76}, "pairs|12": {"n": 112, "worse": 9, "better": 3, "same_method": 66}, "pairs|24": {"n": 86, "worse": 8, "better": 7, "same_method": 43}, "pairs|48": {"n": 85, "worse": 10, "better": 9, "same_method": 44}, "pairs|72": {"n": 85, "worse": 6, "better": 14, "same_method": 42}}
