FACTS (numbered as the model sees them):
  1) 🔴 ล้นตลิ่งและน้ำยังขึ้น 9 สถานี (พระนครศรีอยุธยา 7 · ฉะเชิงเทรา 1 · ขอนแก่น 1)
  2) 📊 ล้นตลิ่งรวม 40 สถานีใน 15 จังหวัด ส่วนใหญ่ทรงตัวหรือลดลง (31 สถานี)
  3) 🟠 น้ำยังขึ้นและอาจถึงตลิ่งในอีก 24–48 ชม. 6 สถานี เช่น สมุทรปราการ กรุงเทพมหานคร นครราชสีมา
  4) 🏙️ กรุงเทพฯ ล้นตลิ่ง 3 จุด ทรงตัวหรือลดลง อาจถึงตลิ่งใน 24–48 ชม. 1 จุด ใกล้ตลิ่ง/คลองเต็ม 28 จุด
  5) 🏞️ น้ำเหนือที่นครสวรรค์ 2,052 ลบ.ม./วินาที ลดลงจากเมื่อวาน 98
  6) 🏞️ เขื่อนเจ้าพระยาระบาย 2,500 ลบ.ม./วินาที ทรงตัว
  7) 🌊 น้ำเหนือกำลังมา 3 สถานี ที่ อุตรดิตถ์ สตูล สระบุรี
  8) 🟡 น้ำขึ้นเร็ว 29 สถานี เช่น พิษณุโลก ตราด เลย
  9) 🌧️ ฝนมากสุด 24 ชม. ที่ผ่านมา 141 มม. ที่ ทต.หนองเลิง จ.บึงกาฬ
  10) ☁️ อีก 24 ชม. คาดฝนหนักแถว จ.นราธิวาส
  11) 🔵 ยังรับน้ำได้ 624 จาก 845 สถานี

##### glm-5.3-flash: {'items_accepted_avg': 9.3, 'of': 11, 'runs': 6, 'item_len_avg': 75, 'sec_avg': 10.2}
-- run 1: 10/11 items accepted (9.9 s) — item 3 dropped 'เช่น'
    ✓ 1) ที่พระนครศรีอยุธยา ฉะเชิงเทรา และขอนแก่น มีน้ำล้นตลิ่ง 9 สถานี และน้ำยังขึ้นอยู่นะ
    ✓ 2) ทั้งประเทศมีน้ำล้นตลิ่ง 40 สถานีใน 15 จังหวัด ส่วนใหญ่ 31 สถานีทรงตัวหรือลดลงแล้ว
    ✗ 3) ที่สมุทรปราการ กรุงเทพมหานคร นครราชสีมา มี 6 สถานีที่น้ำยังขึ้นและอาจถึงตลิ่งในอีก 24–48 ชม.
    ✓ 4) กรุงเทพฯ มีน้ำล้นตลิ่ง 3 จุดที่ทรงตัวหรือลดลง อีก 1 จุดอาจถึงตลิ่งใน 24–48 ชม. และมี 28 จุดที่ใกล้ตลิ่งหรือคลองเต็ม
    ✓ 5) น้ำเหนือที่นครสวรรค์ไหลผ่าน 2,052 ลบ.ม./วินาที ลดลงจากเมื่อวาน 98
    ✓ 6) เขื่อนเจ้าพระยาระบายน้ำ 2,500 ลบ.ม./วินาที ทรงตัวเท่าเดิม
    ✓ 7) น้ำเหนือกำลังมาเพิ่มขึ้น 3 สถานี ที่อุตรดิตถ์ สตูล และสระบุรี
    ✓ 8) มี 29 สถานีที่น้ำขึ้นเร็ว เช่น ที่พิษณุโลก ตราด และเลย
    ✓ 9) ฝนที่ตกมากที่สุดใน 24 ชม. ที่ผ่านมาอยู่ที่ 141 มม. ที่ ทต.หนองเลิง จ.บึงกาฬ
    ✓ 10) อีก 24 ชม. ข้างหน้า คาดว่าจะมีฝนหนักแถวจังหวัดนราธิวาส
    ✓ 11) ส่วนใหญ่ยังรับน้ำได้ คือ 624 จาก 845 สถานี
-- run 2: 11/11 items accepted (9.8 s)
    ✓ 1) ที่พระนครศรีอยุธยา ฉะเชิงเทรา และขอนแก่น มีน้ำล้นตลิ่ง 9 สถานี และน้ำยังขึ้นอยู่
    ✓ 2) ทั่วประเทศมีน้ำล้นตลิ่ง 40 สถานีใน 15 จังหวัด ส่วนใหญ่ 31 สถานีทรงตัวหรือลดลงแล้ว
    ✓ 3) อีก 6 สถานี เช่น สมุทรปราการ กรุงเทพมหานคร และนครราชสีมา น้ำยังขึ้นและอาจถึงตลิ่งในอีก 24–48 ชม.
    ✓ 4) กรุงเทพฯ มีจุดล้นตลิ่ง 3 จุดที่ทรงตัวหรือลดลง มี 1 จุดอาจถึงตลิ่งใน 24–48 ชม. และอีก 28 จุดที่ใกล้ตลิ่งหรือคลองเต็ม
    ✓ 5) น้ำเหนือที่นครสวรรค์ไหลผ่าน 2,052 ลบ.ม./วินาที ลดลงจากเมื่อวาน 98 ลบ.ม./วินาที
    ✓ 6) เขื่อนเจ้าพระยาระบายน้ำ 2,500 ลบ.ม./วินาที ทรงตัวเท่าเดิม
    ✓ 7) น้ำเหนือกำลังมาที่ 3 สถานี คือ อุตรดิตถ์ สตูล และสระบุรี
    ✓ 8) มีน้ำขึ้นเร็ว 29 สถานี เช่น พิษณุโลก ตราด และเลย
    ✓ 9) ฝนมากที่สุดใน 24 ชม. ที่ผ่านมาอยู่ที่ ทต.หนองเลิง จ.บึงกาฬ วัดได้ 141 มม.
    ✓ 10) อีก 24 ชม. ข้างหน้า คาดว่าจะมีฝนหนักแถวจังหวัดนราธิวาส
    ✓ 11) สถานีวัดน้ำส่วนใหญ่ยังรับน้ำได้อีก 624 จากทั้งหมด 845 สถานี
-- run 3: 8/11 items accepted (10.4 s) — item 1 too long; item 3 too long; item 4 too long
    ✗ 1) มีน้ำล้นตลิ่งและยังขึ้นอยู่ 9 สถานี ส่วนใหญ่อยู่ที่พระนครศรีอยุธยา 7 สถานี และอีกสถานีละที่ฉะเชิงเทรากับขอนแก่น
    ✓ 2) รวมแล้วมีจุดล้นตลิ่ง 40 สถานีใน 15 จังหวัด โดยส่วนใหญ่ถึง 31 สถานีทรงตัวหรือลดลงแล้ว
    ✗ 3) ยังมีอีก 6 สถานีที่น้ำยังขึ้นและอาจถึงตลิ่งในอีกประมาณหนึ่งถึงสองวัน เช่น ที่สมุทรปราการ กรุงเทพมหานคร และนครราชสีมา
    ✗ 4) กรุงเทพฯ มีจุดล้นตลิ่ง 3 จุดที่ทรงตัวหรือลดลง มี 1 จุดที่อาจถึงตลิ่งในอีกหนึ่งถึงสองวัน และมี 28 จุดที่ใกล้ตลิ่งหรือคลองเต็ม
    ✓ 5) น้ำเหนือที่นครสวรรค์ไหลผ่าน 2,052 ลบ.ม./วินาที ลดลงจากเมื่อวาน 98
    ✓ 6) เขื่อนเจ้าพระยายังระบายน้ำ 2,500 ลบ.ม./วินาที ทรงตัวเท่าเดิม
    ✓ 7) น้ำเหนือกำลังมาเพิ่มที่ 3 สถานี ได้แก่ อุตรดิตถ์ สตูล และสระบุรี
    ✓ 8) มีน้ำขึ้นเร็ว 29 สถานี เช่น ที่พิษณุโลก ตราด และเลย
    ✓ 9) ฝนที่มากที่สุดใน 24 ชม. ที่ผ่านมาวัดได้ 141 มม. ที่ ทต.หนองเลิง จ.บึงกาฬ
    ✓ 10) อีก 24 ชม. ข้างหน้า คาดว่าจะมีฝนหนักแถว จ.นราธิวาส
    ✓ 11) ส่วนใหญ่ของสถานีทั้งหมด 845 แห่ง ถึง 624 แห่งยังรับน้ำได้อยู่
-- run 4: 9/11 items accepted (9.6 s) — item 3 dropped 'ยังขึ้น'; item 4 too long
    ✓ 1) มีน้ำล้นตลิ่งและยังขึ้นอยู่ 9 สถานี ส่วนใหญ่อยู่ที่พระนครศรีอยุธยา และอีกหน่อยที่ฉะเชิงเทรากับขอนแก่น
    ✓ 2) ทั่วประเทศมีจุดล้นตลิ่ง 40 สถานีใน 15 จังหวัด แต่ส่วนใหญ่ทรงตัวหรือลดลงแล้ว
    ✗ 3) ยังมี 6 สถานีที่น้ำกำลังขึ้นและอาจถึงตลิ่งในอีกราว 24–48 ชม. เช่น สมุทรปราการ กรุงเทพมหานคร และนครราชสีมา
    ✗ 4) กรุงเทพฯ มีจุดล้นตลิ่ง 3 จุดที่ทรงตัวหรือลดลง มีอีก 1 จุดที่อาจถึงตลิ่งใน 24–48 ชม. และมี 28 จุดที่ใกล้ตลิ่งหรือคลองเต็ม
    ✓ 5) น้ำเหนือที่นครสวรรค์ไหลผ่าน 2,052 ลบ.ม./วินาที ลดลงจากเมื่อวาน 98
    ✓ 6) เขื่อนเจ้าพระยาระบายน้ำ 2,500 ลบ.ม./วินาที ทรงตัวเท่าเดิม
    ✓ 7) ยังมีน้ำเหนือกำลังมาที่ 3 สถานี คือ อุตรดิตถ์ สตูล และสระบุรี
    ✓ 8) มี 29 สถานีที่น้ำขึ้นเร็ว เช่น ที่พิษณุโลก ตราด และเลย
    ✓ 9) ฝนที่มากที่สุดใน 24 ชม. ที่ผ่านมาตวงได้ 141 มม. ที่ ทต.หนองเลิง จ.บึงกาฬ
    ✓ 10) ในอีก 24 ชม. คาดว่าจะมีฝนหนักแถว จ.นราธิวาส
    ✓ 11) สถานีตรวจวัดส่วนใหญ่ยังรับน้ำได้ คือ 624 จาก 845 สถานี
-- run 5: 9/11 items accepted (10.5 s) — item 1 too long; item 1 dropped 'ยังขึ้น'; item 4 too long
    ✗ 1) ตอนนี้มีน้ำล้นตลิ่งและกำลังขึ้นอยู่ 9 สถานี ส่วนใหญ่อยู่ที่พระนครศรีอยุธยา 7 แห่ง ที่เหลือคือฉะเชิงเทราและขอนแก่น
    ✓ 2) ทั้งประเทศมีจุดล้นตลิ่งรวม 40 สถานีใน 15 จังหวัด สบายใจได้ว่าส่วนใหญ่ทรงตัวหรือลดลงแล้วถึง 31 สถานี
    ✓ 3) ยังมี 6 สถานีที่น้ำยังขึ้นและอาจถึงตลิ่งในอีก 24–48 ชม. เช่นที่สมุทรปราการ กรุงเทพมหานคร และนครราชสีมา
    ✗ 4) กรุงเทพฯ มีจุดล้นตลิ่ง 3 จุดที่ทรงตัวหรือลดลง มีอีก 1 จุดที่อาจถึงตลิ่งใน 24–48 ชม. และมี 28 จุดที่ใกล้ตลิ่งหรือคลองเต็ม
    ✓ 5) น้ำเหนือที่นครสวรรค์ตอนนี้อยู่ที่ 2,052 ลบ.ม./วินาที ลดลงจากเมื่อวาน 98
    ✓ 6) เขื่อนเจ้าพระยาระบายน้ำอยู่ที่ 2,500 ลบ.ม./วินาที ทรงตัวเท่าเดิม
    ✓ 7) มีน้ำเหนือกำลังไหลมาที่ 3 สถานี คือที่อุตรดิตถ์ สตูล และสระบุรี
    ✓ 8) มีน้ำขึ้นเร็วอยู่ 29 สถานี เช่นที่พิษณุโลก ตราด และเลย
    ✓ 9) ฝนที่มากที่สุดใน 24 ชม. ที่ผ่านมาวัดได้ 141 มม. ที่ ทต.หนองเลิง จ.บึงกาฬ
    ✓ 10) อีก 24 ชม. ข้างหน้าคาดว่าจะมีฝนหนักแถวจังหวัดนราธิวาส
    ✓ 11) ทั่วประเทศยังรับน้ำได้อีก 624 จาก 845 สถานี
-- run 6: 9/11 items accepted (10.9 s) — item 1 too long; item 1 dropped 'ยังขึ้น'; item 3 dropped 'เช่น'
    ✗ 1) ตอนนี้มีน้ำล้นตลิ่งและกำลังขึ้นอยู่ 9 สถานี ส่วนใหญ่อยู่ที่พระนครศรีอยุธยา 7 สถานี ที่เหลืออยู่ที่ฉะเชิงเทราและขอนแก่นสถานีละแห่ง
    ✓ 2) รวมทั่วประเทศมีน้ำล้นตลิ่ง 40 สถานีใน 15 จังหวัด สบายใจได้ว่าส่วนใหญ่ถึง 31 สถานีทรงตัวหรือลดลงแล้ว
    ✗ 3) มีอีก 6 สถานีที่น้ำยังขึ้นและอาจถึงตลิ่งในอีก 24–48 ชม. อย่างที่สมุทรปราการ กรุงเทพมหานคร และนครราชสีมา
    ✓ 4) กรุงเทพฯ มีน้ำล้นตลิ่ง 3 จุดที่ทรงตัวหรือลดลง อีก 1 จุดอาจถึงตลิ่งใน 24–48 ชม. และมี 28 จุดที่ใกล้ตลิ่งหรือคลองเต็ม
    ✓ 5) น้ำเหนือที่นครสวรรค์ไหลผ่าน 2,052 ลบ.ม./วินาที ลดลงจากเมื่อวาน 98 ลบ.ม./วินาที
    ✓ 6) เขื่อนเจ้าพระยาระบายน้ำ 2,500 ลบ.ม./วินาที ทรงตัวเท่าเดิม
    ✓ 7) มีน้ำเหนือกำลังมาที่ 3 สถานี คือที่อุตรดิตถ์ สตูล และสระบุรี
    ✓ 8) มีน้ำขึ้นเร็วอยู่ 29 สถานี เช่น ที่พิษณุโลก ตราด และเลย
    ✓ 9) ฝนที่ตกมากที่สุดใน 24 ชม. ที่ผ่านมาอยู่ที่ 141 มม. ที่ ทต.หนองเลิง จ.บึงกาฬ
    ✓ 10) อีก 24 ชม. ข้างหน้า คาดว่าจะมีฝนหนักแถวจังหวัดนราธิวาส
    ✓ 11) ทั่วประเทศยังรับน้ำได้อีก 624 จาก 845 สถานี

SUMMARY {"glm-5.3-flash": {"items_accepted_avg": 9.3, "of": 11, "runs": 6, "item_len_avg": 75, "sec_avg": 10.2}}
