runs: 96287; gauges 1023; observations (hourly) 221206; from 2026-09-26 12:27 UTC
generations: mvp-0.1 (294 gauges), star-0.2 (1021 gauges), star-0.3 (987 gauges), star-0.4 (990 gauges), star-0.4+cal (1001 gauges) ; forecast by all: 266

=== gauges every generation forecast — issued median vs what happened
generation     h      n  MAE cm no-change vs no-change model served where served 50% held 90% held
mvp-0.1        6    547    17.4      21.4       -18.4 %        52.7 %      -37.4 %    45.3 %    85.0 %
mvp-0.1       12    546    21.1      20.9        +1.4 %        54.0 %       +8.8 %    56.4 %    89.9 %
mvp-0.1       24    546    35.0      38.0        -7.9 %        48.7 %      -36.9 %    49.5 %    88.1 %
mvp-0.1       48    543    35.6      40.8       -12.9 %        48.8 %      -40.4 %    52.3 %    89.0 %
mvp-0.1       72    546    45.3      53.5       -15.3 %        38.6 %      -51.1 %    52.4 %    85.3 %
star-0.2       6   4596    12.5      13.3        -6.5 %        47.9 %      -10.4 %    55.5 %    89.2 %
star-0.2      12   4712    16.7      17.1        -2.3 %        50.1 %       -2.8 %    51.8 %    89.2 %
star-0.2      24   4615    16.3      17.4        -6.4 %        41.7 %      -13.2 %    48.3 %    87.4 %
star-0.2      48   4412    24.6      26.1        -5.9 %        50.8 %      -14.8 %    45.5 %    84.6 %
star-0.2      72   3861    30.4      31.8        -4.6 %        58.5 %      -13.6 %    44.4 %    81.2 %
star-0.3       6   5575    14.3      15.1        -5.4 %        47.7 %      -10.4 %    52.1 %    88.5 %
star-0.3      12   5607    18.6      18.9        -1.9 %        50.8 %       -3.1 %    47.1 %    84.3 %
star-0.3      24   5578    12.5      13.0        -3.4 %        40.3 %      -10.5 %    57.8 %    91.1 %
star-0.3      48   3984    24.4      23.0        +6.2 %        43.3 %      +15.0 %    46.2 %    87.5 %
star-0.4       6   4536    15.6      15.2        +2.8 %        48.8 %       +6.8 %    50.4 %    88.2 %
star-0.4      12   4308    15.4      15.4        -0.2 %        52.1 %       -1.0 %    52.2 %    87.0 %
star-0.4      24   4639    20.2      20.1        +0.3 %        52.3 %       -7.4 %    42.7 %    80.7 %
star-0.4+cal   6   6947    13.0      13.2        -1.2 %        46.8 %       -5.3 %    42.1 %    83.9 %
star-0.4+cal  12   5173    18.4      19.0        -3.4 %        52.3 %      -11.3 %    36.5 %    81.3 %
star-0.4+cal  24   1573    15.8      15.3        +3.4 %        54.5 %       -0.0 %    37.5 %    85.8 %

=== all gauges — issued median vs what happened
generation     h      n  MAE cm no-change vs no-change model served where served 50% held 90% held
mvp-0.1        6    602    28.4      31.8       -10.8 %        49.2 %      -27.9 %    44.9 %    84.4 %
mvp-0.1       12    602    35.4      37.2        -4.8 %        51.0 %      -13.6 %    55.1 %    89.0 %
mvp-0.1       24    600    49.7      52.6        -5.6 %        46.3 %      -37.2 %    47.8 %    87.5 %
mvp-0.1       48    597    64.1      69.3        -7.5 %        46.4 %      -41.7 %    49.9 %    87.6 %
mvp-0.1       72    596    73.3      81.0        -9.6 %        36.6 %      -50.5 %    49.5 %    83.6 %
star-0.2       6  10984    12.1      13.6       -11.3 %        45.7 %      -20.5 %    54.9 %    89.3 %
star-0.2      12  11096    17.1      19.1       -10.7 %        46.1 %      -22.2 %    53.1 %    89.0 %
star-0.2      24  10962    20.1      21.5        -6.6 %        37.8 %      -17.9 %    51.5 %    88.2 %
star-0.2      48  10730    31.1      32.0        -2.8 %        40.5 %      -13.6 %    48.2 %    85.7 %
star-0.2      72   8545    39.9      39.7        +0.5 %        43.3 %       -8.7 %    46.2 %    82.3 %
star-0.3       6  23519    10.4      13.1       -20.5 %        55.1 %      -32.5 %    49.2 %    88.2 %
star-0.3      12  23542    14.0      17.4       -19.6 %        53.5 %      -32.2 %    48.6 %    87.6 %
star-0.3      24  24373    17.7      18.8        -5.7 %        43.6 %      -15.7 %    48.1 %    87.7 %
star-0.3      48  16053    32.1      31.5        +1.9 %        41.1 %       -5.6 %    41.7 %    85.0 %
star-0.4       6  18412    11.2      13.3       -15.4 %        58.9 %      -24.6 %    46.6 %    86.2 %
star-0.4      12  17884    16.2      18.9       -14.5 %        58.3 %      -23.5 %    44.4 %    84.0 %
star-0.4      24  16938    23.0      23.8        -3.5 %        55.8 %      -10.9 %    39.1 %    81.0 %
star-0.4+cal   6  25676    12.9      15.2       -15.4 %        57.8 %      -24.8 %    39.4 %    80.6 %
star-0.4+cal  12  18729    18.8      21.8       -13.8 %        57.5 %      -24.5 %    37.6 %    80.8 %
star-0.4+cal  24   5565    21.1      21.8        -3.1 %        55.4 %       -9.6 %    38.0 %    83.4 %
SUMMARY_JSON {"same|mvp-0.1|6": {"n": 547, "mae_cm": 17.4, "no_change_cm": 21.4, "vs_no_change_pct": -18.4, "model_served_pct": 52.7, "where_served_pct": -37.4, "held50_pct": 45.3, "held90_pct": 85.0}, "same|mvp-0.1|12": {"n": 546, "mae_cm": 21.1, "no_change_cm": 20.9, "vs_no_change_pct": 1.4, "model_served_pct": 54.0, "where_served_pct": 8.8, "held50_pct": 56.4, "held90_pct": 89.9}, "same|mvp-0.1|24": {"n": 546, "mae_cm": 35.0, "no_change_cm": 38.0, "vs_no_change_pct": -7.9, "model_served_pct": 48.7, "where_served_pct": -36.9, "held50_pct": 49.5, "held90_pct": 88.1}, "same|mvp-0.1|48": {"n": 543, "mae_cm": 35.6, "no_change_cm": 40.8, "vs_no_change_pct": -12.9, "model_served_pct": 48.8, "where_served_pct": -40.4, "held50_pct": 52.3, "held90_pct": 89.0}, "same|mvp-0.1|72": {"n": 546, "mae_cm": 45.3, "no_change_cm": 53.5, "vs_no_change_pct": -15.3, "model_served_pct": 38.6, "where_served_pct": -51.1, "held50_pct": 52.4, "held90_pct": 85.3}, "same|star-0.2|6": {"n": 4596, "mae_cm": 12.5, "no_change_cm": 13.3, "vs_no_change_pct": -6.5, "model_served_pct": 47.9, "where_served_pct": -10.4, "held50_pct": 55.5, "held90_pct": 89.2}, "same|star-0.2|12": {"n": 4712, "mae_cm": 16.7, "no_change_cm": 17.1, "vs_no_change_pct": -2.3, "model_served_pct": 50.1, "where_served_pct": -2.8, "held50_pct": 51.8, "held90_pct": 89.2}, "same|star-0.2|24": {"n": 4615, "mae_cm": 16.3, "no_change_cm": 17.4, "vs_no_change_pct": -6.4, "model_served_pct": 41.7, "where_served_pct": -13.2, "held50_pct": 48.3, "held90_pct": 87.4}, "same|star-0.2|48": {"n": 4412, "mae_cm": 24.6, "no_change_cm": 26.1, "vs_no_change_pct": -5.9, "model_served_pct": 50.8, "where_served_pct": -14.8, "held50_pct": 45.5, "held90_pct": 84.6}, "same|star-0.2|72": {"n": 3861, "mae_cm": 30.4, "no_change_cm": 31.8, "vs_no_change_pct": -4.6, "model_served_pct": 58.5, "where_served_pct": -13.6, "held50_pct": 44.4, "held90_pct": 81.2}, "same|star-0.3|6": {"n": 5575, "mae_cm": 14.3, "no_change_cm": 15.1, "vs_no_change_pct": -5.4, "model_served_pct": 47.7, "where_served_pct": -10.4, "held50_pct": 52.1, "held90_pct": 88.5}, "same|star-0.3|12": {"n": 5607, "mae_cm": 18.6, "no_change_cm": 18.9, "vs_no_change_pct": -1.9, "model_served_pct": 50.8, "where_served_pct": -3.1, "held50_pct": 47.1, "held90_pct": 84.3}, "same|star-0.3|24": {"n": 5578, "mae_cm": 12.5, "no_change_cm": 13.0, "vs_no_change_pct": -3.4, "model_served_pct": 40.3, "where_served_pct": -10.5, "held50_pct": 57.8, "held90_pct": 91.1}, "same|star-0.3|48": {"n": 3984, "mae_cm": 24.4, "no_change_cm": 23.0, "vs_no_change_pct": 6.2, "model_served_pct": 43.3, "where_served_pct": 15.0, "held50_pct": 46.2, "held90_pct": 87.5}, "same|star-0.4|6": {"n": 4536, "mae_cm": 15.6, "no_change_cm": 15.2, "vs_no_change_pct": 2.8, "model_served_pct": 48.8, "where_served_pct": 6.8, "held50_pct": 50.4, "held90_pct": 88.2}, "same|star-0.4|12": {"n": 4308, "mae_cm": 15.4, "no_change_cm": 15.4, "vs_no_change_pct": -0.2, "model_served_pct": 52.1, "where_served_pct": -1.0, "held50_pct": 52.2, "held90_pct": 87.0}, "same|star-0.4|24": {"n": 4639, "mae_cm": 20.2, "no_change_cm": 20.1, "vs_no_change_pct": 0.3, "model_served_pct": 52.3, "where_served_pct": -7.4, "held50_pct": 42.7, "held90_pct": 80.7}, "same|star-0.4+cal|6": {"n": 6947, "mae_cm": 13.0, "no_change_cm": 13.2, "vs_no_change_pct": -1.2, "model_served_pct": 46.8, "where_served_pct": -5.3, "held50_pct": 42.1, "held90_pct": 83.9}, "same|star-0.4+cal|12": {"n": 5173, "mae_cm": 18.4, "no_change_cm": 19.0, "vs_no_change_pct": -3.4, "model_served_pct": 52.3, "where_served_pct": -11.3, "held50_pct": 36.5, "held90_pct": 81.3}, "same|star-0.4+cal|24": {"n": 1573, "mae_cm": 15.8, "no_change_cm": 15.3, "vs_no_change_pct": 3.4, "model_served_pct": 54.5, "where_served_pct": -0.0, "held50_pct": 37.5, "held90_pct": 85.8}, "all|mvp-0.1|6": {"n": 602, "mae_cm": 28.4, "no_change_cm": 31.8, "vs_no_change_pct": -10.8, "model_served_pct": 49.2, "where_served_pct": -27.9, "held50_pct": 44.9, "held90_pct": 84.4}, "all|mvp-0.1|12": {"n": 602, "mae_cm": 35.4, "no_change_cm": 37.2, "vs_no_change_pct": -4.8, "model_served_pct": 51.0, "where_served_pct": -13.6, "held50_pct": 55.1, "held90_pct": 89.0}, "all|mvp-0.1|24": {"n": 600, "mae_cm": 49.7, "no_change_cm": 52.6, "vs_no_change_pct": -5.6, "model_served_pct": 46.3, "where_served_pct": -37.2, "held50_pct": 47.8, "held90_pct": 87.5}, "all|mvp-0.1|48": {"n": 597, "mae_cm": 64.1, "no_change_cm": 69.3, "vs_no_change_pct": -7.5, "model_served_pct": 46.4, "where_served_pct": -41.7, "held50_pct": 49.9, "held90_pct": 87.6}, "all|mvp-0.1|72": {"n": 596, "mae_cm": 73.3, "no_change_cm": 81.0, "vs_no_change_pct": -9.6, "model_served_pct": 36.6, "where_served_pct": -50.5, "held50_pct": 49.5, "held90_pct": 83.6}, "all|star-0.2|6": {"n": 10984, "mae_cm": 12.1, "no_change_cm": 13.6, "vs_no_change_pct": -11.3, "model_served_pct": 45.7, "where_served_pct": -20.5, "held50_pct": 54.9, "held90_pct": 89.3}, "all|star-0.2|12": {"n": 11096, "mae_cm": 17.1, "no_change_cm": 19.1, "vs_no_change_pct": -10.7, "model_served_pct": 46.1, "where_served_pct": -22.2, "held50_pct": 53.1, "held90_pct": 89.0}, "all|star-0.2|24": {"n": 10962, "mae_cm": 20.1, "no_change_cm": 21.5, "vs_no_change_pct": -6.6, "model_served_pct": 37.8, "where_served_pct": -17.9, "held50_pct": 51.5, "held90_pct": 88.2}, "all|star-0.2|48": {"n": 10730, "mae_cm": 31.1, "no_change_cm": 32.0, "vs_no_change_pct": -2.8, "model_served_pct": 40.5, "where_served_pct": -13.6, "held50_pct": 48.2, "held90_pct": 85.7}, "all|star-0.2|72": {"n": 8545, "mae_cm": 39.9, "no_change_cm": 39.7, "vs_no_change_pct": 0.5, "model_served_pct": 43.3, "where_served_pct": -8.7, "held50_pct": 46.2, "held90_pct": 82.3}, "all|star-0.3|6": {"n": 23519, "mae_cm": 10.4, "no_change_cm": 13.1, "vs_no_change_pct": -20.5, "model_served_pct": 55.1, "where_served_pct": -32.5, "held50_pct": 49.2, "held90_pct": 88.2}, "all|star-0.3|12": {"n": 23542, "mae_cm": 14.0, "no_change_cm": 17.4, "vs_no_change_pct": -19.6, "model_served_pct": 53.5, "where_served_pct": -32.2, "held50_pct": 48.6, "held90_pct": 87.6}, "all|star-0.3|24": {"n": 24373, "mae_cm": 17.7, "no_change_cm": 18.8, "vs_no_change_pct": -5.7, "model_served_pct": 43.6, "where_served_pct": -15.7, "held50_pct": 48.1, "held90_pct": 87.7}, "all|star-0.3|48": {"n": 16053, "mae_cm": 32.1, "no_change_cm": 31.5, "vs_no_change_pct": 1.9, "model_served_pct": 41.1, "where_served_pct": -5.6, "held50_pct": 41.7, "held90_pct": 85.0}, "all|star-0.4|6": {"n": 18412, "mae_cm": 11.2, "no_change_cm": 13.3, "vs_no_change_pct": -15.4, "model_served_pct": 58.9, "where_served_pct": -24.6, "held50_pct": 46.6, "held90_pct": 86.2}, "all|star-0.4|12": {"n": 17884, "mae_cm": 16.2, "no_change_cm": 18.9, "vs_no_change_pct": -14.5, "model_served_pct": 58.3, "where_served_pct": -23.5, "held50_pct": 44.4, "held90_pct": 84.0}, "all|star-0.4|24": {"n": 16938, "mae_cm": 23.0, "no_change_cm": 23.8, "vs_no_change_pct": -3.5, "model_served_pct": 55.8, "where_served_pct": -10.9, "held50_pct": 39.1, "held90_pct": 81.0}, "all|star-0.4+cal|6": {"n": 25676, "mae_cm": 12.9, "no_change_cm": 15.2, "vs_no_change_pct": -15.4, "model_served_pct": 57.8, "where_served_pct": -24.8, "held50_pct": 39.4, "held90_pct": 80.6}, "all|star-0.4+cal|12": {"n": 18729, "mae_cm": 18.8, "no_change_cm": 21.8, "vs_no_change_pct": -13.8, "model_served_pct": 57.5, "where_served_pct": -24.5, "held50_pct": 37.6, "held90_pct": 80.8}, "all|star-0.4+cal|24": {"n": 5565, "mae_cm": 21.1, "no_change_cm": 21.8, "vs_no_change_pct": -3.1, "model_served_pct": 55.4, "where_served_pct": -9.6, "held50_pct": 38.0, "held90_pct": 83.4}}
