hourly 2023-09-29 … 2026-10-06, 1103 days; releases 3200 days
rain: 2 basins between the dam and the city; forecast archive 2026-07-06 … 2026-10-06
issue days 1060: odd months 547, even months 513
lags (h) fitted on even months: {'B.18': 0, 'B.10': 35, 'B.16': 45, 'B.15': 54, 'PCH001': 55} · on odd months: {'B.18': 0, 'B.10': 30, 'B.16': 39, 'B.15': 46, 'PCH001': 43}

=== sample 1 (odd months; fits on even months; observed rain): MAE cm (90 % abs error) per point and lead day
B.18    d1 n 500 · keep   5.5 · MR   5.6 ( 14.7) · WA  44.3 ( 78.9) · WN   5.1 ( 15.0) · GN   5.1 ( 13.9) · RR   5.6 ( 13.6) · RN   6.5 ( 15.8) · AR   5.7 ( 14.7) · AN   5.5 ( 13.9) · BL   5.6 ( 13.3) · GR   5.1 ( 13.9) · GW   5.1 ( 13.9) · GM   5.2 ( 13.2) · HY   5.1 ( 15.0)
B.18    d2 n 503 · keep   9.1 · MR   9.1 ( 24.8) · WA  45.0 ( 79.6) · WN   7.4 ( 19.2) · GN   6.7 ( 15.7) · RR   7.1 ( 16.5) · RN  10.6 ( 26.6) · AR   8.2 ( 22.1) · AN   8.3 ( 22.0) · BL   7.4 ( 19.9) · GR   6.7 ( 15.7) · GW   6.7 ( 15.7) · GM   6.7 ( 15.8) · HY   7.4 ( 19.2)
B.18    d3 n 499 · keep  12.0 · MR  12.0 ( 31.7) · WA  45.1 ( 81.1) · WN   9.2 ( 23.9) · GN   7.9 ( 18.1) · RR   8.5 ( 19.4) · RN  13.6 ( 35.7) · AR   9.7 ( 25.4) · AN  10.4 ( 26.8) · BL   8.7 ( 21.9) · GR   7.9 ( 18.1) · GW   7.9 ( 18.1) · GM   7.9 ( 18.2) · HY   9.2 ( 23.9)
B.18    d4 n 503 · keep  14.1 · MR  14.1 ( 38.6) · WA  45.3 ( 81.4) · WN  10.5 ( 26.4) · GN   8.8 ( 20.3) · RR   9.2 ( 20.3) · RN  16.1 ( 46.7) · AR  10.0 ( 25.5) · AN  12.1 ( 33.0) · BL   9.1 ( 22.3) · GR   8.8 ( 20.3) · GW   8.8 ( 20.3) · GM   8.8 ( 20.4) · HY  10.5 ( 26.4)
B.18    d5 n 502 · keep  15.6 · MR  15.6 ( 43.8) · WA  45.4 ( 82.0) · WN  11.2 ( 30.6) · GN   9.1 ( 21.7) · RR   9.8 ( 22.3) · RN  18.0 ( 51.1) · AR  10.3 ( 25.0) · AN  12.9 ( 35.7) · BL   9.7 ( 23.8) · GR   9.1 ( 21.7) · GW   9.1 ( 21.7) · GM   9.1 ( 21.7) · HY  11.2 ( 30.6)
B.18    d6 n 499 · keep  16.7 · MR  16.7 ( 49.7) · WA  45.4 ( 82.5) · WN  11.6 ( 32.7) · GN   9.3 ( 21.6) · RR  10.4 ( 24.4) · RN  19.3 ( 54.4) · AR  10.5 ( 24.4) · AN  13.1 ( 37.0) · BL   9.7 ( 21.7) · GR   9.3 ( 21.6) · GW   9.3 ( 21.6) · GM   9.3 ( 21.5) · HY  11.6 ( 32.7)
B.18    d7 n 503 · keep  17.5 · MR  17.5 ( 48.2) · WA  45.4 ( 81.3) · WN  11.7 ( 33.0) · GN   9.4 ( 22.0) · RR   9.6 ( 23.5) · RN  19.9 ( 54.0) · AR  10.5 ( 24.1) · AN  13.5 ( 37.8) · BL   9.2 ( 22.0) · GR   9.4 ( 22.0) · GW   9.4 ( 22.0) · GM   9.4 ( 21.8) · HY  11.7 ( 33.0)
B.10    d1 n 505 · keep   8.3 · MR   8.7 ( 21.4) · WA  81.3 (154.4) · WN   8.3 ( 22.2) · GN   8.3 ( 22.2) · RR   8.2 ( 19.6) · RN   8.2 ( 19.6) · AR   8.2 ( 19.6) · AN   7.7 ( 18.9) · BL   8.2 ( 19.6) · GR   8.3 ( 20.5) · GW   8.2 ( 20.2) · GM   8.7 ( 21.4) · HY   8.3 ( 22.2)
B.10    d2 n 511 · keep  14.2 · MR  15.4 ( 33.9) · WA  83.5 (155.7) · WN  18.6 ( 42.7) · GN  15.0 ( 35.8) · RR  16.5 ( 34.9) · RN  15.8 ( 34.7) · AR  16.8 ( 37.0) · AN  13.7 ( 31.1) · BL  16.6 ( 35.7) · GR  15.0 ( 34.7) · GW  14.9 ( 35.0) · GM  15.9 ( 34.3) · HY  15.0 ( 35.8)
B.10    d3 n 506 · keep  18.4 · MR  19.8 ( 45.2) · WA  85.7 (157.9) · WN  25.3 ( 62.8) · GN  19.7 ( 46.7) · RR  21.1 ( 48.2) · RN  20.2 ( 45.7) · AR  21.7 ( 50.7) · AN  18.0 ( 40.6) · BL  21.3 ( 48.4) · GR  19.7 ( 46.7) · GW  19.7 ( 46.7) · GM  20.7 ( 49.8) · HY  19.7 ( 46.7)
B.10    d4 n 511 · keep  21.2 · MR  22.0 ( 49.9) · WA  87.1 (165.5) · WN  30.4 ( 78.8) · GN  22.3 ( 51.1) · RR  24.4 ( 53.2) · RN  23.0 ( 48.8) · AR  25.5 ( 56.4) · AN  20.5 ( 48.3) · BL  24.8 ( 52.7) · GR  22.3 ( 51.1) · GW  22.3 ( 51.1) · GM  22.9 ( 52.6) · HY  22.3 ( 51.1)
B.10    d5 n 511 · keep  22.9 · MR  23.7 ( 54.1) · WA  88.6 (174.0) · WN  33.8 ( 92.0) · GN  23.3 ( 54.3) · RR  25.7 ( 50.2) · RN  25.3 ( 52.5) · AR  26.9 ( 54.4) · AN  22.3 ( 52.9) · BL  26.1 ( 51.3) · GR  23.3 ( 54.3) · GW  23.3 ( 54.3) · GM  24.1 ( 55.8) · HY  23.3 ( 54.3)
B.10    d6 n 506 · keep  23.7 · MR  24.6 ( 58.2) · WA  90.1 (177.6) · WN  36.2 (101.8) · GN  23.7 ( 54.6) · RR  26.9 ( 53.6) · RN  27.3 ( 53.8) · AR  28.3 ( 57.8) · AN  23.1 ( 54.6) · BL  27.4 ( 55.0) · GR  23.7 ( 54.6) · GW  23.7 ( 54.6) · GM  24.6 ( 58.2) · HY  23.7 ( 54.6)
B.10    d7 n 512 · keep  24.1 · MR  24.5 ( 58.2) · WA  90.8 (178.9) · WN  37.9 (106.5) · GN  23.2 ( 51.6) · RR  26.2 ( 52.4) · RN  27.9 ( 55.5) · AR  27.7 ( 56.9) · AN  23.3 ( 54.5) · BL  26.8 ( 52.7) · GR  23.2 ( 51.6) · GW  23.2 ( 51.6) · GM  23.5 ( 56.8) · HY  23.2 ( 51.6)
B.16    d1 n 492 · keep   8.4 · MR   8.8 ( 20.2) · WA 144.6 (256.6) · WN   8.4 ( 20.2) · GN   8.4 ( 20.2) · RR   8.1 ( 19.7) · RN   8.1 ( 19.7) · AR   8.1 ( 19.7) · AN   7.5 ( 17.9) · BL   8.1 ( 19.7) · GR   8.5 ( 20.1) · GW   8.4 ( 20.2) · GM   8.8 ( 20.2) · HY   8.4 ( 20.2)
B.16    d2 n 497 · keep  14.8 · MR  15.9 ( 37.2) · WA 142.3 (252.9) · WN  14.8 ( 34.6) · GN  14.8 ( 34.6) · RR  16.0 ( 38.1) · RN  16.0 ( 38.1) · AR  16.0 ( 38.1) · AN  13.9 ( 32.9) · BL  16.0 ( 38.1) · GR  14.8 ( 35.5) · GW  14.8 ( 35.4) · GM  15.9 ( 37.2) · HY  14.8 ( 34.6)
B.16    d3 n 491 · keep  19.2 · MR  20.9 ( 51.0) · WA 146.8 (253.4) · WN  23.1 ( 56.0) · GN  20.1 ( 50.6) · RR  22.3 ( 48.7) · RN  21.6 ( 45.9) · AR  23.8 ( 49.3) · AN  18.1 ( 43.1) · BL  22.9 ( 48.4) · GR  20.1 ( 48.4) · GW  20.0 ( 48.6) · GM  21.7 ( 53.4) · HY  20.1 ( 50.6)
B.16    d4 n 495 · keep  22.6 · MR  24.2 ( 61.1) · WA 147.9 (255.4) · WN  30.3 ( 69.9) · GN  23.9 ( 58.3) · RR  26.6 ( 60.5) · RN  25.3 ( 53.7) · AR  29.8 ( 70.2) · AN  21.6 ( 49.9) · BL  27.8 ( 64.5) · GR  23.9 ( 58.3) · GW  23.9 ( 58.3) · GM  25.4 ( 64.5) · HY  23.9 ( 58.3)
B.16    d5 n 494 · keep  24.3 · MR  26.2 ( 59.9) · WA 149.1 (262.5) · WN  34.8 ( 76.8) · GN  25.4 ( 60.7) · RR  29.5 ( 61.4) · RN  27.7 ( 57.3) · AR  33.8 ( 78.0) · AN  22.9 ( 54.9) · BL  31.3 ( 68.4) · GR  25.4 ( 60.7) · GW  25.4 ( 60.7) · GM  27.3 ( 63.0) · HY  25.4 ( 60.7)
B.16    d6 n 488 · keep  25.1 · MR  27.3 ( 59.6) · WA 151.2 (268.2) · WN  37.7 ( 84.0) · GN  25.5 ( 59.7) · RR  30.0 ( 64.8) · RN  29.1 ( 63.7) · AR  34.7 ( 76.3) · AN  24.3 ( 56.6) · BL  31.9 ( 66.1) · GR  25.5 ( 59.7) · GW  25.5 ( 59.7) · GM  27.7 ( 59.9) · HY  25.5 ( 59.7)
B.16    d7 n 493 · keep  25.6 · MR  27.8 ( 60.4) · WA 150.4 (272.6) · WN  40.3 ( 95.4) · GN  25.3 ( 61.8) · RR  29.5 ( 59.2) · RN  30.1 ( 61.3) · AR  37.4 ( 82.3) · AN  24.8 ( 58.0) · BL  32.3 ( 67.8) · GR  25.3 ( 61.8) · GW  25.3 ( 61.8) · GM  27.4 ( 58.9) · HY  25.3 ( 61.8)
B.15    d1 n 505 · keep   6.6 · MR   6.8 ( 14.3) · WA  45.7 ( 74.2) · WN   6.6 ( 14.8) · GN   6.6 ( 14.8) · RR   6.8 ( 14.6) · RN   6.8 ( 14.6) · AR   6.8 ( 14.6) · AN   6.5 ( 13.9) · BL   6.8 ( 14.6) · GR   6.6 ( 14.8) · GW   6.6 ( 14.8) · GM   6.8 ( 14.3) · HY   6.6 ( 14.8)
B.15    d2 n 511 · keep  10.8 · MR  10.8 ( 21.9) · WA  45.5 ( 72.5) · WN  10.8 ( 24.2) · GN  10.8 ( 24.2) · RR  10.8 ( 22.8) · RN  10.8 ( 22.8) · AR  10.8 ( 22.8) · AN  10.2 ( 20.8) · BL  10.8 ( 22.8) · GR  10.7 ( 23.8) · GW  10.7 ( 23.8) · GM  10.8 ( 21.9) · HY  10.8 ( 24.2)
B.15    d3 n 506 · keep  13.6 · MR  13.4 ( 28.2) · WA  47.1 ( 72.2) · WN  14.9 ( 31.7) · GN  14.2 ( 30.8) · RR  13.8 ( 28.4) · RN  13.3 ( 27.9) · AR  15.1 ( 31.2) · AN  12.6 ( 26.2) · BL  14.3 ( 29.9) · GR  14.1 ( 30.3) · GW  14.2 ( 30.9) · GM  13.8 ( 29.7) · HY  14.2 ( 30.8)
B.15    d4 n 511 · keep  15.4 · MR  15.1 ( 33.5) · WA  47.3 ( 71.9) · WN  18.6 ( 38.1) · GN  16.0 ( 35.4) · RR  15.2 ( 32.3) · RN  14.6 ( 30.4) · AR  18.9 ( 38.5) · AN  14.1 ( 30.0) · BL  16.7 ( 34.9) · GR  16.0 ( 35.4) · GW  16.0 ( 35.4) · GM  15.5 ( 34.9) · HY  16.0 ( 35.4)
B.15    d5 n 511 · keep  16.8 · MR  16.2 ( 33.4) · WA  47.6 ( 72.4) · WN  21.1 ( 43.8) · GN  17.4 ( 36.5) · RR  16.4 ( 35.0) · RN  15.5 ( 32.6) · AR  20.8 ( 39.1) · AN  15.5 ( 32.4) · BL  18.3 ( 37.9) · GR  17.4 ( 36.5) · GW  17.4 ( 36.5) · GM  16.7 ( 36.3) · HY  17.4 ( 36.5)
B.15    d6 n 506 · keep  17.7 · MR  17.1 ( 35.3) · WA  47.9 ( 72.4) · WN  23.1 ( 47.2) · GN  17.9 ( 37.1) · RR  17.0 ( 34.3) · RN  16.6 ( 32.2) · AR  21.0 ( 38.2) · AN  16.2 ( 35.7) · BL  18.5 ( 37.2) · GR  17.9 ( 37.1) · GW  17.9 ( 37.1) · GM  17.3 ( 36.7) · HY  17.9 ( 37.1)
B.15    d7 n 512 · keep  18.2 · MR  17.3 ( 35.6) · WA  47.8 ( 73.3) · WN  24.6 ( 51.8) · GN  18.1 ( 38.2) · RR  16.8 ( 32.5) · RN  17.0 ( 33.1) · AR  22.6 ( 43.9) · AN  16.6 ( 37.2) · BL  19.1 ( 39.0) · GR  18.1 ( 38.2) · GW  18.1 ( 38.2) · GM  17.2 ( 35.6) · HY  18.1 ( 38.2)
PCH001  d1 n 375 · keep   6.8 · MR   7.2 ( 15.9) · WA  66.3 (127.3) · WN   6.8 ( 16.0) · GN   6.8 ( 16.0) · RR   7.5 ( 16.2) · RN   7.5 ( 16.2) · AR   7.5 ( 16.2) · AN   6.5 ( 14.0) · BL   7.5 ( 16.2) · GR   6.8 ( 15.2) · GW   6.7 ( 14.9) · GM   7.2 ( 15.9) · HY   6.8 ( 16.0)
PCH001  d2 n 373 · keep  12.0 · MR  13.1 ( 29.0) · WA  65.5 (123.9) · WN  12.0 ( 26.4) · GN  12.0 ( 26.4) · RR  14.6 ( 31.6) · RN  14.6 ( 31.6) · AR  14.6 ( 31.6) · AN  11.7 ( 27.4) · BL  14.6 ( 31.6) · GR  12.0 ( 24.9) · GW  11.8 ( 25.7) · GM  13.1 ( 29.0) · HY  12.0 ( 26.4)
PCH001  d3 n 371 · keep  15.5 · MR  17.2 ( 42.5) · WA  67.4 (125.8) · WN  18.5 ( 50.1) · GN  16.6 ( 41.3) · RR  19.0 ( 40.9) · RN  18.6 ( 37.7) · AR  20.3 ( 43.4) · AN  15.6 ( 33.9) · BL  19.6 ( 42.5) · GR  16.4 ( 37.4) · GW  16.3 ( 38.1) · GM  18.0 ( 43.7) · HY  16.6 ( 41.3)
PCH001  d4 n 369 · keep  18.1 · MR  20.0 ( 48.4) · WA  68.4 (127.6) · WN  22.1 ( 60.3) · GN  19.8 ( 50.7) · RR  22.8 ( 46.4) · RN  21.2 ( 47.1) · AR  24.1 ( 48.7) · AN  18.2 ( 43.5) · BL  23.3 ( 48.0) · GR  19.8 ( 50.5) · GW  19.8 ( 50.7) · GM  21.5 ( 54.1) · HY  19.8 ( 50.7)
PCH001  d5 n 370 · keep  19.8 · MR  22.1 ( 49.4) · WA  69.6 (131.6) · WN  25.6 ( 70.7) · GN  21.1 ( 50.1) · RR  25.6 ( 53.7) · RN  23.6 ( 52.7) · AR  27.2 ( 55.5) · AN  19.9 ( 47.4) · BL  26.3 ( 53.5) · GR  21.1 ( 50.1) · GW  21.1 ( 50.1) · GM  23.4 ( 61.7) · HY  21.1 ( 50.1)
PCH001  d6 n 370 · keep  20.6 · MR  23.5 ( 50.3) · WA  70.2 (131.2) · WN  27.8 ( 73.5) · GN  21.0 ( 45.7) · RR  27.0 ( 53.2) · RN  26.4 ( 52.9) · AR  28.8 ( 55.0) · AN  21.0 ( 49.9) · BL  27.6 ( 53.5) · GR  21.0 ( 45.7) · GW  21.0 ( 45.7) · GM  23.9 ( 51.3) · HY  21.0 ( 45.7)
PCH001  d7 n 370 · keep  21.2 · MR  23.9 ( 54.7) · WA  70.6 (129.8) · WN  29.8 ( 80.8) · GN  20.7 ( 43.5) · RR  27.3 ( 54.5) · RN  27.8 ( 57.0) · AR  28.9 ( 57.2) · AN  21.7 ( 52.5) · BL  27.9 ( 53.1) · GR  20.7 ( 43.5) · GW  20.7 ( 43.5) · GM  23.4 ( 55.0) · HY  20.7 ( 43.5)

=== sample 2 (even months; fits on odd months; observed rain): MAE cm (90 % abs error) per point and lead day
B.18    d1 n 456 · keep   4.8 · MR   5.1 ( 11.0) · WA  47.0 ( 81.4) · WN   5.0 ( 12.0) · GN   4.4 ( 10.7) · RR   5.0 ( 10.2) · RN   5.9 ( 10.9) · AR   5.5 ( 11.0) · AN   4.8 ( 10.4) · BL   5.3 ( 10.1) · GR   4.4 ( 10.7) · GW   4.4 ( 10.6) · GM   4.5 ( 10.9) · HY   5.0 ( 12.0)
B.18    d2 n 462 · keep   7.3 · MR   8.0 ( 17.2) · WA  46.3 ( 84.7) · WN   6.2 ( 14.1) · GN   5.6 ( 12.3) · RR   6.1 ( 11.9) · RN   9.5 ( 18.5) · AR   6.5 ( 13.9) · AN   6.6 ( 14.0) · BL   6.2 ( 12.2) · GR   5.6 ( 12.2) · GW   5.6 ( 12.3) · GM   5.7 ( 12.7) · HY   6.2 ( 14.1)
B.18    d3 n 456 · keep   9.3 · MR   9.8 ( 22.0) · WA  46.7 ( 83.6) · WN   7.5 ( 16.6) · GN   6.5 ( 14.0) · RR   6.6 ( 14.0) · RN  11.9 ( 24.2) · AR   7.3 ( 15.0) · AN   8.2 ( 18.8) · BL   6.7 ( 14.0) · GR   6.5 ( 14.2) · GW   6.5 ( 14.2) · GM   6.6 ( 15.2) · HY   7.5 ( 16.6)
B.18    d4 n 462 · keep  11.4 · MR  11.8 ( 27.3) · WA  46.5 ( 83.5) · WN   8.5 ( 18.1) · GN   7.6 ( 16.2) · RR   7.7 ( 16.8) · RN  14.5 ( 30.2) · AR   7.9 ( 16.5) · AN  10.3 ( 24.2) · BL   7.4 ( 15.3) · GR   7.6 ( 16.4) · GW   7.6 ( 16.3) · GM   7.8 ( 16.7) · HY   8.5 ( 18.1)
B.18    d5 n 461 · keep  13.3 · MR  13.3 ( 31.4) · WA  46.5 ( 84.9) · WN   9.5 ( 20.0) · GN   8.4 ( 17.3) · RR   8.6 ( 18.7) · RN  16.5 ( 39.5) · AR   8.7 ( 17.9) · AN  11.8 ( 27.6) · BL   8.2 ( 17.8) · GR   8.4 ( 17.3) · GW   8.4 ( 17.3) · GM   8.5 ( 18.5) · HY   9.5 ( 20.0)
B.18    d6 n 455 · keep  14.7 · MR  14.5 ( 35.8) · WA  47.0 ( 85.3) · WN  10.2 ( 21.2) · GN   9.3 ( 18.6) · RR   9.9 ( 23.3) · RN  18.0 ( 41.1) · AR   9.6 ( 19.5) · AN  12.9 ( 30.8) · BL   9.2 ( 20.3) · GR   9.3 ( 18.6) · GW   9.3 ( 18.7) · GM   9.5 ( 19.7) · HY  10.2 ( 21.2)
B.18    d7 n 461 · keep  15.7 · MR  15.5 ( 40.4) · WA  46.7 ( 85.8) · WN  10.8 ( 23.9) · GN   9.9 ( 20.0) · RR  10.5 ( 22.8) · RN  19.0 ( 47.7) · AR  10.3 ( 22.1) · AN  14.1 ( 33.7) · BL   9.9 ( 21.0) · GR  10.0 ( 20.4) · GW  10.0 ( 20.4) · GM  10.0 ( 20.6) · HY  10.8 ( 23.9)
B.10    d1 n 468 · keep   6.7 · MR   6.7 ( 15.4) · WA  73.8 (146.2) · WN   6.7 ( 15.4) · GN   6.7 ( 15.4) · RR   6.8 ( 13.4) · RN   6.8 ( 13.4) · AR   6.8 ( 13.4) · AN   6.2 ( 13.2) · BL   6.8 ( 13.4) · GR   6.7 ( 15.5) · GW   6.8 ( 15.4) · GM   6.7 ( 15.4) · HY   6.7 ( 15.4)
B.10    d2 n 474 · keep  11.7 · MR  11.6 ( 26.8) · WA  74.1 (147.1) · WN  13.9 ( 31.6) · GN  11.7 ( 27.3) · RR  12.1 ( 24.5) · RN  12.1 ( 24.6) · AR  12.8 ( 26.0) · AN  11.4 ( 24.4) · BL  12.3 ( 25.6) · GR  11.8 ( 27.9) · GW  11.8 ( 27.7) · GM  11.6 ( 27.0) · HY  11.7 ( 27.3)
B.10    d3 n 468 · keep  15.4 · MR  15.1 ( 35.5) · WA  74.8 (148.5) · WN  18.3 ( 40.7) · GN  15.4 ( 36.8) · RR  15.7 ( 31.9) · RN  15.9 ( 31.0) · AR  16.7 ( 34.6) · AN  14.7 ( 30.8) · BL  16.1 ( 32.4) · GR  15.5 ( 37.5) · GW  15.5 ( 38.0) · GM  15.1 ( 35.2) · HY  15.4 ( 36.8)
B.10    d4 n 474 · keep  18.1 · MR  17.5 ( 39.6) · WA  75.7 (150.5) · WN  22.5 ( 50.1) · GN  18.0 ( 42.7) · RR  17.5 ( 35.7) · RN  17.9 ( 35.3) · AR  19.0 ( 37.3) · AN  16.6 ( 36.4) · BL  18.1 ( 36.0) · GR  18.2 ( 42.2) · GW  18.2 ( 42.9) · GM  17.4 ( 40.6) · HY  18.0 ( 42.7)
B.10    d5 n 473 · keep  20.2 · MR  19.5 ( 43.5) · WA  76.8 (150.4) · WN  25.2 ( 53.3) · GN  20.0 ( 45.1) · RR  18.9 ( 38.5) · RN  19.4 ( 41.5) · AR  19.9 ( 40.8) · AN  18.3 ( 38.2) · BL  19.2 ( 39.0) · GR  20.2 ( 43.6) · GW  20.2 ( 44.9) · GM  19.2 ( 42.6) · HY  20.0 ( 45.1)
B.10    d6 n 467 · keep  21.7 · MR  21.4 ( 45.1) · WA  76.8 (151.1) · WN  27.9 ( 67.6) · GN  21.6 ( 44.1) · RR  19.4 ( 41.8) · RN  20.5 ( 43.2) · AR  20.8 ( 42.7) · AN  19.3 ( 38.3) · BL  19.9 ( 42.1) · GR  21.8 ( 46.5) · GW  21.9 ( 46.8) · GM  20.9 ( 43.7) · HY  21.6 ( 44.1)
B.10    d7 n 473 · keep  22.4 · MR  22.8 ( 48.1) · WA  77.6 (153.9) · WN  28.9 ( 63.9) · GN  22.2 ( 48.4) · RR  20.0 ( 43.1) · RN  21.3 ( 42.2) · AR  21.7 ( 46.5) · AN  19.6 ( 40.2) · BL  20.7 ( 44.7) · GR  22.5 ( 49.7) · GW  22.6 ( 50.4) · GM  21.8 ( 46.6) · HY  22.2 ( 48.4)
B.16    d1 n 458 · keep   7.7 · MR   7.7 ( 18.8) · WA 118.6 (171.9) · WN   7.7 ( 18.8) · GN   7.7 ( 18.8) · RR   7.3 ( 15.7) · RN   7.3 ( 15.7) · AR   7.3 ( 15.7) · AN   7.0 ( 15.1) · BL   7.3 ( 15.7) · GR   7.8 ( 17.9) · GW   7.8 ( 18.1) · GM   7.7 ( 18.8) · HY   7.7 ( 18.8)
B.16    d2 n 464 · keep  13.2 · MR  13.1 ( 30.2) · WA 117.0 (169.0) · WN  13.2 ( 30.3) · GN  13.2 ( 30.3) · RR  13.6 ( 26.1) · RN  13.6 ( 26.1) · AR  13.6 ( 26.1) · AN  12.7 ( 26.5) · BL  13.6 ( 26.1) · GR  13.3 ( 28.4) · GW  13.3 ( 28.5) · GM  13.1 ( 30.2) · HY  13.2 ( 30.3)
B.16    d3 n 458 · keep  17.7 · MR  17.3 ( 37.8) · WA 118.8 (171.4) · WN  19.8 ( 40.4) · GN  17.7 ( 39.5) · RR  18.1 ( 35.5) · RN  18.1 ( 34.7) · AR  20.3 ( 38.4) · AN  16.8 ( 32.8) · BL  19.1 ( 37.1) · GR  17.8 ( 39.8) · GW  17.8 ( 40.0) · GM  17.3 ( 37.8) · HY  17.7 ( 39.5)
B.16    d4 n 464 · keep  21.4 · MR  20.5 ( 44.1) · WA 118.7 (171.0) · WN  24.1 ( 48.3) · GN  21.3 ( 48.5) · RR  21.4 ( 42.5) · RN  21.6 ( 41.8) · AR  24.1 ( 45.4) · AN  20.0 ( 41.4) · BL  22.7 ( 45.0) · GR  21.3 ( 46.0) · GW  21.2 ( 46.2) · GM  20.4 ( 43.0) · HY  21.3 ( 48.5)
B.16    d5 n 463 · keep  24.0 · MR  22.8 ( 47.6) · WA 120.7 (169.7) · WN  27.6 ( 56.1) · GN  23.7 ( 50.3) · RR  23.4 ( 48.7) · RN  23.9 ( 49.7) · AR  26.9 ( 51.1) · AN  22.1 ( 44.4) · BL  25.0 ( 50.0) · GR  23.7 ( 50.2) · GW  23.7 ( 50.4) · GM  22.6 ( 47.0) · HY  23.7 ( 50.3)
B.16    d6 n 458 · keep  26.1 · MR  25.0 ( 56.0) · WA 121.9 (170.8) · WN  31.9 ( 60.8) · GN  25.9 ( 58.2) · RR  25.3 ( 54.3) · RN  26.1 ( 56.0) · AR  30.7 ( 57.6) · AN  23.7 ( 48.4) · BL  27.8 ( 57.1) · GR  25.9 ( 55.6) · GW  26.0 ( 55.5) · GM  24.6 ( 52.5) · HY  25.9 ( 58.2)
B.16    d7 n 463 · keep  27.8 · MR  26.8 ( 58.5) · WA 119.9 (172.6) · WN  35.3 ( 61.5) · GN  27.4 ( 58.7) · RR  26.4 ( 57.0) · RN  27.7 ( 58.7) · AR  33.9 ( 57.8) · AN  24.6 ( 52.8) · BL  29.9 ( 56.5) · GR  27.5 ( 56.7) · GW  27.7 ( 56.0) · GM  25.9 ( 54.2) · HY  27.4 ( 58.7)
B.15    d1 n 468 · keep   6.1 · MR   6.1 ( 12.9) · WA  51.4 (101.8) · WN   6.1 ( 12.8) · GN   6.1 ( 12.8) · RR   6.0 ( 12.7) · RN   6.0 ( 12.7) · AR   6.0 ( 12.7) · AN   5.9 ( 12.1) · BL   6.0 ( 12.7) · GR   6.1 ( 12.9) · GW   6.1 ( 12.9) · GM   6.1 ( 12.9) · HY   6.1 ( 12.8)
B.15    d2 n 474 · keep   9.5 · MR   9.4 ( 18.5) · WA  50.7 ( 99.1) · WN   9.5 ( 18.6) · GN   9.5 ( 18.6) · RR   9.0 ( 18.3) · RN   9.0 ( 18.3) · AR   9.0 ( 18.3) · AN   9.0 ( 17.4) · BL   9.0 ( 18.3) · GR   9.4 ( 19.1) · GW   9.4 ( 19.3) · GM   9.4 ( 18.5) · HY   9.5 ( 18.6)
B.15    d3 n 468 · keep  11.6 · MR  11.4 ( 22.0) · WA  51.1 (100.5) · WN  12.9 ( 25.9) · GN  11.6 ( 22.6) · RR  10.9 ( 21.2) · RN  10.9 ( 21.0) · AR  11.3 ( 21.9) · AN  10.8 ( 21.1) · BL  11.0 ( 21.0) · GR  11.5 ( 22.5) · GW  11.5 ( 22.5) · GM  11.4 ( 22.0) · HY  11.6 ( 22.6)
B.15    d4 n 474 · keep  13.2 · MR  12.8 ( 27.4) · WA  51.0 (102.4) · WN  15.4 ( 32.1) · GN  13.2 ( 27.2) · RR  11.9 ( 24.2) · RN  11.9 ( 24.4) · AR  12.7 ( 25.7) · AN  12.2 ( 24.5) · BL  12.2 ( 24.6) · GR  13.3 ( 27.6) · GW  13.4 ( 27.1) · GM  12.8 ( 27.4) · HY  13.2 ( 27.2)
B.15    d5 n 473 · keep  14.7 · MR  14.4 ( 29.4) · WA  51.8 (101.7) · WN  18.2 ( 36.0) · GN  14.8 ( 30.4) · RR  12.9 ( 26.4) · RN  13.0 ( 26.5) · AR  14.1 ( 29.1) · AN  13.2 ( 25.4) · BL  13.4 ( 26.6) · GR  14.8 ( 30.8) · GW  14.9 ( 31.1) · GM  14.4 ( 28.9) · HY  14.8 ( 30.4)
B.15    d6 n 467 · keep  15.6 · MR  15.6 ( 31.4) · WA  52.0 (101.6) · WN  20.4 ( 39.9) · GN  15.7 ( 33.2) · RR  13.6 ( 27.9) · RN  13.8 ( 29.2) · AR  14.8 ( 31.6) · AN  13.6 ( 26.8) · BL  14.0 ( 30.1) · GR  16.0 ( 33.5) · GW  16.1 ( 33.2) · GM  15.5 ( 32.8) · HY  15.7 ( 33.2)
B.15    d7 n 473 · keep  16.3 · MR  16.8 ( 33.3) · WA  52.3 (103.0) · WN  22.1 ( 50.2) · GN  16.5 ( 33.6) · RR  14.5 ( 28.6) · RN  14.7 ( 28.7) · AR  15.7 ( 32.4) · AN  14.1 ( 27.5) · BL  14.9 ( 30.2) · GR  16.8 ( 33.9) · GW  17.0 ( 33.9) · GM  16.6 ( 33.8) · HY  16.5 ( 33.6)
PCH001  d1 n 366 · keep   6.6 · MR   6.9 ( 18.3) · WA  63.7 (125.5) · WN   6.6 ( 16.9) · GN   6.6 ( 16.9) · RR   6.4 ( 14.2) · RN   6.4 ( 14.2) · AR   6.4 ( 14.2) · AN   6.1 ( 15.9) · BL   6.4 ( 14.2) · GR   6.7 ( 17.0) · GW   6.7 ( 17.0) · GM   6.9 ( 18.3) · HY   6.6 ( 16.9)
PCH001  d2 n 364 · keep  11.1 · MR  11.7 ( 26.3) · WA  62.2 (124.8) · WN  11.1 ( 25.1) · GN  11.1 ( 25.1) · RR  11.1 ( 21.8) · RN  11.1 ( 21.8) · AR  11.1 ( 21.8) · AN  10.5 ( 21.5) · BL  11.1 ( 21.8) · GR  11.2 ( 25.4) · GW  11.1 ( 25.7) · GM  11.7 ( 26.3) · HY  11.1 ( 25.1)
PCH001  d3 n 362 · keep  14.3 · MR  15.1 ( 35.1) · WA  62.3 (124.9) · WN  16.1 ( 36.8) · GN  14.4 ( 32.4) · RR  14.4 ( 29.9) · RN  14.4 ( 29.8) · AR  15.1 ( 30.4) · AN  13.7 ( 32.6) · BL  14.7 ( 30.4) · GR  14.6 ( 32.1) · GW  14.5 ( 31.7) · GM  15.1 ( 34.2) · HY  14.4 ( 32.4)
PCH001  d4 n 361 · keep  16.9 · MR  17.8 ( 37.9) · WA  62.8 (122.5) · WN  19.5 ( 47.7) · GN  16.9 ( 35.1) · RR  16.8 ( 35.4) · RN  16.9 ( 34.7) · AR  17.8 ( 38.4) · AN  16.4 ( 36.2) · BL  17.3 ( 36.4) · GR  17.3 ( 40.1) · GW  17.2 ( 38.4) · GM  17.8 ( 38.2) · HY  16.9 ( 35.1)
PCH001  d5 n 360 · keep  18.7 · MR  19.8 ( 47.3) · WA  63.9 (123.8) · WN  22.1 ( 55.9) · GN  18.7 ( 43.0) · RR  18.3 ( 39.2) · RN  18.6 ( 39.9) · AR  19.7 ( 42.9) · AN  18.1 ( 41.9) · BL  18.9 ( 40.1) · GR  19.2 ( 42.0) · GW  19.0 ( 43.5) · GM  19.7 ( 45.3) · HY  18.7 ( 43.0)
PCH001  d6 n 358 · keep  19.8 · MR  21.3 ( 47.1) · WA  64.9 (126.1) · WN  24.0 ( 55.2) · GN  19.8 ( 43.8) · RR  19.1 ( 42.0) · RN  19.7 ( 40.8) · AR  20.2 ( 41.1) · AN  18.7 ( 41.2) · BL  19.6 ( 40.9) · GR  20.5 ( 43.5) · GW  20.3 ( 42.6) · GM  21.0 ( 47.5) · HY  19.8 ( 43.8)
PCH001  d7 n 356 · keep  20.6 · MR  22.6 ( 48.3) · WA  65.5 (127.4) · WN  25.6 ( 66.8) · GN  20.3 ( 44.6) · RR  19.4 ( 42.5) · RN  20.3 ( 44.7) · AR  20.3 ( 43.4) · AN  19.3 ( 39.2) · BL  19.7 ( 43.2) · GR  21.0 ( 44.8) · GW  20.9 ( 44.1) · GM  21.8 ( 47.6) · HY  20.3 ( 44.6)
coefficients (last fit): {"B.18": {"1": {"g_cm_per_cms": 1.349, "gamma_cm_per_mm": 0.048, "rho": 0.022}, "2": {"g_cm_per_cms": 1.814, "gamma_cm_per_mm": 0.035, "rho": 0.051}, "3": {"g_cm_per_cms": 1.971, "gamma_cm_per_mm": 0.018, "rho": 0.053}, "4": {"g_cm_per_cms": 1.942, "gamma_cm_per_mm": 0.016, "rho": 0.091}, "5": {"g_cm_per_cms": 2.017, "gamma_cm_per_mm": 0.012, "rho": 0.103}, "6": {"g_cm_per_cms": 1.955, "gamma_cm_per_mm": 0.008, "rho": 0.139}, "7": {"g_cm_per_cms": 1.912, "gamma_cm_per_mm": 0.006, "rho": 0.141}}, "B.10": {"1": {"g_cm_per_cms": 0.0, "gamma_cm_per_mm": 0.239, "rho": -0.024}, "2": {"g_cm_per_cms": -0.068, "gamma_cm_per_mm": 0.272, "rho": 0.01}, "3": {"g_cm_per_cms": 0.251, "gamma_cm_per_mm": 0.284, "rho": 0.061}, "4": {"g_cm_per_cms": 0.46, "gamma_cm_per_mm": 0.279, "rho": 0.096}, "5": {"g_cm_per_cms": 0.602, "gamma_cm_per_mm": 0.262, "rho": 0.104}, "6": {"g_cm_per_cms": 0.783, "gamma_cm_per_mm": 0.243, "rho": 0.084}, "7": {"g_cm_per_cms": 1.04, "gamma_cm_per_mm": 0.222, "rho": 0.042}}, "B.16": {"1": {"g_cm_per_cms": 0.0, "gamma_cm_per_mm": 0.229, "rho": 0.005}, "2": {"g_cm_per_cms": 0.0, "gamma_cm_per_mm": 0.273, "rho": 0.051}, "3": {"g_cm_per_cms": 0.52, "gamma_cm_per_mm": 0.271, "rho": 0.1}, "4": {"g_cm_per_cms": 0.687, "gamma_cm_per_mm": 0.256, "rho": 0.155}, "5": {"g_cm_per_cms": 0.848, "gamma_cm_per_mm": 0.231, "rho": 0.179}, "6": {"g_cm_per_cms": 0.931, "gamma_cm_per_mm": 0.206, "rho": 0.179}, "7": {"g_cm_per_cms": 0.959, "gamma_cm_per_mm": 0.197, "rho": 0.164}}, "B.15": {"1": {"g_cm_per_cms": 0.0, "gamma_cm_per_mm": 0.187, "rho": -0.007}, "2": {"g_cm_per_cms": 0.0, "gamma_cm_per_mm": 0.206, "rho": 0.012}, "3": {"g_cm_per_cms": 0.033, "gamma_cm_per_mm": 0.222, "rho": 0.039}, "4": {"g_cm_per_cms": 0.127, "gamma_cm_per_mm": 0.223, "rho": 0.071}, "5": {"g_cm_per_cms": 0.204, "gamma_cm_per_mm": 0.216, "rho": 0.062}, "6": {"g_cm_per_cms": 0.318, "gamma_cm_per_mm": 0.203, "rho": 0.027}, "7": {"g_cm_per_cms": 0.45, "gamma_cm_per_mm": 0.188, "rho": -0.016}}, "PCH001": {"1": {"g_cm_per_cms": 0.0, "gamma_cm_per_mm": 0.299, "rho": -0.076}, "2": {"g_cm_per_cms": 0.0, "gamma_cm_per_mm": 0.347, "rho": -0.109}, "3": {"g_cm_per_cms": 0.209, "gamma_cm_per_mm": 0.365, "rho": -0.119}, "4": {"g_cm_per_cms": 0.394, "gamma_cm_per_mm": 0.359, "rho": -0.122}, "5": {"g_cm_per_cms": 0.52, "gamma_cm_per_mm": 0.343, "rho": -0.136}, "6": {"g_cm_per_cms": 0.679, "gamma_cm_per_mm": 0.322, "rho": -0.152}, "7": {"g_cm_per_cms": 0.806, "gamma_cm_per_mm": 0.298, "rho": -0.186}}}
per-point pick B.18: sample 1 → GM, sample 2 → GN
per-point pick B.10: sample 1 → AN, sample 2 → AN (agree)
per-point pick B.16: sample 1 → AN, sample 2 → AN (agree)
per-point pick B.15: sample 1 → AN, sample 2 → AN (agree)
per-point pick PCH001: sample 1 → GW, sample 2 → AN

release-aware pick on sample 1: AN {'WA': 797.1059980418668, 'WN': 235.3517539760313, 'GN': 175.40410335823267, 'RR': 194.23726277016263, 'AR': 217.65855516517863, 'AN': 174.4940969105128, 'BL': 202.13492468523472, 'GR': 175.05516980603846, 'GW': 174.96478060778372, 'GM': 183.0075878744081, 'HY': 178.95754424244595} · on sample 2: AN {'WA': 715.7125156030942, 'WN': 197.2894770054715, 'GN': 161.96344451634667, 'RR': 156.54001939127113, 'AR': 172.56189143303806, 'AN': 155.91222564675383, 'BL': 162.6851071778842, 'GR': 163.67129407842202, 'GW': 163.99282341160335, 'GM': 161.62421929979888, 'HY': 163.7607410375641}
picked on 1, scored on 2: AN day 1: summed MAE 30.1 cm vs production chain 354.5 (-92 %) vs keep 31.8 (-6 %)
picked on 1, scored on 2: AN day 3: summed MAE 64.2 cm vs production chain 353.6 (-82 %) vs keep 68.3 (-6 %)
picked on 1, scored on 2: AN day 5: summed MAE 83.4 cm vs production chain 359.6 (-77 %) vs keep 90.9 (-8 %)
picked on 1, scored on 2: AN day 7: summed MAE 91.7 cm vs production chain 362.1 (-75 %) vs keep 102.8 (-11 %)
picked on 2, scored on 1: AN day 1: summed MAE 33.7 cm vs production chain 382.2 (-91 %) vs keep 35.7 (-6 %)
picked on 2, scored on 1: AN day 3: summed MAE 74.6 cm vs production chain 392.1 (-81 %) vs keep 78.8 (-5 %)
picked on 2, scored on 1: AN day 5: summed MAE 93.6 cm vs production chain 400.4 (-77 %) vs keep 99.4 (-6 %)
picked on 2, scored on 1: AN day 7: summed MAE 99.9 cm vs production chain 405.0 (-75 %) vs keep 106.6 (-6 %)

=== OPERATIONAL second half (2026-08-17 … 2026-09-28; fits before 2026-07-06; forecast rain, 4-model mean): MAE cm (90 % abs error) per point and lead day
B.18    d1 n  40 · keep  16.5 · MR  16.9 ( 39.6) · WA  30.8 ( 66.9) · WN  15.8 ( 25.9) · GN  12.0 ( 28.0) · RR  18.7 ( 37.9) · RN  21.3 ( 42.9) · AR  20.6 ( 36.0) · AN  14.4 ( 29.4) · BL  19.6 ( 38.2) · GR  12.7 ( 28.2) · GW  15.4 ( 30.5) · GM  12.2 ( 28.6) · HY  15.8 ( 25.9)
B.18    d2 n  40 · keep  24.8 · MR  26.3 ( 56.9) · WA  33.0 ( 67.3) · WN  19.9 ( 38.3) · GN  15.8 ( 40.6) · RR  37.8 ( 82.7) · RN  32.2 ( 75.0) · AR  36.2 ( 96.9) · AN  18.2 ( 36.7) · BL  36.1 ( 83.3) · GR  17.0 ( 41.4) · GW  23.3 ( 48.7) · GM  15.6 ( 40.7) · HY  19.9 ( 38.3)
B.18    d3 n  40 · keep  29.0 · MR  32.6 ( 60.5) · WA  34.1 ( 66.0) · WN  19.8 ( 37.0) · GN  15.4 ( 41.5) · RR  39.3 ( 70.7) · RN  39.4 ( 78.3) · AR  36.8 ( 79.8) · AN  21.0 ( 43.5) · BL  36.2 ( 79.6) · GR  15.7 ( 40.6) · GW  20.0 ( 45.6) · GM  15.4 ( 39.4) · HY  19.8 ( 37.0)
B.18    d4 n  40 · keep  36.0 · MR  41.3 ( 70.3) · WA  35.3 ( 69.9) · WN  23.2 ( 36.4) · GN  19.1 ( 41.0) · RR  38.2 ( 72.6) · RN  51.4 ( 88.9) · AR  34.9 ( 75.1) · AN  23.8 ( 48.1) · BL  34.1 ( 72.8) · GR  19.5 ( 41.5) · GW  23.5 ( 51.1) · GM  18.9 ( 37.5) · HY  23.2 ( 36.4)
B.18    d5 n  40 · keep  43.7 · MR  48.7 ( 86.3) · WA  35.5 ( 81.6) · WN  24.7 ( 36.3) · GN  20.2 ( 27.4) · RR  32.6 ( 60.0) · RN  67.1 (107.5) · AR  31.7 ( 81.5) · AN  26.1 ( 44.6) · BL  29.8 ( 66.8) · GR  20.8 ( 29.6) · GW  23.3 ( 35.1) · GM  19.3 ( 26.8) · HY  24.7 ( 36.3)
B.18    d6 n  40 · keep  46.9 · MR  53.4 ( 98.7) · WA  34.2 ( 55.1) · WN  24.0 ( 35.5) · GN  20.7 ( 30.8) · RR  29.8 ( 63.4) · RN  79.4 (124.0) · AR  27.9 ( 70.7) · AN  29.2 ( 61.0) · BL  25.7 ( 54.2) · GR  21.4 ( 29.3) · GW  23.7 ( 33.3) · GM  18.8 ( 32.5) · HY  24.0 ( 35.5)
B.18    d7 n  40 · keep  46.7 · MR  55.6 ( 98.5) · WA  32.9 ( 54.8) · WN  22.3 ( 38.1) · GN  23.3 ( 45.7) · RR  26.3 ( 47.3) · RN  91.5 (144.6) · AR  30.2 ( 71.0) · AN  28.8 ( 63.2) · BL  25.2 ( 51.1) · GR  23.7 ( 47.1) · GW  25.8 ( 47.6) · GM  21.0 ( 39.6) · HY  22.3 ( 38.1)
B.10    d1 n  43 · keep  20.4 · MR  22.3 ( 41.7) · WA  65.8 (170.5) · WN  20.4 ( 39.0) · GN  20.4 ( 39.0) · RR  38.2 ( 85.0) · RN  38.2 ( 85.0) · AR  38.2 ( 85.0) · AN  20.3 ( 35.7) · BL  38.2 ( 85.0) · GR  19.7 ( 37.1) · GW  22.8 ( 39.9) · GM  22.3 ( 41.7) · HY  20.4 ( 39.0)
B.10    d2 n  43 · keep  34.5 · MR  40.9 ( 81.5) · WA  75.4 (169.0) · WN  44.0 ( 78.8) · GN  35.3 ( 70.8) · RR  64.5 (137.9) · RN  66.0 (141.9) · AR  65.7 (145.3) · AN  32.6 ( 56.1) · BL  65.0 (141.6) · GR  31.9 ( 67.6) · GW  32.8 ( 70.6) · GM  42.0 ( 82.7) · HY  35.3 ( 70.8)
B.10    d3 n  43 · keep  42.7 · MR  54.6 (106.8) · WA  84.1 (170.3) · WN  59.4 (119.7) · GN  43.7 ( 82.3) · RR  84.0 (179.2) · RN  90.6 (190.8) · AR  96.4 (210.5) · AN  36.6 ( 76.2) · BL  90.2 (193.5) · GR  36.8 ( 74.3) · GW  35.6 ( 74.8) · GM  55.8 (108.3) · HY  43.7 ( 82.3)
B.10    d4 n  43 · keep  50.7 · MR  66.3 (109.9) · WA  92.4 (180.2) · WN  72.8 (130.9) · GN  53.1 ( 94.2) · RR  93.9 (231.0) · RN  99.4 (222.7) · AR 102.2 (244.3) · AN  44.9 ( 86.6) · BL  97.7 (237.1) · GR  44.7 ( 90.3) · GW  39.6 ( 82.4) · GM  68.8 (115.2) · HY  53.1 ( 94.2)
B.10    d5 n  43 · keep  58.6 · MR  75.9 (124.6) · WA  97.3 (169.2) · WN  83.0 (154.1) · GN  60.9 (111.9) · RR 112.5 (283.1) · RN 117.4 (272.0) · AR 111.8 (273.3) · AN  51.7 ( 97.0) · BL 111.5 (278.2) · GR  50.5 ( 95.1) · GW  43.8 ( 84.4) · GM  78.7 (130.7) · HY  60.9 (111.9)
B.10    d6 n  43 · keep  65.3 · MR  84.1 (147.6) · WA 102.5 (152.7) · WN  89.1 (157.1) · GN  68.4 (117.5) · RR 124.3 (284.7) · RN 128.5 (307.0) · AR 123.1 (314.4) · AN  58.3 (100.4) · BL 123.1 (299.4) · GR  57.5 (105.6) · GW  49.9 ( 99.7) · GM  87.6 (149.4) · HY  68.4 (117.5)
B.10    d7 n  43 · keep  68.8 · MR  90.1 (162.1) · WA 105.9 (183.1) · WN  89.1 (154.9) · GN  71.4 (117.9) · RR 110.1 (280.9) · RN 113.4 (288.7) · AR 105.4 (280.7) · AN  62.2 (106.1) · BL 107.2 (281.3) · GR  60.9 (109.8) · GW  54.5 (102.6) · GM  93.1 (163.6) · HY  71.4 (117.9)
B.16    d1 n  43 · keep  18.9 · MR  20.1 ( 36.5) · WA 116.3 (208.6) · WN  18.9 ( 35.4) · GN  18.9 ( 35.4) · RR  29.2 ( 72.1) · RN  29.2 ( 72.1) · AR  29.2 ( 72.1) · AN  16.8 ( 33.0) · BL  29.2 ( 72.1) · GR  18.0 ( 34.7) · GW  19.7 ( 37.0) · GM  20.1 ( 36.5) · HY  18.9 ( 35.4)
B.16    d2 n  43 · keep  30.1 · MR  34.0 ( 59.1) · WA 121.9 (221.6) · WN  43.4 ( 74.7) · GN  32.2 ( 59.8) · RR  43.5 ( 99.3) · RN  47.0 (104.2) · AR  48.6 (118.8) · AN  27.6 ( 49.8) · BL  43.8 (103.7) · GR  28.3 ( 60.1) · GW  28.7 ( 60.0) · GM  36.3 ( 66.4) · HY  32.2 ( 59.8)
B.16    d3 n  43 · keep  38.9 · MR  46.3 ( 87.0) · WA 116.7 (204.1) · WN  50.7 ( 83.6) · GN  40.7 ( 81.6) · RR  54.0 (109.5) · RN  63.8 (139.8) · AR 229.6 (525.4) · AN  33.4 ( 69.4) · BL 139.5 (321.0) · GR  34.0 ( 71.9) · GW  31.8 ( 71.1) · GM  48.2 ( 91.9) · HY  40.7 ( 81.6)
B.16    d4 n  43 · keep  47.0 · MR  55.9 ( 96.5) · WA 146.9 (221.0) · WN  87.6 (139.3) · GN  51.4 ( 91.1) · RR  63.6 (135.9) · RN  72.4 (155.9) · AR 329.6 (843.3) · AN  41.6 ( 80.0) · BL 193.7 (459.4) · GR  44.3 ( 82.2) · GW  38.5 ( 81.4) · GM  60.7 (114.8) · HY  51.4 ( 91.1)
B.16    d5 n  43 · keep  53.6 · MR  64.4 (103.0) · WA 147.4 (207.5) · WN  95.4 (146.9) · GN  60.0 (109.0) · RR  72.9 (157.1) · RN  82.9 (171.2) · AR 301.2 (808.9) · AN  47.5 ( 89.4) · BL 184.1 (451.5) · GR  51.5 (100.6) · GW  44.1 ( 93.9) · GM  71.2 (117.6) · HY  60.0 (109.0)
B.16    d6 n  43 · keep  58.1 · MR  70.3 (112.8) · WA 121.2 (198.1) · WN 112.5 (133.1) · GN  67.6 (113.7) · RR  81.3 (172.6) · RN  89.5 (195.3) · AR 256.6 (647.1) · AN  54.8 ( 99.0) · BL 165.7 (413.2) · GR  59.7 (107.4) · GW  52.9 (102.3) · GM  79.7 (122.2) · HY  67.6 (113.7)
B.16    d7 n  43 · keep  62.5 · MR  75.3 (124.0) · WA 125.4 (199.7) · WN 114.8 (135.4) · GN  71.0 (123.4) · RR  68.7 (145.1) · RN  77.6 (165.0) · AR 227.1 (515.8) · AN  60.5 ( 99.6) · BL 146.5 (357.5) · GR  64.2 (114.0) · GW  59.2 (106.6) · GM  85.1 (138.8) · HY  71.0 (123.4)
B.15    d1 n  43 · keep  12.1 · MR  13.8 ( 29.1) · WA  45.3 (102.1) · WN  12.1 ( 27.7) · GN  12.1 ( 27.7) · RR  12.5 ( 26.7) · RN  12.5 ( 26.7) · AR  12.5 ( 26.7) · AN  11.4 ( 22.8) · BL  12.5 ( 26.7) · GR  11.1 ( 26.2) · GW  11.4 ( 24.8) · GM  13.8 ( 29.1) · HY  12.1 ( 27.7)
B.15    d2 n  43 · keep  21.5 · MR  27.0 ( 57.2) · WA  47.5 (105.6) · WN  21.5 ( 46.4) · GN  21.5 ( 46.4) · RR  33.0 ( 74.3) · RN  33.0 ( 74.3) · AR  33.0 ( 74.3) · AN  18.8 ( 36.8) · BL  33.0 ( 74.3) · GR  19.4 ( 37.8) · GW  19.7 ( 42.8) · GM  27.0 ( 57.2) · HY  21.5 ( 46.4)
B.15    d3 n  43 · keep  28.1 · MR  37.0 ( 67.1) · WA  54.6 (104.3) · WN  32.5 ( 69.4) · GN  28.9 ( 65.7) · RR  56.1 (124.3) · RN  56.9 (127.7) · AR  52.9 (121.4) · AN  22.7 ( 58.4) · BL  54.3 (122.9) · GR  23.6 ( 60.5) · GW  23.1 ( 53.5) · GM  37.7 ( 71.0) · HY  28.9 ( 65.7)
B.15    d4 n  43 · keep  34.2 · MR  45.9 ( 88.7) · WA  55.6 ( 97.9) · WN  37.7 ( 79.7) · GN  36.1 ( 69.4) · RR  72.1 (169.3) · RN  73.7 (173.6) · AR  91.7 (213.0) · AN  29.1 ( 63.1) · BL  81.7 (190.1) · GR  28.8 ( 62.0) · GW  26.0 ( 58.7) · GM  47.9 ( 91.7) · HY  36.1 ( 69.4)
B.15    d5 n  43 · keep  40.0 · MR  54.3 (101.2) · WA  63.7 (121.9) · WN  48.2 ( 99.7) · GN  43.5 ( 78.4) · RR  88.0 (199.9) · RN  89.7 (200.8) · AR 118.5 (269.8) · AN  36.1 ( 65.2) · BL 103.2 (233.9) · GR  34.6 ( 69.6) · GW  28.5 ( 55.2) · GM  57.6 (110.9) · HY  43.5 ( 78.4)
B.15    d6 n  43 · keep  44.5 · MR  60.5 (111.3) · WA  66.6 (121.0) · WN  52.7 ( 92.1) · GN  48.5 ( 86.1) · RR  94.9 (239.8) · RN  97.4 (244.7) · AR 111.3 (248.6) · AN  40.5 ( 75.1) · BL 103.0 (229.4) · GR  38.8 ( 74.1) · GW  29.8 ( 69.9) · GM  64.7 (119.3) · HY  48.5 ( 86.1)
B.15    d7 n  43 · keep  48.6 · MR  65.8 (125.1) · WA  64.1 (109.0) · WN  53.9 ( 92.3) · GN  53.4 ( 96.3) · RR  91.0 (234.9) · RN  93.4 (239.1) · AR 104.6 (262.2) · AN  44.4 ( 87.9) · BL  97.7 (248.5) · GR  44.1 ( 80.4) · GW  34.2 ( 69.3) · GM  70.9 (129.4) · HY  53.4 ( 96.3)
PCH001  d1 n  43 · keep  16.0 · MR  17.2 ( 34.5) · WA  54.9 (129.0) · WN  16.0 ( 31.2) · GN  16.0 ( 31.2) · RR  20.6 ( 43.1) · RN  20.6 ( 43.1) · AR  20.6 ( 43.1) · AN  15.9 ( 29.8) · BL  20.6 ( 43.1) · GR  16.0 ( 31.2) · GW  16.0 ( 31.2) · GM  17.2 ( 34.5) · HY  16.0 ( 31.2)
PCH001  d2 n  43 · keep  27.0 · MR  32.0 ( 63.0) · WA  52.4 (113.6) · WN  27.0 ( 47.7) · GN  27.0 ( 47.7) · RR  48.4 (103.1) · RN  48.4 (103.1) · AR  48.4 (103.1) · AN  26.7 ( 49.0) · BL  48.4 (103.1) · GR  26.7 ( 46.8) · GW  27.0 ( 47.7) · GM  32.0 ( 63.0) · HY  27.0 ( 47.7)
PCH001  d3 n  43 · keep  35.5 · MR  43.9 ( 84.8) · WA  60.7 (117.8) · WN  41.7 ( 76.9) · GN  35.6 ( 74.6) · RR  61.2 (133.2) · RN  61.3 (133.1) · AR  67.6 (144.4) · AN  35.8 ( 76.3) · BL  64.4 (138.8) · GR  34.0 ( 71.6) · GW  35.6 ( 74.6) · GM  44.0 ( 84.8) · HY  35.6 ( 74.6)
PCH001  d4 n  43 · keep  43.0 · MR  53.1 ( 91.9) · WA  64.3 (116.0) · WN  52.0 ( 99.6) · GN  43.0 ( 80.2) · RR  66.5 (151.6) · RN  66.9 (149.8) · AR  68.3 (154.3) · AN  46.0 ( 85.2) · BL  67.0 (152.8) · GR  41.4 ( 78.4) · GW  43.0 ( 80.2) · GM  53.1 ( 92.1) · HY  43.0 ( 80.2)
PCH001  d5 n  43 · keep  49.7 · MR  61.6 (101.8) · WA  69.4 (111.8) · WN  59.6 (112.1) · GN  49.6 ( 87.0) · RR  67.9 (153.4) · RN  70.0 (159.2) · AR  70.2 (158.5) · AN  53.4 ( 93.7) · BL  68.8 (155.6) · GR  48.7 ( 85.2) · GW  49.6 ( 87.0) · GM  61.5 (101.7) · HY  49.6 ( 87.0)
PCH001  d6 n  43 · keep  55.0 · MR  67.4 (110.2) · WA  74.8 (119.7) · WN  65.9 (117.6) · GN  54.4 ( 91.2) · RR  74.3 (181.5) · RN  78.1 (190.7) · AR  77.8 (194.2) · AN  60.2 ( 94.3) · BL  75.8 (187.5) · GR  54.4 ( 91.2) · GW  54.4 ( 91.2) · GM  66.7 (108.4) · HY  54.4 ( 91.2)
PCH001  d7 n  43 · keep  59.4 · MR  72.0 (119.8) · WA  74.8 (116.3) · WN  69.4 (113.7) · GN  58.0 ( 93.3) · RR  77.4 (188.4) · RN  83.8 (195.4) · AR  78.6 (199.2) · AN  66.4 (115.7) · BL  77.6 (195.6) · GR  58.0 ( 93.3) · GW  58.0 ( 93.3) · GM  70.5 (117.6) · HY  58.0 ( 93.3)
operational coefficients: {"B.18": {"1": {"g_cm_per_cms": 1.425, "gamma_cm_per_mm": 0.069, "rho": 0.012}, "2": {"g_cm_per_cms": 1.972, "gamma_cm_per_mm": 0.078, "rho": 0.019}, "3": {"g_cm_per_cms": 2.126, "gamma_cm_per_mm": 0.043, "rho": 0.037}, "4": {"g_cm_per_cms": 2.232, "gamma_cm_per_mm": 0.035, "rho": 0.056}, "5": {"g_cm_per_cms": 2.298, "gamma_cm_per_mm": 0.023, "rho": 0.078}, "6": {"g_cm_per_cms": 2.357, "gamma_cm_per_mm": 0.015, "rho": 0.09}, "7": {"g_cm_per_cms": 2.42, "gamma_cm_per_mm": 0.009, "rho": 0.105}}, "B.10": {"1": {"g_cm_per_cms": 0.0, "gamma_cm_per_mm": 0.16, "rho": 0.078}, "2": {"g_cm_per_cms": -0.552, "gamma_cm_per_mm": 0.173, "rho": 0.242}, "3": {"g_cm_per_cms": -0.392, "gamma_cm_per_mm": 0.172, "rho": 0.395}, "4": {"g_cm_per_cms": -0.402, "gamma_cm_per_mm": 0.144, "rho": 0.533}, "5": {"g_cm_per_cms": -0.309, "gamma_cm_per_mm": 0.138, "rho": 0.634}, "6": {"g_cm_per_cms": -0.283, "gamma_cm_per_mm": 0.118, "rho": 0.706}, "7": {"g_cm_per_cms": -0.197, "gamma_cm_per_mm": 0.099, "rho": 0.74}}, "B.16": {"1": {"g_cm_per_cms": 0.0, "gamma_cm_per_mm": 0.128, "rho": 0.05}, "2": {"g_cm_per_cms": -1.35, "gamma_cm_per_mm": 0.155, "rho": 0.164}, "3": {"g_cm_per_cms": -1.001, "gamma_cm_per_mm": 0.142, "rho": 0.272}, "4": {"g_cm_per_cms": -0.924, "gamma_cm_per_mm": 0.116, "rho": 0.366}, "5": {"g_cm_per_cms": -0.846, "gamma_cm_per_mm": 0.104, "rho": 0.437}, "6": {"g_cm_per_cms": -0.818, "gamma_cm_per_mm": 0.081, "rho": 0.488}, "7": {"g_cm_per_cms": -0.717, "gamma_cm_per_mm": 0.062, "rho": 0.515}}, "B.15": {"1": {"g_cm_per_cms": 0.0, "gamma_cm_per_mm": 0.099, "rho": 0.083}, "2": {"g_cm_per_cms": 0.0, "gamma_cm_per_mm": 0.126, "rho": 0.213}, "3": {"g_cm_per_cms": -0.47, "gamma_cm_per_mm": 0.134, "rho": 0.352}, "4": {"g_cm_per_cms": -0.434, "gamma_cm_per_mm": 0.127, "rho": 0.495}, "5": {"g_cm_per_cms": -0.469, "gamma_cm_per_mm": 0.116, "rho": 0.598}, "6": {"g_cm_per_cms": -0.467, "gamma_cm_per_mm": 0.104, "rho": 0.67}, "7": {"g_cm_per_cms": -0.425, "gamma_cm_per_mm": 0.087, "rho": 0.709}}, "PCH001": {"1": {"g_cm_per_cms": 0.0, "gamma_cm_per_mm": 0.0, "rho": 0.046}, "2": {"g_cm_per_cms": 0.0, "gamma_cm_per_mm": 0.01, "rho": 0.171}, "3": {"g_cm_per_cms": -0.115, "gamma_cm_per_mm": 0.031, "rho": 0.29}, "4": {"g_cm_per_cms": -0.007, "gamma_cm_per_mm": 0.025, "rho": 0.385}, "5": {"g_cm_per_cms": 0.017, "gamma_cm_per_mm": 0.011, "rho": 0.45}, "6": {"g_cm_per_cms": 0.08, "gamma_cm_per_mm": 0.0, "rho": 0.483}, "7": {"g_cm_per_cms": 0.124, "gamma_cm_per_mm": 0.0, "rho": 0.478}}}

operational: release-aware pick on the first half: GR
operational day 1: GR summed MAE 77.6 cm · production chain 313.1 (-75 %) · keep 83.9
operational day 2: GR summed MAE 123.2 cm · production chain 330.2 (-63 %) · keep 137.9
operational day 3: GR summed MAE 144.1 cm · production chain 350.2 (-59 %) · keep 174.3
operational day 4: GR summed MAE 178.7 cm · production chain 394.4 (-55 %) · keep 210.9
operational day 5: GR summed MAE 206.0 cm · production chain 413.3 (-50 %) · keep 245.7
operational day 6: GR summed MAE 231.8 cm · production chain 399.3 (-42 %) · keep 269.8
operational day 7: GR summed MAE 251.0 cm · production chain 403.1 (-38 %) · keep 285.9
operational HY day 1: summed MAE 83.2 cm · vs keep -1 % · vs production chain -73 %
operational HY day 3: summed MAE 168.8 cm · vs keep -3 % · vs production chain -52 %
operational HY day 5: summed MAE 238.6 cm · vs keep -3 % · vs production chain -42 %
operational HY day 7: summed MAE 276.1 cm · vs keep -3 % · vs production chain -32 %
operational GN day 1: summed MAE 79.4 cm · vs keep -5 % · vs production chain -75 %
operational GN day 3: summed MAE 164.4 cm · vs keep -6 % · vs production chain -53 %
operational GN day 5: summed MAE 234.2 cm · vs keep -5 % · vs production chain -43 %
operational GN day 7: summed MAE 277.1 cm · vs keep -3 % · vs production chain -31 %
operational GR day 1: summed MAE 77.6 cm · vs keep -8 % · vs production chain -75 %
operational GR day 3: summed MAE 144.1 cm · vs keep -17 % · vs production chain -59 %
operational GR day 5: summed MAE 206.0 cm · vs keep -16 % · vs production chain -50 %
operational GR day 7: summed MAE 251.0 cm · vs keep -12 % · vs production chain -38 %
operational GW day 1: summed MAE 85.3 cm · vs keep +2 % · vs production chain -73 %
operational GW day 3: summed MAE 146.1 cm · vs keep -16 % · vs production chain -58 %
operational GW day 5: summed MAE 189.3 cm · vs keep -23 % · vs production chain -54 %
operational GW day 7: summed MAE 231.7 cm · vs keep -19 % · vs production chain -43 %
operational GM day 1: summed MAE 85.7 cm · vs keep +2 % · vs production chain -73 %
operational GM day 3: summed MAE 201.1 cm · vs keep +15 % · vs production chain -43 %
operational GM day 5: summed MAE 288.3 cm · vs keep +17 % · vs production chain -30 %
operational GM day 7: summed MAE 340.6 cm · vs keep +19 % · vs production chain -16 %
operational WN day 1: summed MAE 83.2 cm · vs keep -1 % · vs production chain -73 %
operational WN day 3: summed MAE 204.1 cm · vs keep +17 % · vs production chain -42 %
operational WN day 5: summed MAE 310.9 cm · vs keep +27 % · vs production chain -25 %
operational WN day 7: summed MAE 349.6 cm · vs keep +22 % · vs production chain -13 %
MARGINS_JSON {"picked": "GR", "per_point": {"B.18": {"1": {"keep": [16.5, 38.4], "WA": [30.8, 66.9], "WN": [15.8, 25.9], "GN": [12.0, 28.0], "GR": [12.7, 28.2], "HY": [15.8, 25.9]}, "2": {"keep": [24.8, 56.9], "WA": [33.0, 67.3], "WN": [19.9, 38.3], "GN": [15.8, 40.6], "GR": [17.0, 41.4], "HY": [19.9, 38.3]}, "3": {"keep": [29.0, 55.7], "WA": [34.1, 66.0], "WN": [19.8, 37.0], "GN": [15.4, 41.5], "GR": [15.7, 40.6], "HY": [19.8, 37.0]}, "4": {"keep": [36.0, 67.3], "WA": [35.3, 69.9], "WN": [23.2, 36.4], "GN": [19.1, 41.0], "GR": [19.5, 41.5], "HY": [23.2, 36.4]}, "5": {"keep": [43.7, 96.0], "WA": [35.5, 81.6], "WN": [24.7, 36.3], "GN": [20.2, 27.4], "GR": [20.8, 29.6], "HY": [24.7, 36.3]}, "6": {"keep": [46.9, 102.4], "WA": [34.2, 55.1], "WN": [24.0, 35.5], "GN": [20.7, 30.8], "GR": [21.4, 29.3], "HY": [24.0, 35.5]}, "7": {"keep": [46.7, 99.3], "WA": [32.9, 54.8], "WN": [22.3, 38.1], "GN": [23.3, 45.7], "GR": [23.7, 47.1], "HY": [22.3, 38.1]}}, "B.10": {"1": {"keep": [20.4, 39.0], "WA": [65.8, 170.5], "WN": [20.4, 39.0], "GN": [20.4, 39.0], "GR": [19.7, 37.1], "HY": [20.4, 39.0]}, "2": {"keep": [34.5, 64.9], "WA": [75.4, 169.0], "WN": [44.0, 78.8], "GN": [35.3, 70.8], "GR": [31.9, 67.6], "HY": [35.3, 70.8]}, "3": {"keep": [42.7, 82.0], "WA": [84.1, 170.3], "WN": [59.4, 119.7], "GN": [43.7, 82.3], "GR": [36.8, 74.3], "HY": [43.7, 82.3]}, "4": {"keep": [50.7, 92.6], "WA": [92.4, 180.2], "WN": [72.8, 130.9], "GN": [53.1, 94.2], "GR": [44.7, 90.3], "HY": [53.1, 94.2]}, "5": {"keep": [58.6, 111.0], "WA": [97.3, 169.2], "WN": [83.0, 154.1], "GN": [60.9, 111.9], "GR": [50.5, 95.1], "HY": [60.9, 111.9]}, "6": {"keep": [65.3, 112.1], "WA": [102.5, 152.7], "WN": [89.1, 157.1], "GN": [68.4, 117.5], "GR": [57.5, 105.6], "HY": [68.4, 117.5]}, "7": {"keep": [68.8, 115.2], "WA": [105.9, 183.1], "WN": [89.1, 154.9], "GN": [71.4, 117.9], "GR": [60.9, 109.8], "HY": [71.4, 117.9]}}, "B.16": {"1": {"keep": [18.9, 35.4], "WA": [116.3, 208.6], "WN": [18.9, 35.4], "GN": [18.9, 35.4], "GR": [18.0, 34.7], "HY": [18.9, 35.4]}, "2": {"keep": [30.1, 56.5], "WA": [121.9, 221.6], "WN": [43.4, 74.7], "GN": [32.2, 59.8], "GR": [28.3, 60.1], "HY": [32.2, 59.8]}, "3": {"keep": [38.9, 75.4], "WA": [116.7, 204.1], "WN": [50.7, 83.6], "GN": [40.7, 81.6], "GR": [34.0, 71.9], "HY": [40.7, 81.6]}, "4": {"keep": [47.0, 84.8], "WA": [146.9, 221.0], "WN": [87.6, 139.3], "GN": [51.4, 91.1], "GR": [44.3, 82.2], "HY": [51.4, 91.1]}, "5": {"keep": [53.6, 103.2], "WA": [147.4, 207.5], "WN": [95.4, 146.9], "GN": [60.0, 109.0], "GR": [51.5, 100.6], "HY": [60.0, 109.0]}, "6": {"keep": [58.1, 101.4], "WA": [121.2, 198.1], "WN": [112.5, 133.1], "GN": [67.6, 113.7], "GR": [59.7, 107.4], "HY": [67.6, 113.7]}, "7": {"keep": [62.5, 102.3], "WA": [125.4, 199.7], "WN": [114.8, 135.4], "GN": [71.0, 123.4], "GR": [64.2, 114.0], "HY": [71.0, 123.4]}}, "B.15": {"1": {"keep": [12.1, 27.7], "WA": [45.3, 102.1], "WN": [12.1, 27.7], "GN": [12.1, 27.7], "GR": [11.1, 26.2], "HY": [12.1, 27.7]}, "2": {"keep": [21.5, 46.4], "WA": [47.5, 105.6], "WN": [21.5, 46.4], "GN": [21.5, 46.4], "GR": [19.4, 37.8], "HY": [21.5, 46.4]}, "3": {"keep": [28.1, 63.3], "WA": [54.6, 104.3], "WN": [32.5, 69.4], "GN": [28.9, 65.7], "GR": [23.6, 60.5], "HY": [28.9, 65.7]}, "4": {"keep": [34.2, 63.7], "WA": [55.6, 97.9], "WN": [37.7, 79.7], "GN": [36.1, 69.4], "GR": [28.8, 62.0], "HY": [36.1, 69.4]}, "5": {"keep": [40.0, 72.8], "WA": [63.7, 121.9], "WN": [48.2, 99.7], "GN": [43.5, 78.4], "GR": [34.6, 69.6], "HY": [43.5, 78.4]}, "6": {"keep": [44.5, 84.7], "WA": [66.6, 121.0], "WN": [52.7, 92.1], "GN": [48.5, 86.1], "GR": [38.8, 74.1], "HY": [48.5, 86.1]}, "7": {"keep": [48.6, 88.9], "WA": [64.1, 109.0], "WN": [53.9, 92.3], "GN": [53.4, 96.3], "GR": [44.1, 80.4], "HY": [53.4, 96.3]}}, "PCH001": {"1": {"keep": [16.0, 31.2], "WA": [54.9, 129.0], "WN": [16.0, 31.2], "GN": [16.0, 31.2], "GR": [16.0, 31.2], "HY": [16.0, 31.2]}, "2": {"keep": [27.0, 47.7], "WA": [52.4, 113.6], "WN": [27.0, 47.7], "GN": [27.0, 47.7], "GR": [26.7, 46.8], "HY": [27.0, 47.7]}, "3": {"keep": [35.5, 74.6], "WA": [60.7, 117.8], "WN": [41.7, 76.9], "GN": [35.6, 74.6], "GR": [34.0, 71.6], "HY": [35.6, 74.6]}, "4": {"keep": [43.0, 80.2], "WA": [64.3, 116.0], "WN": [52.0, 99.6], "GN": [43.0, 80.2], "GR": [41.4, 78.4], "HY": [43.0, 80.2]}, "5": {"keep": [49.7, 87.2], "WA": [69.4, 111.8], "WN": [59.6, 112.1], "GN": [49.6, 87.0], "GR": [48.7, 85.2], "HY": [49.6, 87.0]}, "6": {"keep": [55.0, 92.7], "WA": [74.8, 119.7], "WN": [65.9, 117.6], "GN": [54.4, 91.2], "GR": [54.4, 91.2], "HY": [54.4, 91.2]}, "7": {"keep": [59.4, 94.2], "WA": [74.8, 116.3], "WN": [69.4, 113.7], "GN": [58.0, 93.3], "GR": [58.0, 93.3], "HY": [58.0, 93.3]}}}}
SUMMARY_JSON {"s1": {"B.18": {"1": {"keep": [5.5, 14.8], "MR": [5.6, 14.7], "WA": [44.3, 78.9], "WN": [5.1, 15.0], "GN": [5.1, 13.9], "RR": [5.6, 13.6], "RN": [6.5, 15.8], "AR": [5.7, 14.7], "AN": [5.5, 13.9], "BL": [5.6, 13.3], "GR": [5.1, 13.9], "GW": [5.1, 13.9], "GM": [5.2, 13.2], "HY": [5.1, 15.0]}, "2": {"keep": [9.1, 24.6], "MR": [9.1, 24.8], "WA": [45.0, 79.6], "WN": [7.4, 19.2], "GN": [6.7, 15.7], "RR": [7.1, 16.5], "RN": [10.6, 26.6], "AR": [8.2, 22.1], "AN": [8.3, 22.0], "BL": [7.4, 19.9], "GR": [6.7, 15.7], "GW": [6.7, 15.7], "GM": [6.7, 15.8], "HY": [7.4, 19.2]}, "3": {"keep": [12.0, 31.9], "MR": [12.0, 31.7], "WA": [45.1, 81.1], "WN": [9.2, 23.9], "GN": [7.9, 18.1], "RR": [8.5, 19.4], "RN": [13.6, 35.7], "AR": [9.7, 25.4], "AN": [10.4, 26.8], "BL": [8.7, 21.9], "GR": [7.9, 18.1], "GW": [7.9, 18.1], "GM": [7.9, 18.2], "HY": [9.2, 23.9]}, "4": {"keep": [14.1, 37.2], "MR": [14.1, 38.6], "WA": [45.3, 81.4], "WN": [10.5, 26.4], "GN": [8.8, 20.3], "RR": [9.2, 20.3], "RN": [16.1, 46.7], "AR": [10.0, 25.5], "AN": [12.1, 33.0], "BL": [9.1, 22.3], "GR": [8.8, 20.3], "GW": [8.8, 20.3], "GM": [8.8, 20.4], "HY": [10.5, 26.4]}, "5": {"keep": [15.6, 44.6], "MR": [15.6, 43.8], "WA": [45.4, 82.0], "WN": [11.2, 30.6], "GN": [9.1, 21.7], "RR": [9.8, 22.3], "RN": [18.0, 51.1], "AR": [10.3, 25.0], "AN": [12.9, 35.7], "BL": [9.7, 23.8], "GR": [9.1, 21.7], "GW": [9.1, 21.7], "GM": [9.1, 21.7], "HY": [11.2, 30.6]}, "6": {"keep": [16.7, 46.1], "MR": [16.7, 49.7], "WA": [45.4, 82.5], "WN": [11.6, 32.7], "GN": [9.3, 21.6], "RR": [10.4, 24.4], "RN": [19.3, 54.4], "AR": [10.5, 24.4], "AN": [13.1, 37.0], "BL": [9.7, 21.7], "GR": [9.3, 21.6], "GW": [9.3, 21.6], "GM": [9.3, 21.5], "HY": [11.6, 32.7]}, "7": {"keep": [17.5, 46.4], "MR": [17.5, 48.2], "WA": [45.4, 81.3], "WN": [11.7, 33.0], "GN": [9.4, 22.0], "RR": [9.6, 23.5], "RN": [19.9, 54.0], "AR": [10.5, 24.1], "AN": [13.5, 37.8], "BL": [9.2, 22.0], "GR": [9.4, 22.0], "GW": [9.4, 22.0], "GM": [9.4, 21.8], "HY": [11.7, 33.0]}}, "B.10": {"1": {"keep": [8.3, 22.2], "MR": [8.7, 21.4], "WA": [81.3, 154.4], "WN": [8.3, 22.2], "GN": [8.3, 22.2], "RR": [8.2, 19.6], "RN": [8.2, 19.6], "AR": [8.2, 19.6], "AN": [7.7, 18.9], "BL": [8.2, 19.6], "GR": [8.3, 20.5], "GW": [8.2, 20.2], "GM": [8.7, 21.4], "HY": [8.3, 22.2]}, "2": {"keep": [14.2, 34.2], "MR": [15.4, 33.9], "WA": [83.5, 155.7], "WN": [18.6, 42.7], "GN": [15.0, 35.8], "RR": [16.5, 34.9], "RN": [15.8, 34.7], "AR": [16.8, 37.0], "AN": [13.7, 31.1], "BL": [16.6, 35.7], "GR": [15.0, 34.7], "GW": [14.9, 35.0], "GM": [15.9, 34.3], "HY": [15.0, 35.8]}, "3": {"keep": [18.4, 43.5], "MR": [19.8, 45.2], "WA": [85.7, 157.9], "WN": [25.3, 62.8], "GN": [19.7, 46.7], "RR": [21.1, 48.2], "RN": [20.2, 45.7], "AR": [21.7, 50.7], "AN": [18.0, 40.6], "BL": [21.3, 48.4], "GR": [19.7, 46.7], "GW": [19.7, 46.7], "GM": [20.7, 49.8], "HY": [19.7, 46.7]}, "4": {"keep": [21.2, 48.6], "MR": [22.0, 49.9], "WA": [87.1, 165.5], "WN": [30.4, 78.8], "GN": [22.3, 51.1], "RR": [24.4, 53.2], "RN": [23.0, 48.8], "AR": [25.5, 56.4], "AN": [20.5, 48.3], "BL": [24.8, 52.7], "GR": [22.3, 51.1], "GW": [22.3, 51.1], "GM": [22.9, 52.6], "HY": [22.3, 51.1]}, "5": {"keep": [22.9, 52.4], "MR": [23.7, 54.1], "WA": [88.6, 174.0], "WN": [33.8, 92.0], "GN": [23.3, 54.3], "RR": [25.7, 50.2], "RN": [25.3, 52.5], "AR": [26.9, 54.4], "AN": [22.3, 52.9], "BL": [26.1, 51.3], "GR": [23.3, 54.3], "GW": [23.3, 54.3], "GM": [24.1, 55.8], "HY": [23.3, 54.3]}, "6": {"keep": [23.7, 54.6], "MR": [24.6, 58.2], "WA": [90.1, 177.6], "WN": [36.2, 101.8], "GN": [23.7, 54.6], "RR": [26.9, 53.6], "RN": [27.3, 53.8], "AR": [28.3, 57.8], "AN": [23.1, 54.6], "BL": [27.4, 55.0], "GR": [23.7, 54.6], "GW": [23.7, 54.6], "GM": [24.6, 58.2], "HY": [23.7, 54.6]}, "7": {"keep": [24.1, 53.2], "MR": [24.5, 58.2], "WA": [90.8, 178.9], "WN": [37.9, 106.5], "GN": [23.2, 51.6], "RR": [26.2, 52.4], "RN": [27.9, 55.5], "AR": [27.7, 56.9], "AN": [23.3, 54.5], "BL": [26.8, 52.7], "GR": [23.2, 51.6], "GW": [23.2, 51.6], "GM": [23.5, 56.8], "HY": [23.2, 51.6]}}, "B.16": {"1": {"keep": [8.4, 20.2], "MR": [8.8, 20.2], "WA": [144.6, 256.6], "WN": [8.4, 20.2], "GN": [8.4, 20.2], "RR": [8.1, 19.7], "RN": [8.1, 19.7], "AR": [8.1, 19.7], "AN": [7.5, 17.9], "BL": [8.1, 19.7], "GR": [8.5, 20.1], "GW": [8.4, 20.2], "GM": [8.8, 20.2], "HY": [8.4, 20.2]}, "2": {"keep": [14.8, 34.6], "MR": [15.9, 37.2], "WA": [142.3, 252.9], "WN": [14.8, 34.6], "GN": [14.8, 34.6], "RR": [16.0, 38.1], "RN": [16.0, 38.1], "AR": [16.0, 38.1], "AN": [13.9, 32.9], "BL": [16.0, 38.1], "GR": [14.8, 35.5], "GW": [14.8, 35.4], "GM": [15.9, 37.2], "HY": [14.8, 34.6]}, "3": {"keep": [19.2, 47.3], "MR": [20.9, 51.0], "WA": [146.8, 253.4], "WN": [23.1, 56.0], "GN": [20.1, 50.6], "RR": [22.3, 48.7], "RN": [21.6, 45.9], "AR": [23.8, 49.3], "AN": [18.1, 43.1], "BL": [22.9, 48.4], "GR": [20.1, 48.4], "GW": [20.0, 48.6], "GM": [21.7, 53.4], "HY": [20.1, 50.6]}, "4": {"keep": [22.6, 54.6], "MR": [24.2, 61.1], "WA": [147.9, 255.4], "WN": [30.3, 69.9], "GN": [23.9, 58.3], "RR": [26.6, 60.5], "RN": [25.3, 53.7], "AR": [29.8, 70.2], "AN": [21.6, 49.9], "BL": [27.8, 64.5], "GR": [23.9, 58.3], "GW": [23.9, 58.3], "GM": [25.4, 64.5], "HY": [23.9, 58.3]}, "5": {"keep": [24.3, 55.9], "MR": [26.2, 59.9], "WA": [149.1, 262.5], "WN": [34.8, 76.8], "GN": [25.4, 60.7], "RR": [29.5, 61.4], "RN": [27.7, 57.3], "AR": [33.8, 78.0], "AN": [22.9, 54.9], "BL": [31.3, 68.4], "GR": [25.4, 60.7], "GW": [25.4, 60.7], "GM": [27.3, 63.0], "HY": [25.4, 60.7]}, "6": {"keep": [25.1, 58.3], "MR": [27.3, 59.6], "WA": [151.2, 268.2], "WN": [37.7, 84.0], "GN": [25.5, 59.7], "RR": [30.0, 64.8], "RN": [29.1, 63.7], "AR": [34.7, 76.3], "AN": [24.3, 56.6], "BL": [31.9, 66.1], "GR": [25.5, 59.7], "GW": [25.5, 59.7], "GM": [27.7, 59.9], "HY": [25.5, 59.7]}, "7": {"keep": [25.6, 63.1], "MR": [27.8, 60.4], "WA": [150.4, 272.6], "WN": [40.3, 95.4], "GN": [25.3, 61.8], "RR": [29.5, 59.2], "RN": [30.1, 61.3], "AR": [37.4, 82.3], "AN": [24.8, 58.0], "BL": [32.3, 67.8], "GR": [25.3, 61.8], "GW": [25.3, 61.8], "GM": [27.4, 58.9], "HY": [25.3, 61.8]}}, "B.15": {"1": {"keep": [6.6, 14.8], "MR": [6.8, 14.3], "WA": [45.7, 74.2], "WN": [6.6, 14.8], "GN": [6.6, 14.8], "RR": [6.8, 14.6], "RN": [6.8, 14.6], "AR": [6.8, 14.6], "AN": [6.5, 13.9], "BL": [6.8, 14.6], "GR": [6.6, 14.8], "GW": [6.6, 14.8], "GM": [6.8, 14.3], "HY": [6.6, 14.8]}, "2": {"keep": [10.8, 24.2], "MR": [10.8, 21.9], "WA": [45.5, 72.5], "WN": [10.8, 24.2], "GN": [10.8, 24.2], "RR": [10.8, 22.8], "RN": [10.8, 22.8], "AR": [10.8, 22.8], "AN": [10.2, 20.8], "BL": [10.8, 22.8], "GR": [10.7, 23.8], "GW": [10.7, 23.8], "GM": [10.8, 21.9], "HY": [10.8, 24.2]}, "3": {"keep": [13.6, 28.7], "MR": [13.4, 28.2], "WA": [47.1, 72.2], "WN": [14.9, 31.7], "GN": [14.2, 30.8], "RR": [13.8, 28.4], "RN": [13.3, 27.9], "AR": [15.1, 31.2], "AN": [12.6, 26.2], "BL": [14.3, 29.9], "GR": [14.1, 30.3], "GW": [14.2, 30.9], "GM": [13.8, 29.7], "HY": [14.2, 30.8]}, "4": {"keep": [15.4, 33.3], "MR": [15.1, 33.5], "WA": [47.3, 71.9], "WN": [18.6, 38.1], "GN": [16.0, 35.4], "RR": [15.2, 32.3], "RN": [14.6, 30.4], "AR": [18.9, 38.5], "AN": [14.1, 30.0], "BL": [16.7, 34.9], "GR": [16.0, 35.4], "GW": [16.0, 35.4], "GM": [15.5, 34.9], "HY": [16.0, 35.4]}, "5": {"keep": [16.8, 32.7], "MR": [16.2, 33.4], "WA": [47.6, 72.4], "WN": [21.1, 43.8], "GN": [17.4, 36.5], "RR": [16.4, 35.0], "RN": [15.5, 32.6], "AR": [20.8, 39.1], "AN": [15.5, 32.4], "BL": [18.3, 37.9], "GR": [17.4, 36.5], "GW": [17.4, 36.5], "GM": [16.7, 36.3], "HY": [17.4, 36.5]}, "6": {"keep": [17.7, 35.7], "MR": [17.1, 35.3], "WA": [47.9, 72.4], "WN": [23.1, 47.2], "GN": [17.9, 37.1], "RR": [17.0, 34.3], "RN": [16.6, 32.2], "AR": [21.0, 38.2], "AN": [16.2, 35.7], "BL": [18.5, 37.2], "GR": [17.9, 37.1], "GW": [17.9, 37.1], "GM": [17.3, 36.7], "HY": [17.9, 37.1]}, "7": {"keep": [18.2, 37.6], "MR": [17.3, 35.6], "WA": [47.8, 73.3], "WN": [24.6, 51.8], "GN": [18.1, 38.2], "RR": [16.8, 32.5], "RN": [17.0, 33.1], "AR": [22.6, 43.9], "AN": [16.6, 37.2], "BL": [19.1, 39.0], "GR": [18.1, 38.2], "GW": [18.1, 38.2], "GM": [17.2, 35.6], "HY": [18.1, 38.2]}}, "PCH001": {"1": {"keep": [6.8, 16.0], "MR": [7.2, 15.9], "WA": [66.3, 127.3], "WN": [6.8, 16.0], "GN": [6.8, 16.0], "RR": [7.5, 16.2], "RN": [7.5, 16.2], "AR": [7.5, 16.2], "AN": [6.5, 14.0], "BL": [7.5, 16.2], "GR": [6.8, 15.2], "GW": [6.7, 14.9], "GM": [7.2, 15.9], "HY": [6.8, 16.0]}, "2": {"keep": [12.0, 26.4], "MR": [13.1, 29.0], "WA": [65.5, 123.9], "WN": [12.0, 26.4], "GN": [12.0, 26.4], "RR": [14.6, 31.6], "RN": [14.6, 31.6], "AR": [14.6, 31.6], "AN": [11.7, 27.4], "BL": [14.6, 31.6], "GR": [12.0, 24.9], "GW": [11.8, 25.7], "GM": [13.1, 29.0], "HY": [12.0, 26.4]}, "3": {"keep": [15.5, 33.7], "MR": [17.2, 42.5], "WA": [67.4, 125.8], "WN": [18.5, 50.1], "GN": [16.6, 41.3], "RR": [19.0, 40.9], "RN": [18.6, 37.7], "AR": [20.3, 43.4], "AN": [15.6, 33.9], "BL": [19.6, 42.5], "GR": [16.4, 37.4], "GW": [16.3, 38.1], "GM": [18.0, 43.7], "HY": [16.6, 41.3]}, "4": {"keep": [18.1, 45.0], "MR": [20.0, 48.4], "WA": [68.4, 127.6], "WN": [22.1, 60.3], "GN": [19.8, 50.7], "RR": [22.8, 46.4], "RN": [21.2, 47.1], "AR": [24.1, 48.7], "AN": [18.2, 43.5], "BL": [23.3, 48.0], "GR": [19.8, 50.5], "GW": [19.8, 50.7], "GM": [21.5, 54.1], "HY": [19.8, 50.7]}, "5": {"keep": [19.8, 45.5], "MR": [22.1, 49.4], "WA": [69.6, 131.6], "WN": [25.6, 70.7], "GN": [21.1, 50.1], "RR": [25.6, 53.7], "RN": [23.6, 52.7], "AR": [27.2, 55.5], "AN": [19.9, 47.4], "BL": [26.3, 53.5], "GR": [21.1, 50.1], "GW": [21.1, 50.1], "GM": [23.4, 61.7], "HY": [21.1, 50.1]}, "6": {"keep": [20.6, 43.0], "MR": [23.5, 50.3], "WA": [70.2, 131.2], "WN": [27.8, 73.5], "GN": [21.0, 45.7], "RR": [27.0, 53.2], "RN": [26.4, 52.9], "AR": [28.8, 55.0], "AN": [21.0, 49.9], "BL": [27.6, 53.5], "GR": [21.0, 45.7], "GW": [21.0, 45.7], "GM": [23.9, 51.3], "HY": [21.0, 45.7]}, "7": {"keep": [21.2, 45.8], "MR": [23.9, 54.7], "WA": [70.6, 129.8], "WN": [29.8, 80.8], "GN": [20.7, 43.5], "RR": [27.3, 54.5], "RN": [27.8, 57.0], "AR": [28.9, 57.2], "AN": [21.7, 52.5], "BL": [27.9, 53.1], "GR": [20.7, 43.5], "GW": [20.7, 43.5], "GM": [23.4, 55.0], "HY": [20.7, 43.5]}}}, "s2": {"B.18": {"1": {"keep": [4.8, 10.7], "MR": [5.1, 11.0], "WA": [47.0, 81.4], "WN": [5.0, 12.0], "GN": [4.4, 10.7], "RR": [5.0, 10.2], "RN": [5.9, 10.9], "AR": [5.5, 11.0], "AN": [4.8, 10.4], "BL": [5.3, 10.1], "GR": [4.4, 10.7], "GW": [4.4, 10.6], "GM": [4.5, 10.9], "HY": [5.0, 12.0]}, "2": {"keep": [7.3, 16.8], "MR": [8.0, 17.2], "WA": [46.3, 84.7], "WN": [6.2, 14.1], "GN": [5.6, 12.3], "RR": [6.1, 11.9], "RN": [9.5, 18.5], "AR": [6.5, 13.9], "AN": [6.6, 14.0], "BL": [6.2, 12.2], "GR": [5.6, 12.2], "GW": [5.6, 12.3], "GM": [5.7, 12.7], "HY": [6.2, 14.1]}, "3": {"keep": [9.3, 22.1], "MR": [9.8, 22.0], "WA": [46.7, 83.6], "WN": [7.5, 16.6], "GN": [6.5, 14.0], "RR": [6.6, 14.0], "RN": [11.9, 24.2], "AR": [7.3, 15.0], "AN": [8.2, 18.8], "BL": [6.7, 14.0], "GR": [6.5, 14.2], "GW": [6.5, 14.2], "GM": [6.6, 15.2], "HY": [7.5, 16.6]}, "4": {"keep": [11.4, 27.3], "MR": [11.8, 27.3], "WA": [46.5, 83.5], "WN": [8.5, 18.1], "GN": [7.6, 16.2], "RR": [7.7, 16.8], "RN": [14.5, 30.2], "AR": [7.9, 16.5], "AN": [10.3, 24.2], "BL": [7.4, 15.3], "GR": [7.6, 16.4], "GW": [7.6, 16.3], "GM": [7.8, 16.7], "HY": [8.5, 18.1]}, "5": {"keep": [13.3, 31.6], "MR": [13.3, 31.4], "WA": [46.5, 84.9], "WN": [9.5, 20.0], "GN": [8.4, 17.3], "RR": [8.6, 18.7], "RN": [16.5, 39.5], "AR": [8.7, 17.9], "AN": [11.8, 27.6], "BL": [8.2, 17.8], "GR": [8.4, 17.3], "GW": [8.4, 17.3], "GM": [8.5, 18.5], "HY": [9.5, 20.0]}, "6": {"keep": [14.7, 36.3], "MR": [14.5, 35.8], "WA": [47.0, 85.3], "WN": [10.2, 21.2], "GN": [9.3, 18.6], "RR": [9.9, 23.3], "RN": [18.0, 41.1], "AR": [9.6, 19.5], "AN": [12.9, 30.8], "BL": [9.2, 20.3], "GR": [9.3, 18.6], "GW": [9.3, 18.7], "GM": [9.5, 19.7], "HY": [10.2, 21.2]}, "7": {"keep": [15.7, 42.0], "MR": [15.5, 40.4], "WA": [46.7, 85.8], "WN": [10.8, 23.9], "GN": [9.9, 20.0], "RR": [10.5, 22.8], "RN": [19.0, 47.7], "AR": [10.3, 22.1], "AN": [14.1, 33.7], "BL": [9.9, 21.0], "GR": [10.0, 20.4], "GW": [10.0, 20.4], "GM": [10.0, 20.6], "HY": [10.8, 23.9]}}, "B.10": {"1": {"keep": [6.7, 15.4], "MR": [6.7, 15.4], "WA": [73.8, 146.2], "WN": [6.7, 15.4], "GN": [6.7, 15.4], "RR": [6.8, 13.4], "RN": [6.8, 13.4], "AR": [6.8, 13.4], "AN": [6.2, 13.2], "BL": [6.8, 13.4], "GR": [6.7, 15.5], "GW": [6.8, 15.4], "GM": [6.7, 15.4], "HY": [6.7, 15.4]}, "2": {"keep": [11.7, 27.1], "MR": [11.6, 26.8], "WA": [74.1, 147.1], "WN": [13.9, 31.6], "GN": [11.7, 27.3], "RR": [12.1, 24.5], "RN": [12.1, 24.6], "AR": [12.8, 26.0], "AN": [11.4, 24.4], "BL": [12.3, 25.6], "GR": [11.8, 27.9], "GW": [11.8, 27.7], "GM": [11.6, 27.0], "HY": [11.7, 27.3]}, "3": {"keep": [15.4, 36.3], "MR": [15.1, 35.5], "WA": [74.8, 148.5], "WN": [18.3, 40.7], "GN": [15.4, 36.8], "RR": [15.7, 31.9], "RN": [15.9, 31.0], "AR": [16.7, 34.6], "AN": [14.7, 30.8], "BL": [16.1, 32.4], "GR": [15.5, 37.5], "GW": [15.5, 38.0], "GM": [15.1, 35.2], "HY": [15.4, 36.8]}, "4": {"keep": [18.1, 42.7], "MR": [17.5, 39.6], "WA": [75.7, 150.5], "WN": [22.5, 50.1], "GN": [18.0, 42.7], "RR": [17.5, 35.7], "RN": [17.9, 35.3], "AR": [19.0, 37.3], "AN": [16.6, 36.4], "BL": [18.1, 36.0], "GR": [18.2, 42.2], "GW": [18.2, 42.9], "GM": [17.4, 40.6], "HY": [18.0, 42.7]}, "5": {"keep": [20.2, 44.5], "MR": [19.5, 43.5], "WA": [76.8, 150.4], "WN": [25.2, 53.3], "GN": [20.0, 45.1], "RR": [18.9, 38.5], "RN": [19.4, 41.5], "AR": [19.9, 40.8], "AN": [18.3, 38.2], "BL": [19.2, 39.0], "GR": [20.2, 43.6], "GW": [20.2, 44.9], "GM": [19.2, 42.6], "HY": [20.0, 45.1]}, "6": {"keep": [21.7, 46.4], "MR": [21.4, 45.1], "WA": [76.8, 151.1], "WN": [27.9, 67.6], "GN": [21.6, 44.1], "RR": [19.4, 41.8], "RN": [20.5, 43.2], "AR": [20.8, 42.7], "AN": [19.3, 38.3], "BL": [19.9, 42.1], "GR": [21.8, 46.5], "GW": [21.9, 46.8], "GM": [20.9, 43.7], "HY": [21.6, 44.1]}, "7": {"keep": [22.4, 46.8], "MR": [22.8, 48.1], "WA": [77.6, 153.9], "WN": [28.9, 63.9], "GN": [22.2, 48.4], "RR": [20.0, 43.1], "RN": [21.3, 42.2], "AR": [21.7, 46.5], "AN": [19.6, 40.2], "BL": [20.7, 44.7], "GR": [22.5, 49.7], "GW": [22.6, 50.4], "GM": [21.8, 46.6], "HY": [22.2, 48.4]}}, "B.16": {"1": {"keep": [7.7, 18.8], "MR": [7.7, 18.8], "WA": [118.6, 171.9], "WN": [7.7, 18.8], "GN": [7.7, 18.8], "RR": [7.3, 15.7], "RN": [7.3, 15.7], "AR": [7.3, 15.7], "AN": [7.0, 15.1], "BL": [7.3, 15.7], "GR": [7.8, 17.9], "GW": [7.8, 18.1], "GM": [7.7, 18.8], "HY": [7.7, 18.8]}, "2": {"keep": [13.2, 30.3], "MR": [13.1, 30.2], "WA": [117.0, 169.0], "WN": [13.2, 30.3], "GN": [13.2, 30.3], "RR": [13.6, 26.1], "RN": [13.6, 26.1], "AR": [13.6, 26.1], "AN": [12.7, 26.5], "BL": [13.6, 26.1], "GR": [13.3, 28.4], "GW": [13.3, 28.5], "GM": [13.1, 30.2], "HY": [13.2, 30.3]}, "3": {"keep": [17.7, 40.6], "MR": [17.3, 37.8], "WA": [118.8, 171.4], "WN": [19.8, 40.4], "GN": [17.7, 39.5], "RR": [18.1, 35.5], "RN": [18.1, 34.7], "AR": [20.3, 38.4], "AN": [16.8, 32.8], "BL": [19.1, 37.1], "GR": [17.8, 39.8], "GW": [17.8, 40.0], "GM": [17.3, 37.8], "HY": [17.7, 39.5]}, "4": {"keep": [21.4, 47.4], "MR": [20.5, 44.1], "WA": [118.7, 171.0], "WN": [24.1, 48.3], "GN": [21.3, 48.5], "RR": [21.4, 42.5], "RN": [21.6, 41.8], "AR": [24.1, 45.4], "AN": [20.0, 41.4], "BL": [22.7, 45.0], "GR": [21.3, 46.0], "GW": [21.2, 46.2], "GM": [20.4, 43.0], "HY": [21.3, 48.5]}, "5": {"keep": [24.0, 51.2], "MR": [22.8, 47.6], "WA": [120.7, 169.7], "WN": [27.6, 56.1], "GN": [23.7, 50.3], "RR": [23.4, 48.7], "RN": [23.9, 49.7], "AR": [26.9, 51.1], "AN": [22.1, 44.4], "BL": [25.0, 50.0], "GR": [23.7, 50.2], "GW": [23.7, 50.4], "GM": [22.6, 47.0], "HY": [23.7, 50.3]}, "6": {"keep": [26.1, 60.6], "MR": [25.0, 56.0], "WA": [121.9, 170.8], "WN": [31.9, 60.8], "GN": [25.9, 58.2], "RR": [25.3, 54.3], "RN": [26.1, 56.0], "AR": [30.7, 57.6], "AN": [23.7, 48.4], "BL": [27.8, 57.1], "GR": [25.9, 55.6], "GW": [26.0, 55.5], "GM": [24.6, 52.5], "HY": [25.9, 58.2]}, "7": {"keep": [27.8, 60.0], "MR": [26.8, 58.5], "WA": [119.9, 172.6], "WN": [35.3, 61.5], "GN": [27.4, 58.7], "RR": [26.4, 57.0], "RN": [27.7, 58.7], "AR": [33.9, 57.8], "AN": [24.6, 52.8], "BL": [29.9, 56.5], "GR": [27.5, 56.7], "GW": [27.7, 56.0], "GM": [25.9, 54.2], "HY": [27.4, 58.7]}}, "B.15": {"1": {"keep": [6.1, 12.8], "MR": [6.1, 12.9], "WA": [51.4, 101.8], "WN": [6.1, 12.8], "GN": [6.1, 12.8], "RR": [6.0, 12.7], "RN": [6.0, 12.7], "AR": [6.0, 12.7], "AN": [5.9, 12.1], "BL": [6.0, 12.7], "GR": [6.1, 12.9], "GW": [6.1, 12.9], "GM": [6.1, 12.9], "HY": [6.1, 12.8]}, "2": {"keep": [9.5, 18.6], "MR": [9.4, 18.5], "WA": [50.7, 99.1], "WN": [9.5, 18.6], "GN": [9.5, 18.6], "RR": [9.0, 18.3], "RN": [9.0, 18.3], "AR": [9.0, 18.3], "AN": [9.0, 17.4], "BL": [9.0, 18.3], "GR": [9.4, 19.1], "GW": [9.4, 19.3], "GM": [9.4, 18.5], "HY": [9.5, 18.6]}, "3": {"keep": [11.6, 22.6], "MR": [11.4, 22.0], "WA": [51.1, 100.5], "WN": [12.9, 25.9], "GN": [11.6, 22.6], "RR": [10.9, 21.2], "RN": [10.9, 21.0], "AR": [11.3, 21.9], "AN": [10.8, 21.1], "BL": [11.0, 21.0], "GR": [11.5, 22.5], "GW": [11.5, 22.5], "GM": [11.4, 22.0], "HY": [11.6, 22.6]}, "4": {"keep": [13.2, 27.1], "MR": [12.8, 27.4], "WA": [51.0, 102.4], "WN": [15.4, 32.1], "GN": [13.2, 27.2], "RR": [11.9, 24.2], "RN": [11.9, 24.4], "AR": [12.7, 25.7], "AN": [12.2, 24.5], "BL": [12.2, 24.6], "GR": [13.3, 27.6], "GW": [13.4, 27.1], "GM": [12.8, 27.4], "HY": [13.2, 27.2]}, "5": {"keep": [14.7, 30.0], "MR": [14.4, 29.4], "WA": [51.8, 101.7], "WN": [18.2, 36.0], "GN": [14.8, 30.4], "RR": [12.9, 26.4], "RN": [13.0, 26.5], "AR": [14.1, 29.1], "AN": [13.2, 25.4], "BL": [13.4, 26.6], "GR": [14.8, 30.8], "GW": [14.9, 31.1], "GM": [14.4, 28.9], "HY": [14.8, 30.4]}, "6": {"keep": [15.6, 31.4], "MR": [15.6, 31.4], "WA": [52.0, 101.6], "WN": [20.4, 39.9], "GN": [15.7, 33.2], "RR": [13.6, 27.9], "RN": [13.8, 29.2], "AR": [14.8, 31.6], "AN": [13.6, 26.8], "BL": [14.0, 30.1], "GR": [16.0, 33.5], "GW": [16.1, 33.2], "GM": [15.5, 32.8], "HY": [15.7, 33.2]}, "7": {"keep": [16.3, 32.5], "MR": [16.8, 33.3], "WA": [52.3, 103.0], "WN": [22.1, 50.2], "GN": [16.5, 33.6], "RR": [14.5, 28.6], "RN": [14.7, 28.7], "AR": [15.7, 32.4], "AN": [14.1, 27.5], "BL": [14.9, 30.2], "GR": [16.8, 33.9], "GW": [17.0, 33.9], "GM": [16.6, 33.8], "HY": [16.5, 33.6]}}, "PCH001": {"1": {"keep": [6.6, 16.9], "MR": [6.9, 18.3], "WA": [63.7, 125.5], "WN": [6.6, 16.9], "GN": [6.6, 16.9], "RR": [6.4, 14.2], "RN": [6.4, 14.2], "AR": [6.4, 14.2], "AN": [6.1, 15.9], "BL": [6.4, 14.2], "GR": [6.7, 17.0], "GW": [6.7, 17.0], "GM": [6.9, 18.3], "HY": [6.6, 16.9]}, "2": {"keep": [11.1, 25.1], "MR": [11.7, 26.3], "WA": [62.2, 124.8], "WN": [11.1, 25.1], "GN": [11.1, 25.1], "RR": [11.1, 21.8], "RN": [11.1, 21.8], "AR": [11.1, 21.8], "AN": [10.5, 21.5], "BL": [11.1, 21.8], "GR": [11.2, 25.4], "GW": [11.1, 25.7], "GM": [11.7, 26.3], "HY": [11.1, 25.1]}, "3": {"keep": [14.3, 31.8], "MR": [15.1, 35.1], "WA": [62.3, 124.9], "WN": [16.1, 36.8], "GN": [14.4, 32.4], "RR": [14.4, 29.9], "RN": [14.4, 29.8], "AR": [15.1, 30.4], "AN": [13.7, 32.6], "BL": [14.7, 30.4], "GR": [14.6, 32.1], "GW": [14.5, 31.7], "GM": [15.1, 34.2], "HY": [14.4, 32.4]}, "4": {"keep": [16.9, 35.1], "MR": [17.8, 37.9], "WA": [62.8, 122.5], "WN": [19.5, 47.7], "GN": [16.9, 35.1], "RR": [16.8, 35.4], "RN": [16.9, 34.7], "AR": [17.8, 38.4], "AN": [16.4, 36.2], "BL": [17.3, 36.4], "GR": [17.3, 40.1], "GW": [17.2, 38.4], "GM": [17.8, 38.2], "HY": [16.9, 35.1]}, "5": {"keep": [18.7, 41.8], "MR": [19.8, 47.3], "WA": [63.9, 123.8], "WN": [22.1, 55.9], "GN": [18.7, 43.0], "RR": [18.3, 39.2], "RN": [18.6, 39.9], "AR": [19.7, 42.9], "AN": [18.1, 41.9], "BL": [18.9, 40.1], "GR": [19.2, 42.0], "GW": [19.0, 43.5], "GM": [19.7, 45.3], "HY": [18.7, 43.0]}, "6": {"keep": [19.8, 45.0], "MR": [21.3, 47.1], "WA": [64.9, 126.1], "WN": [24.0, 55.2], "GN": [19.8, 43.8], "RR": [19.1, 42.0], "RN": [19.7, 40.8], "AR": [20.2, 41.1], "AN": [18.7, 41.2], "BL": [19.6, 40.9], "GR": [20.5, 43.5], "GW": [20.3, 42.6], "GM": [21.0, 47.5], "HY": [19.8, 43.8]}, "7": {"keep": [20.6, 43.6], "MR": [22.6, 48.3], "WA": [65.5, 127.4], "WN": [25.6, 66.8], "GN": [20.3, 44.6], "RR": [19.4, 42.5], "RN": [20.3, 44.7], "AR": [20.3, 43.4], "AN": [19.3, 39.2], "BL": [19.7, 43.2], "GR": [21.0, 44.8], "GW": [20.9, 44.1], "GM": [21.8, 47.6], "HY": [20.3, 44.6]}}}, "pick": ["AN", "AN"]}
