hourly 2025-09-30 … 2026-10-05, 371 days; releases 3200 days
rain: 2 basins between the dam and the city; forecast archive 2026-07-06 … 2026-10-06
issue days 328: odd months 178, even months 150
lags (h) fitted on even months: {'B.18': 0, 'B.10': 39, 'B.16': 50, 'B.15': 54, 'PCH001': 55} · on odd months: {'B.18': 0, 'B.10': 31, 'B.16': 37, 'B.15': 46, 'PCH001': 42}

=== sample 1 (odd months; fits on even months; observed rain): MAE cm (90 % abs error) per point and lead day
B.18    d1 n 173 · keep   5.9 · MR   5.9 ( 17.2) · WA  22.0 ( 42.6) · WN   5.1 ( 16.8) · GN   5.7 ( 16.4) · RR   6.8 ( 17.4) · RN   8.4 ( 22.9) · AR   6.6 ( 17.7) · AN   5.8 ( 17.9) · BL   6.7 ( 17.6) · GR   6.0 ( 15.7) · GW   6.0 ( 16.3) · GM   5.8 ( 16.8) · HY   5.1 ( 16.8)
B.18    d2 n 172 · keep   9.6 · MR   9.8 ( 30.9) · WA  22.7 ( 42.8) · WN   6.7 ( 18.5) · GN   6.7 ( 18.8) · RR   8.9 ( 19.5) · RN  14.4 ( 39.8) · AR   8.8 ( 24.1) · AN   9.3 ( 29.5) · BL   8.7 ( 22.0) · GR   6.7 ( 18.8) · GW   6.7 ( 18.8) · GM   6.8 ( 19.1) · HY   6.7 ( 18.5)
B.18    d3 n 171 · keep  12.6 · MR  13.4 ( 38.5) · WA  23.5 ( 43.8) · WN   7.8 ( 21.0) · GN   8.2 ( 21.1) · RR  10.6 ( 24.3) · RN  24.7 ( 61.9) · AR  10.5 ( 23.2) · AN  12.1 ( 33.3) · BL  10.4 ( 23.8) · GR   8.2 ( 21.1) · GW   8.2 ( 21.1) · GM   8.2 ( 21.1) · HY   7.8 ( 21.0)
B.18    d4 n 171 · keep  15.0 · MR  16.6 ( 47.7) · WA  23.4 ( 43.3) · WN   8.4 ( 19.9) · GN   9.4 ( 25.0) · RR  12.9 ( 32.6) · RN  35.0 ( 77.5) · AR  12.1 ( 31.1) · AN  14.2 ( 34.0) · BL  12.4 ( 32.2) · GR   9.4 ( 25.0) · GW   9.4 ( 25.0) · GM   9.4 ( 25.4) · HY   8.4 ( 19.9)
B.18    d5 n 171 · keep  17.2 · MR  18.3 ( 49.7) · WA  23.6 ( 44.2) · WN   8.9 ( 21.3) · GN   9.6 ( 25.4) · RR  15.7 ( 42.3) · RN  35.5 ( 78.4) · AR  14.2 ( 37.4) · AN  16.1 ( 38.4) · BL  14.9 ( 42.5) · GR   9.6 ( 25.4) · GW   9.6 ( 25.4) · GM   9.6 ( 24.8) · HY   8.9 ( 21.3)
B.18    d6 n 171 · keep  18.7 · MR  20.3 ( 55.6) · WA  23.2 ( 44.3) · WN   8.8 ( 20.0) · GN  10.3 ( 25.6) · RR  15.7 ( 44.4) · RN  38.9 ( 80.7) · AR  16.7 ( 48.8) · AN  17.1 ( 43.9) · BL  15.9 ( 46.0) · GR  10.3 ( 25.6) · GW  10.3 ( 25.6) · GM  10.0 ( 26.1) · HY   8.8 ( 20.0)
B.18    d7 n 171 · keep  19.7 · MR  20.9 ( 53.5) · WA  23.1 ( 42.7) · WN   8.7 ( 21.4) · GN  10.3 ( 26.0) · RR  12.5 ( 31.1) · RN  36.7 ( 90.9) · AR  11.2 ( 26.1) · AN  18.1 ( 44.9) · BL  11.7 ( 27.7) · GR  10.3 ( 26.0) · GW  10.3 ( 26.0) · GM  10.4 ( 26.3) · HY   8.7 ( 21.4)
B.10    d1 n 178 · keep  10.2 · MR  11.9 ( 32.2) · WA  88.7 (152.4) · WN  10.2 ( 28.9) · GN  10.2 ( 28.9) · RR  12.3 ( 30.3) · RN  12.3 ( 30.3) · AR  12.3 ( 30.3) · AN  10.4 ( 28.8) · BL  12.3 ( 30.3) · GR  10.2 ( 28.9) · GW  10.2 ( 28.9) · GM  11.9 ( 32.2) · HY  10.2 ( 28.9)
B.10    d2 n 178 · keep  17.2 · MR  20.3 ( 55.8) · WA  88.6 (151.3) · WN  17.2 ( 53.4) · GN  17.2 ( 53.4) · RR  21.9 ( 56.5) · RN  21.9 ( 56.5) · AR  21.9 ( 56.5) · AN  17.4 ( 52.9) · BL  21.9 ( 56.5) · GR  17.2 ( 53.4) · GW  17.2 ( 53.4) · GM  20.3 ( 55.8) · HY  17.2 ( 53.4)
B.10    d3 n 178 · keep  22.9 · MR  24.7 ( 62.1) · WA  93.7 (154.6) · WN  24.2 ( 71.3) · GN  22.1 ( 59.5) · RR  26.6 ( 68.9) · RN  27.5 ( 70.3) · AR  28.8 ( 71.0) · AN  23.1 ( 65.9) · BL  27.7 ( 68.8) · GR  22.1 ( 59.5) · GW  22.1 ( 59.5) · GM  23.9 ( 62.9) · HY  22.1 ( 59.5)
B.10    d4 n 178 · keep  26.5 · MR  27.5 ( 69.8) · WA  95.6 (157.7) · WN  28.7 ( 82.7) · GN  26.5 ( 71.2) · RR  34.5 ( 93.0) · RN  34.7 ( 93.9) · AR  40.0 (105.9) · AN  27.3 ( 75.3) · BL  37.1 ( 99.4) · GR  26.5 ( 71.2) · GW  26.5 ( 71.2) · GM  27.5 ( 70.0) · HY  26.5 ( 71.2)
B.10    d5 n 178 · keep  28.6 · MR  30.9 ( 88.2) · WA  97.4 (173.7) · WN  32.4 ( 98.9) · GN  27.1 ( 72.8) · RR  40.8 (116.0) · RN  42.1 (120.5) · AR  45.0 (126.9) · AN  29.9 ( 82.4) · BL  42.9 (121.0) · GR  27.1 ( 72.8) · GW  27.1 ( 72.8) · GM  29.1 ( 88.1) · HY  27.1 ( 72.8)
B.10    d6 n 178 · keep  29.6 · MR  34.5 (101.9) · WA  99.0 (188.5) · WN  35.0 (103.4) · GN  27.4 ( 72.9) · RR  49.8 (149.5) · RN  51.3 (150.4) · AR  52.6 (155.4) · AN  31.6 ( 92.1) · BL  51.1 (151.1) · GR  27.4 ( 72.9) · GW  27.4 ( 72.9) · GM  31.5 (100.7) · HY  27.4 ( 72.9)
B.10    d7 n 178 · keep  30.5 · MR  35.2 (105.4) · WA 101.1 (201.1) · WN  38.7 (104.6) · GN  27.8 ( 82.3) · RR  45.6 (128.3) · RN  49.4 (142.1) · AR  51.8 (142.7) · AN  32.0 ( 89.6) · BL  48.6 (140.8) · GR  27.8 ( 82.3) · GW  27.8 ( 82.3) · GM  31.5 (102.2) · HY  27.8 ( 82.3)
B.16    d1 n 175 · keep   8.7 · MR   9.7 ( 25.8) · WA  85.0 (147.1) · WN   8.7 ( 24.1) · GN   8.7 ( 24.1) · RR   9.0 ( 21.5) · RN   9.0 ( 21.5) · AR   9.0 ( 21.5) · AN   8.6 ( 22.4) · BL   9.0 ( 21.5) · GR   8.7 ( 24.1) · GW   8.7 ( 24.1) · GM   9.7 ( 25.8) · HY   8.7 ( 24.1)
B.16    d2 n 175 · keep  14.7 · MR  16.8 ( 41.3) · WA  84.2 (136.6) · WN  14.7 ( 46.1) · GN  14.7 ( 46.1) · RR  17.0 ( 40.1) · RN  17.0 ( 40.1) · AR  17.0 ( 40.1) · AN  15.0 ( 47.6) · BL  17.0 ( 40.1) · GR  14.7 ( 46.1) · GW  14.7 ( 46.1) · GM  16.8 ( 41.3) · HY  14.7 ( 46.1)
B.16    d3 n 175 · keep  19.1 · MR  20.9 ( 50.2) · WA  87.0 (141.1) · WN  21.1 ( 62.6) · GN  18.9 ( 57.1) · RR  21.8 ( 57.6) · RN  22.0 ( 57.6) · AR  24.0 ( 66.6) · AN  19.9 ( 58.3) · BL  22.9 ( 63.5) · GR  18.9 ( 57.1) · GW  18.9 ( 57.1) · GM  20.7 ( 50.0) · HY  18.9 ( 57.1)
B.16    d4 n 175 · keep  23.2 · MR  23.7 ( 63.8) · WA  87.5 (140.5) · WN  25.6 ( 81.4) · GN  23.6 ( 66.0) · RR  28.6 ( 81.0) · RN  29.1 ( 78.7) · AR  34.8 ( 92.6) · AN  24.3 ( 70.9) · BL  31.6 ( 86.5) · GR  23.6 ( 66.0) · GW  23.6 ( 66.0) · GM  24.2 ( 65.6) · HY  23.6 ( 66.0)
B.16    d5 n 175 · keep  25.2 · MR  26.4 ( 74.1) · WA  89.0 (147.0) · WN  30.2 ( 93.8) · GN  25.1 ( 61.8) · RR  35.1 (100.9) · RN  35.5 (101.5) · AR  41.1 (116.1) · AN  27.5 ( 73.8) · BL  38.0 (106.9) · GR  25.1 ( 61.8) · GW  25.1 ( 61.8) · GM  26.3 ( 73.6) · HY  25.1 ( 61.8)
B.16    d6 n 175 · keep  26.4 · MR  28.9 ( 84.0) · WA  89.9 (156.7) · WN  33.8 ( 96.0) · GN  25.5 ( 73.9) · RR  38.9 (116.5) · RN  39.9 (124.7) · AR  45.2 (133.2) · AN  29.1 ( 75.2) · BL  41.7 (124.1) · GR  25.5 ( 73.9) · GW  25.5 ( 73.9) · GM  27.7 ( 85.5) · HY  25.5 ( 73.9)
B.16    d7 n 175 · keep  27.4 · MR  29.6 ( 87.9) · WA  91.3 (164.7) · WN  38.0 (100.9) · GN  25.8 ( 72.3) · RR  37.0 (110.0) · RN  39.5 (121.0) · AR  53.6 (144.7) · AN  29.7 ( 84.0) · BL  44.4 (129.3) · GR  25.8 ( 72.3) · GW  25.8 ( 72.3) · GM  27.2 ( 87.0) · HY  25.8 ( 72.3)
B.15    d1 n 178 · keep   7.3 · MR   8.4 ( 19.6) · WA  39.5 ( 72.5) · WN   7.3 ( 17.6) · GN   7.3 ( 17.6) · RR   9.3 ( 22.0) · RN   9.3 ( 22.0) · AR   9.3 ( 22.0) · AN   7.3 ( 17.8) · BL   9.3 ( 22.0) · GR   7.3 ( 17.6) · GW   7.3 ( 17.6) · GM   8.4 ( 19.6) · HY   7.3 ( 17.6)
B.15    d2 n 178 · keep  12.6 · MR  14.3 ( 31.5) · WA  39.6 ( 71.3) · WN  12.6 ( 32.3) · GN  12.6 ( 32.3) · RR  15.4 ( 37.2) · RN  15.4 ( 37.2) · AR  15.4 ( 37.2) · AN  12.9 ( 30.2) · BL  15.4 ( 37.2) · GR  12.6 ( 32.3) · GW  12.6 ( 32.3) · GM  14.3 ( 31.5) · HY  12.6 ( 32.3)
B.15    d3 n 178 · keep  15.4 · MR  17.0 ( 39.4) · WA  40.0 ( 74.5) · WN  16.2 ( 44.1) · GN  15.7 ( 43.0) · RR  18.3 ( 48.3) · RN  17.9 ( 48.1) · AR  18.8 ( 49.6) · AN  15.8 ( 39.8) · BL  18.5 ( 49.5) · GR  15.7 ( 43.0) · GW  15.7 ( 43.0) · GM  17.1 ( 40.9) · HY  15.7 ( 43.0)
B.15    d4 n 178 · keep  17.8 · MR  19.5 ( 47.8) · WA  40.0 ( 70.6) · WN  18.3 ( 48.7) · GN  18.0 ( 44.4) · RR  19.9 ( 51.2) · RN  20.3 ( 53.5) · AR  21.7 ( 59.1) · AN  18.7 ( 48.2) · BL  20.8 ( 58.9) · GR  18.0 ( 44.4) · GW  18.0 ( 44.4) · GM  19.6 ( 46.5) · HY  18.0 ( 44.4)
B.15    d5 n 178 · keep  20.1 · MR  21.9 ( 56.9) · WA  41.0 ( 70.6) · WN  21.2 ( 55.9) · GN  20.3 ( 52.6) · RR  22.8 ( 61.7) · RN  22.8 ( 63.5) · AR  25.0 ( 69.7) · AN  20.9 ( 52.6) · BL  23.8 ( 66.7) · GR  20.3 ( 52.6) · GW  20.3 ( 52.6) · GM  22.0 ( 57.9) · HY  20.3 ( 52.6)
B.15    d6 n 178 · keep  21.8 · MR  23.8 ( 63.3) · WA  41.6 ( 70.1) · WN  23.7 ( 62.5) · GN  21.5 ( 55.3) · RR  22.6 ( 64.4) · RN  23.6 ( 65.8) · AR  25.4 ( 70.9) · AN  23.1 ( 61.3) · BL  23.8 ( 65.5) · GR  21.5 ( 55.3) · GW  21.5 ( 55.3) · GM  23.6 ( 58.6) · HY  21.5 ( 55.3)
B.15    d7 n 178 · keep  23.2 · MR  24.9 ( 68.0) · WA  47.1 ( 74.0) · WN  30.1 ( 70.5) · GN  22.6 ( 62.3) · RR  25.1 ( 77.5) · RN  25.5 ( 74.9) · AR  39.9 ( 96.8) · AN  24.7 ( 66.0) · BL  32.1 ( 91.8) · GR  22.6 ( 62.3) · GW  22.6 ( 62.3) · GM  24.2 ( 72.2) · HY  22.6 ( 62.3)
PCH001  d1 n 177 · keep   8.1 · MR   9.3 ( 25.3) · WA  76.3 (134.3) · WN   8.1 ( 20.9) · GN   8.1 ( 20.9) · RR   9.6 ( 24.1) · RN   9.6 ( 24.1) · AR   9.6 ( 24.1) · AN   8.0 ( 21.7) · BL   9.6 ( 24.1) · GR   8.1 ( 20.9) · GW   8.1 ( 20.9) · GM   9.3 ( 25.3) · HY   8.1 ( 20.9)
PCH001  d2 n 177 · keep  14.4 · MR  17.0 ( 46.2) · WA  75.0 (125.9) · WN  14.4 ( 43.5) · GN  14.4 ( 43.5) · RR  19.4 ( 50.1) · RN  19.4 ( 50.1) · AR  19.4 ( 50.1) · AN  15.0 ( 43.3) · BL  19.4 ( 50.1) · GR  14.4 ( 43.5) · GW  14.4 ( 43.5) · GM  17.0 ( 46.2) · HY  14.4 ( 43.5)
PCH001  d3 n 177 · keep  18.9 · MR  21.4 ( 56.3) · WA  77.5 (129.0) · WN  21.5 ( 61.9) · GN  19.0 ( 58.8) · RR  25.2 ( 66.6) · RN  25.0 ( 67.0) · AR  27.4 ( 74.6) · AN  19.7 ( 57.3) · BL  26.3 ( 71.8) · GR  19.0 ( 58.8) · GW  19.0 ( 58.8) · GM  21.5 ( 55.4) · HY  19.0 ( 58.8)
PCH001  d4 n 177 · keep  22.2 · MR  24.0 ( 59.9) · WA  78.8 (130.4) · WN  24.8 ( 72.9) · GN  22.6 ( 63.5) · RR  30.6 ( 85.7) · RN  30.8 ( 86.9) · AR  35.7 ( 96.0) · AN  23.5 ( 64.5) · BL  33.1 ( 91.8) · GR  22.6 ( 63.5) · GW  22.6 ( 63.5) · GM  24.5 ( 58.5) · HY  22.6 ( 63.5)
PCH001  d5 n 177 · keep  24.3 · MR  26.6 ( 70.3) · WA  80.4 (134.4) · WN  28.7 ( 87.2) · GN  24.6 ( 63.1) · RR  37.8 (105.0) · RN  38.1 (111.4) · AR  43.3 (124.3) · AN  26.5 ( 65.9) · BL  40.5 (116.5) · GR  24.6 ( 63.1) · GW  24.6 ( 63.1) · GM  27.0 ( 69.4) · HY  24.6 ( 63.1)
PCH001  d6 n 177 · keep  25.2 · MR  29.5 ( 79.6) · WA  81.4 (145.5) · WN  31.5 ( 89.9) · GN  24.6 ( 61.4) · RR  41.7 (123.6) · RN  43.2 (129.3) · AR  47.4 (134.1) · AN  28.1 ( 73.2) · BL  44.4 (132.8) · GR  24.6 ( 61.4) · GW  24.6 ( 61.4) · GM  28.8 ( 79.0) · HY  24.6 ( 61.4)
PCH001  d7 n 177 · keep  25.8 · MR  30.2 ( 81.8) · WA  82.6 (145.8) · WN  34.7 ( 92.7) · GN  24.4 ( 69.6) · RR  41.0 (127.1) · RN  44.0 (137.3) · AR  51.0 (144.5) · AN  28.7 ( 79.0) · BL  45.6 (136.9) · GR  24.4 ( 69.6) · GW  24.4 ( 69.6) · GM  28.2 ( 83.2) · HY  24.4 ( 69.6)

=== sample 2 (even months; fits on odd months; observed rain): MAE cm (90 % abs error) per point and lead day
B.18    d1 n 147 · keep   6.0 · MR   6.1 ( 13.4) · WA  25.3 ( 46.0) · WN   5.8 ( 14.0) · GN   5.6 ( 13.8) · RR   6.4 ( 14.4) · RN   7.6 ( 13.1) · AR   6.5 ( 15.3) · AN   6.0 ( 12.5) · BL   6.5 ( 15.1) · GR   5.6 ( 13.4) · GW   5.6 ( 13.7) · GM   5.5 ( 13.9) · HY   5.8 ( 14.0)
B.18    d2 n 147 · keep   8.8 · MR   8.9 ( 18.2) · WA  25.6 ( 47.6) · WN   6.7 ( 15.9) · GN   6.9 ( 16.1) · RR   8.2 ( 14.8) · RN  12.4 ( 23.7) · AR   8.1 ( 14.4) · AN   8.1 ( 17.5) · BL   8.2 ( 14.6) · GR   6.9 ( 16.3) · GW   6.9 ( 16.2) · GM   6.9 ( 16.2) · HY   6.7 ( 15.9)
B.18    d3 n 147 · keep  10.3 · MR  10.3 ( 22.8) · WA  26.0 ( 48.1) · WN   7.2 ( 17.7) · GN   7.4 ( 16.9) · RR   8.3 ( 15.1) · RN  15.1 ( 29.4) · AR   8.0 ( 14.9) · AN   9.5 ( 19.2) · BL   8.1 ( 15.0) · GR   7.5 ( 16.9) · GW   7.5 ( 17.0) · GM   7.4 ( 16.8) · HY   7.2 ( 17.7)
B.18    d4 n 147 · keep  12.3 · MR  12.2 ( 28.7) · WA  26.4 ( 46.8) · WN   7.9 ( 17.8) · GN   8.4 ( 18.1) · RR   9.5 ( 20.2) · RN  17.7 ( 36.7) · AR   8.8 ( 18.4) · AN  11.5 ( 25.0) · BL   9.1 ( 19.6) · GR   8.5 ( 17.8) · GW   8.5 ( 18.0) · GM   8.5 ( 17.9) · HY   7.9 ( 17.8)
B.18    d5 n 147 · keep  14.3 · MR  14.2 ( 31.3) · WA  27.0 ( 50.8) · WN   9.0 ( 19.0) · GN   9.6 ( 20.8) · RR  11.1 ( 22.5) · RN  20.4 ( 44.7) · AR  10.2 ( 21.1) · AN  13.4 ( 28.4) · BL  10.6 ( 22.1) · GR   9.6 ( 20.9) · GW   9.6 ( 20.8) · GM   9.7 ( 20.4) · HY   9.0 ( 19.0)
B.18    d6 n 147 · keep  15.3 · MR  15.3 ( 37.6) · WA  27.0 ( 50.5) · WN   8.8 ( 19.8) · GN   9.9 ( 22.0) · RR  12.3 ( 29.3) · RN  21.4 ( 51.5) · AR  10.7 ( 24.8) · AN  14.6 ( 36.9) · BL  11.5 ( 26.2) · GR  10.0 ( 22.0) · GW  10.0 ( 22.0) · GM  10.1 ( 22.1) · HY   8.8 ( 19.8)
B.18    d7 n 147 · keep  15.7 · MR  16.1 ( 36.9) · WA  27.0 ( 49.0) · WN   9.3 ( 20.6) · GN  10.4 ( 23.0) · RR  12.7 ( 31.2) · RN  21.7 ( 48.4) · AR  11.1 ( 24.0) · AN  15.4 ( 38.5) · BL  11.9 ( 26.8) · GR  10.4 ( 23.3) · GW  10.4 ( 23.3) · GM  10.5 ( 24.0) · HY   9.3 ( 20.6)
B.10    d1 n 150 · keep   6.7 · MR   6.7 ( 14.0) · WA  88.4 (165.5) · WN   6.7 ( 13.2) · GN   6.7 ( 13.2) · RR   7.6 ( 14.9) · RN   7.6 ( 14.9) · AR   7.6 ( 14.9) · AN   6.8 ( 16.1) · BL   7.6 ( 14.9) · GR   6.8 ( 14.6) · GW   6.8 ( 14.6) · GM   6.7 ( 14.0) · HY   6.7 ( 13.2)
B.10    d2 n 150 · keep  11.4 · MR  11.2 ( 25.7) · WA  88.7 (163.8) · WN  14.3 ( 31.2) · GN  11.3 ( 27.2) · RR  13.4 ( 27.0) · RN  13.4 ( 26.9) · AR  14.3 ( 28.1) · AN  11.7 ( 25.8) · BL  13.8 ( 27.8) · GR  11.7 ( 26.8) · GW  11.6 ( 28.1) · GM  11.2 ( 25.5) · HY  11.3 ( 27.2)
B.10    d3 n 150 · keep  13.4 · MR  13.2 ( 29.6) · WA  89.1 (167.9) · WN  17.9 ( 36.8) · GN  13.5 ( 35.6) · RR  17.1 ( 30.5) · RN  17.2 ( 31.3) · AR  18.8 ( 35.2) · AN  14.1 ( 32.3) · BL  17.8 ( 31.6) · GR  14.1 ( 35.2) · GW  13.9 ( 34.6) · GM  13.2 ( 32.2) · HY  13.5 ( 35.6)
B.10    d4 n 150 · keep  15.1 · MR  14.6 ( 34.7) · WA  90.4 (165.0) · WN  21.2 ( 46.0) · GN  14.9 ( 39.0) · RR  19.5 ( 32.0) · RN  19.1 ( 33.6) · AR  21.8 ( 39.3) · AN  14.8 ( 36.4) · BL  20.4 ( 34.0) · GR  15.4 ( 40.0) · GW  15.3 ( 40.6) · GM  14.4 ( 34.6) · HY  14.9 ( 39.0)
B.10    d5 n 150 · keep  16.6 · MR  15.8 ( 35.7) · WA  90.3 (162.3) · WN  23.3 ( 45.6) · GN  16.2 ( 35.7) · RR  21.0 ( 36.6) · RN  21.3 ( 38.8) · AR  22.8 ( 46.6) · AN  16.0 ( 36.2) · BL  21.5 ( 35.3) · GR  16.8 ( 37.7) · GW  16.8 ( 38.3) · GM  15.2 ( 31.7) · HY  16.2 ( 35.7)
B.10    d6 n 150 · keep  17.7 · MR  16.8 ( 38.1) · WA  90.7 (160.0) · WN  24.7 ( 56.4) · GN  16.9 ( 36.0) · RR  20.6 ( 39.1) · RN  21.9 ( 44.4) · AR  23.4 ( 52.1) · AN  17.2 ( 42.8) · BL  21.7 ( 42.6) · GR  17.4 ( 40.3) · GW  17.3 ( 40.4) · GM  15.6 ( 32.8) · HY  16.9 ( 36.0)
B.10    d7 n 150 · keep  17.6 · MR  17.0 ( 41.1) · WA  92.1 (164.5) · WN  24.0 ( 56.7) · GN  16.4 ( 40.9) · RR  20.0 ( 40.1) · RN  21.9 ( 42.7) · AR  22.8 ( 47.9) · AN  17.1 ( 42.2) · BL  21.0 ( 43.7) · GR  17.4 ( 44.2) · GW  17.3 ( 44.5) · GM  15.2 ( 33.8) · HY  16.4 ( 40.9)
B.16    d1 n 150 · keep   6.3 · MR   6.3 ( 14.6) · WA  96.5 (186.6) · WN   6.3 ( 15.8) · GN   6.3 ( 15.8) · RR   6.9 ( 15.1) · RN   6.9 ( 15.1) · AR   6.9 ( 15.1) · AN   6.1 ( 14.6) · BL   6.9 ( 15.1) · GR   6.5 ( 15.6) · GW   6.5 ( 15.8) · GM   6.3 ( 14.6) · HY   6.3 ( 15.8)
B.16    d2 n 150 · keep  10.6 · MR  10.5 ( 22.3) · WA  95.0 (178.1) · WN  10.6 ( 22.1) · GN  10.6 ( 22.1) · RR  12.4 ( 23.0) · RN  12.4 ( 23.0) · AR  12.4 ( 23.0) · AN  10.6 ( 20.8) · BL  12.4 ( 23.0) · GR  11.0 ( 26.1) · GW  10.9 ( 26.3) · GM  10.5 ( 22.3) · HY  10.6 ( 22.1)
B.16    d3 n 150 · keep  12.8 · MR  12.6 ( 27.1) · WA  96.0 (176.8) · WN  15.8 ( 31.5) · GN  12.9 ( 28.4) · RR  15.6 ( 31.5) · RN  15.6 ( 31.4) · AR  16.9 ( 31.8) · AN  12.8 ( 29.7) · BL  16.2 ( 31.7) · GR  13.4 ( 30.8) · GW  13.2 ( 31.0) · GM  12.6 ( 27.2) · HY  12.9 ( 28.4)
B.16    d4 n 150 · keep  14.4 · MR  13.9 ( 30.2) · WA  97.0 (177.7) · WN  18.6 ( 37.2) · GN  14.1 ( 34.0) · RR  17.5 ( 33.9) · RN  17.3 ( 33.9) · AR  19.7 ( 41.3) · AN  14.4 ( 32.7) · BL  18.6 ( 36.1) · GR  14.6 ( 32.3) · GW  14.4 ( 35.0) · GM  13.5 ( 30.2) · HY  14.1 ( 34.0)
B.16    d5 n 150 · keep  15.6 · MR  14.9 ( 30.1) · WA  98.7 (180.6) · WN  22.0 ( 44.7) · GN  14.8 ( 31.5) · RR  18.6 ( 38.3) · RN  18.5 ( 35.5) · AR  22.6 ( 42.7) · AN  15.4 ( 32.5) · BL  20.4 ( 40.7) · GR  15.5 ( 34.6) · GW  15.4 ( 33.2) · GM  14.0 ( 26.3) · HY  14.8 ( 31.5)
B.16    d6 n 150 · keep  16.5 · MR  15.6 ( 33.6) · WA  98.7 (178.6) · WN  24.0 ( 46.9) · GN  15.6 ( 31.2) · RR  18.6 ( 36.4) · RN  19.4 ( 36.9) · AR  22.6 ( 41.2) · AN  16.3 ( 36.5) · BL  20.2 ( 38.2) · GR  16.2 ( 35.1) · GW  16.1 ( 37.7) · GM  14.4 ( 28.3) · HY  15.6 ( 31.2)
B.16    d7 n 150 · keep  16.8 · MR  16.1 ( 34.9) · WA  98.9 (177.2) · WN  25.6 ( 50.6) · GN  15.4 ( 34.6) · RR  18.1 ( 38.1) · RN  19.2 ( 39.9) · AR  23.5 ( 47.7) · AN  16.3 ( 38.4) · BL  20.2 ( 43.0) · GR  16.4 ( 39.4) · GW  16.4 ( 40.4) · GM  14.2 ( 32.9) · HY  15.4 ( 34.6)
B.15    d1 n 150 · keep   5.3 · MR   5.4 ( 11.7) · WA  75.6 (158.7) · WN   5.3 ( 11.6) · GN   5.3 ( 11.6) · RR   5.6 ( 10.0) · RN   5.6 ( 10.0) · AR   5.6 ( 10.0) · AN   5.5 ( 11.9) · BL   5.6 ( 10.0) · GR   5.4 ( 12.1) · GW   5.4 ( 12.3) · GM   5.4 ( 11.7) · HY   5.3 ( 11.6)
B.15    d2 n 150 · keep   8.0 · MR   8.1 ( 16.9) · WA  75.2 (154.6) · WN   8.0 ( 16.7) · GN   8.0 ( 16.7) · RR   8.2 ( 17.1) · RN   8.2 ( 17.1) · AR   8.2 ( 17.1) · AN   8.3 ( 16.0) · BL   8.2 ( 17.1) · GR   8.3 ( 17.6) · GW   8.3 ( 17.6) · GM   8.1 ( 16.9) · HY   8.0 ( 16.7)
B.15    d3 n 150 · keep  10.0 · MR   9.9 ( 18.6) · WA  76.6 (152.8) · WN  12.9 ( 25.3) · GN  10.0 ( 19.1) · RR  10.0 ( 17.5) · RN  10.0 ( 17.4) · AR  10.7 ( 19.2) · AN  10.2 ( 18.1) · BL  10.3 ( 17.4) · GR  10.4 ( 20.3) · GW  10.4 ( 19.8) · GM   9.9 ( 18.6) · HY  10.0 ( 19.1)
B.15    d4 n 150 · keep  10.7 · MR  10.4 ( 23.0) · WA  77.1 (156.1) · WN  15.8 ( 28.6) · GN  10.8 ( 24.7) · RR  11.0 ( 22.0) · RN  10.9 ( 21.4) · AR  12.7 ( 24.3) · AN  11.0 ( 23.2) · BL  11.6 ( 22.3) · GR  11.6 ( 26.4) · GW  11.6 ( 26.8) · GM  10.5 ( 23.0) · HY  10.8 ( 24.7)
B.15    d5 n 150 · keep  12.1 · MR  11.8 ( 27.4) · WA  78.6 (155.5) · WN  19.5 ( 36.4) · GN  12.1 ( 27.7) · RR  12.2 ( 25.3) · RN  12.1 ( 24.9) · AR  15.1 ( 29.5) · AN  12.2 ( 28.1) · BL  13.4 ( 25.6) · GR  13.0 ( 30.0) · GW  13.1 ( 30.2) · GM  11.7 ( 26.6) · HY  12.1 ( 27.7)
B.15    d6 n 150 · keep  12.2 · MR  12.0 ( 25.5) · WA  78.9 (149.0) · WN  21.6 ( 38.2) · GN  12.2 ( 26.2) · RR  12.4 ( 25.3) · RN  12.6 ( 26.5) · AR  15.4 ( 30.1) · AN  12.3 ( 27.4) · BL  13.6 ( 27.0) · GR  13.3 ( 30.9) · GW  13.3 ( 29.4) · GM  11.7 ( 24.5) · HY  12.2 ( 26.2)
B.15    d7 n 150 · keep  12.4 · MR  12.5 ( 27.5) · WA  78.6 (146.2) · WN  23.2 ( 45.8) · GN  12.1 ( 25.6) · RR  12.5 ( 24.5) · RN  12.9 ( 24.5) · AR  15.8 ( 31.4) · AN  12.2 ( 26.8) · BL  13.7 ( 27.9) · GR  13.5 ( 32.0) · GW  13.5 ( 31.7) · GM  11.6 ( 23.5) · HY  12.1 ( 25.6)
PCH001  d1 n 150 · keep   5.8 · MR   6.1 ( 12.2) · WA  95.6 (185.7) · WN   5.8 ( 13.1) · GN   5.8 ( 13.1) · RR   6.6 ( 13.7) · RN   6.6 ( 13.7) · AR   6.6 ( 13.7) · AN   5.8 ( 11.1) · BL   6.6 ( 13.7) · GR   6.0 ( 15.3) · GW   5.9 ( 14.9) · GM   6.1 ( 12.2) · HY   5.8 ( 13.1)
PCH001  d2 n 150 · keep   9.4 · MR  10.1 ( 20.7) · WA  94.3 (177.0) · WN   9.4 ( 18.7) · GN   9.4 ( 18.7) · RR  12.2 ( 25.4) · RN  12.2 ( 25.4) · AR  12.2 ( 25.4) · AN   9.8 ( 18.7) · BL  12.2 ( 25.4) · GR   9.8 ( 21.3) · GW   9.6 ( 21.2) · GM  10.1 ( 20.7) · HY   9.4 ( 18.7)
PCH001  d3 n 150 · keep  11.6 · MR  12.4 ( 28.5) · WA  95.3 (176.3) · WN  15.2 ( 30.4) · GN  11.7 ( 23.6) · RR  15.5 ( 31.7) · RN  15.5 ( 31.7) · AR  15.9 ( 32.9) · AN  12.5 ( 26.6) · BL  15.5 ( 30.8) · GR  12.4 ( 27.0) · GW  12.2 ( 26.4) · GM  12.5 ( 26.9) · HY  11.7 ( 23.6)
PCH001  d4 n 150 · keep  12.9 · MR  14.1 ( 31.4) · WA  96.3 (176.6) · WN  18.5 ( 36.1) · GN  13.1 ( 25.2) · RR  17.1 ( 32.5) · RN  17.3 ( 32.3) · AR  18.8 ( 38.8) · AN  13.8 ( 28.6) · BL  17.7 ( 34.6) · GR  14.0 ( 32.0) · GW  13.8 ( 30.8) · GM  14.1 ( 28.9) · HY  13.1 ( 25.2)
PCH001  d5 n 150 · keep  14.4 · MR  16.0 ( 35.3) · WA  97.8 (178.3) · WN  22.0 ( 47.4) · GN  14.3 ( 27.8) · RR  18.1 ( 34.8) · RN  18.4 ( 34.6) · AR  21.1 ( 41.6) · AN  15.0 ( 32.9) · BL  19.2 ( 34.5) · GR  15.4 ( 35.4) · GW  15.2 ( 34.0) · GM  15.5 ( 34.6) · HY  14.3 ( 27.8)
PCH001  d6 n 150 · keep  15.4 · MR  17.4 ( 33.5) · WA  97.8 (171.2) · WN  24.0 ( 42.9) · GN  14.9 ( 29.7) · RR  17.7 ( 34.2) · RN  18.5 ( 34.8) · AR  20.6 ( 37.2) · AN  15.6 ( 32.9) · BL  18.7 ( 36.0) · GR  15.8 ( 35.9) · GW  15.7 ( 33.6) · GM  16.4 ( 33.9) · HY  14.9 ( 29.7)
PCH001  d7 n 150 · keep  15.7 · MR  18.5 ( 42.2) · WA  98.0 (172.5) · WN  25.6 ( 46.3) · GN  14.7 ( 28.7) · RR  16.1 ( 29.9) · RN  17.6 ( 32.3) · AR  20.3 ( 37.9) · AN  15.5 ( 35.5) · BL  17.6 ( 35.7) · GR  15.9 ( 36.4) · GW  15.7 ( 36.2) · GM  16.6 ( 35.2) · HY  14.7 ( 28.7)
coefficients (last fit): {"B.18": {"1": {"g_cm_per_cms": 1.295, "gamma_cm_per_mm": 0.08, "rho": -0.005}, "2": {"g_cm_per_cms": 1.61, "gamma_cm_per_mm": 0.053, "rho": 0.011}, "3": {"g_cm_per_cms": 1.825, "gamma_cm_per_mm": 0.025, "rho": -0.002}, "4": {"g_cm_per_cms": 1.863, "gamma_cm_per_mm": 0.018, "rho": 0.009}, "5": {"g_cm_per_cms": 1.844, "gamma_cm_per_mm": 0.01, "rho": 0.023}, "6": {"g_cm_per_cms": 1.771, "gamma_cm_per_mm": 0.011, "rho": 0.045}, "7": {"g_cm_per_cms": 1.746, "gamma_cm_per_mm": 0.01, "rho": 0.046}}, "B.10": {"1": {"g_cm_per_cms": 0.0, "gamma_cm_per_mm": 0.386, "rho": -0.019}, "2": {"g_cm_per_cms": -0.046, "gamma_cm_per_mm": 0.385, "rho": 0.043}, "3": {"g_cm_per_cms": 0.326, "gamma_cm_per_mm": 0.394, "rho": 0.116}, "4": {"g_cm_per_cms": 0.634, "gamma_cm_per_mm": 0.378, "rho": 0.171}, "5": {"g_cm_per_cms": 0.906, "gamma_cm_per_mm": 0.346, "rho": 0.205}, "6": {"g_cm_per_cms": 1.013, "gamma_cm_per_mm": 0.318, "rho": 0.223}, "7": {"g_cm_per_cms": 1.053, "gamma_cm_per_mm": 0.3, "rho": 0.199}}, "B.16": {"1": {"g_cm_per_cms": 0.0, "gamma_cm_per_mm": 0.331, "rho": -0.023}, "2": {"g_cm_per_cms": 0.0, "gamma_cm_per_mm": 0.358, "rho": 0.025}, "3": {"g_cm_per_cms": 0.398, "gamma_cm_per_mm": 0.372, "rho": 0.084}, "4": {"g_cm_per_cms": 0.654, "gamma_cm_per_mm": 0.349, "rho": 0.155}, "5": {"g_cm_per_cms": 1.039, "gamma_cm_per_mm": 0.308, "rho": 0.185}, "6": {"g_cm_per_cms": 1.143, "gamma_cm_per_mm": 0.282, "rho": 0.209}, "7": {"g_cm_per_cms": 1.072, "gamma_cm_per_mm": 0.267, "rho": 0.197}}, "B.15": {"1": {"g_cm_per_cms": 0.0, "gamma_cm_per_mm": 0.269, "rho": -0.039}, "2": {"g_cm_per_cms": 0.0, "gamma_cm_per_mm": 0.297, "rho": -0.023}, "3": {"g_cm_per_cms": 0.178, "gamma_cm_per_mm": 0.322, "rho": 0.022}, "4": {"g_cm_per_cms": 0.419, "gamma_cm_per_mm": 0.317, "rho": 0.063}, "5": {"g_cm_per_cms": 0.561, "gamma_cm_per_mm": 0.301, "rho": 0.079}, "6": {"g_cm_per_cms": 0.673, "gamma_cm_per_mm": 0.281, "rho": 0.086}, "7": {"g_cm_per_cms": 0.762, "gamma_cm_per_mm": 0.257, "rho": 0.072}}, "PCH001": {"1": {"g_cm_per_cms": 0.0, "gamma_cm_per_mm": 0.327, "rho": -0.098}, "2": {"g_cm_per_cms": 0.0, "gamma_cm_per_mm": 0.36, "rho": -0.153}, "3": {"g_cm_per_cms": 0.223, "gamma_cm_per_mm": 0.379, "rho": -0.177}, "4": {"g_cm_per_cms": 0.51, "gamma_cm_per_mm": 0.371, "rho": -0.192}, "5": {"g_cm_per_cms": 0.772, "gamma_cm_per_mm": 0.348, "rho": -0.219}, "6": {"g_cm_per_cms": 0.963, "gamma_cm_per_mm": 0.32, "rho": -0.24}, "7": {"g_cm_per_cms": 1.013, "gamma_cm_per_mm": 0.297, "rho": -0.285}}}
per-point pick B.18: sample 1 → WN, sample 2 → WN (agree)
per-point pick B.10: sample 1 → GN, sample 2 → GM
per-point pick B.16: sample 1 → GN, sample 2 → GM
per-point pick B.15: sample 1 → GN, sample 2 → GM
per-point pick PCH001: sample 1 → GN, sample 2 → GN (agree)

release-aware pick on sample 1: HY {'WA': 666.7674330656542, 'WN': 240.96252591597047, 'GN': 194.85837367524888, 'RR': 263.76557246166175, 'AR': 316.8234276395862, 'AN': 223.64421781046798, 'BL': 288.0069329531624, 'GR': 194.85837367524888, 'GW': 194.85837367524888, 'GM': 212.89344781880274, 'HY': 192.8462328922971} · on sample 2: HY {'WA': 777.5536924921252, 'WN': 176.7122842696351, 'GN': 124.58315772941555, 'RR': 146.08769210458686, 'AR': 163.75170493414333, 'AN': 135.52990076182567, 'BL': 152.33575622931085, 'GR': 131.25198334119102, 'GW': 130.52553633546043, 'GM': 123.87097371285024, 'HY': 123.23696409140945}
picked on 1, scored on 2: HY day 1: summed MAE 29.9 cm vs production chain 381.4 (-92 %) vs keep 30.1 (-1 %)
picked on 1, scored on 2: HY day 3: summed MAE 55.3 cm vs production chain 382.9 (-86 %) vs keep 58.2 (-5 %)
picked on 1, scored on 2: HY day 5: summed MAE 66.4 cm vs production chain 392.4 (-83 %) vs keep 73.1 (-9 %)
picked on 1, scored on 2: HY day 7: summed MAE 67.9 cm vs production chain 394.6 (-83 %) vs keep 78.3 (-13 %)
picked on 2, scored on 1: HY day 1: summed MAE 39.4 cm vs production chain 311.5 (-87 %) vs keep 40.1 (-2 %)
picked on 2, scored on 1: HY day 3: summed MAE 83.5 cm vs production chain 321.7 (-74 %) vs keep 88.9 (-6 %)
picked on 2, scored on 1: HY day 5: summed MAE 106.1 cm vs production chain 331.3 (-68 %) vs keep 115.3 (-8 %)
picked on 2, scored on 1: HY day 7: summed MAE 109.3 cm vs production chain 345.1 (-68 %) vs keep 126.7 (-14 %)

=== OPERATIONAL second half (2026-08-17 … 2026-09-28; fits before 2026-07-06; forecast rain, 4-model mean): MAE cm (90 % abs error) per point and lead day
B.18    d1 n  40 · keep  16.5 · MR  17.0 ( 39.7) · WA  16.5 ( 26.5) · WN  12.3 ( 22.9) · GN  12.3 ( 25.0) · RR  24.6 ( 44.9) · RN  33.4 ( 60.7) · AR  24.1 ( 42.9) · AN  15.1 ( 34.7) · BL  24.3 ( 43.3) · GR  12.4 ( 25.1) · GW  12.3 ( 25.0) · GM  12.5 ( 25.8) · HY  12.3 ( 22.9)
B.18    d2 n  40 · keep  24.8 · MR  25.7 ( 56.9) · WA  18.3 ( 36.3) · WN  15.5 ( 35.9) · GN  15.7 ( 40.2) · RR  41.9 ( 77.4) · RN  73.8 (120.8) · AR  42.6 ( 76.6) · AN  22.9 ( 51.2) · BL  42.3 ( 77.0) · GR  15.7 ( 40.2) · GW  15.7 ( 40.2) · GM  15.6 ( 40.4) · HY  15.5 ( 35.9)
B.18    d3 n  40 · keep  29.0 · MR  31.0 ( 58.7) · WA  19.8 ( 38.8) · WN  14.4 ( 31.6) · GN  15.5 ( 38.2) · RR  70.0 (130.5) · RN 117.8 (194.8) · AR  70.9 (134.7) · AN  28.3 ( 48.1) · BL  70.5 (133.8) · GR  15.5 ( 38.2) · GW  15.5 ( 38.2) · GM  15.4 ( 37.8) · HY  14.4 ( 31.6)
B.18    d4 n  40 · keep  36.0 · MR  38.6 ( 68.8) · WA  21.2 ( 38.7) · WN  16.7 ( 39.3) · GN  19.7 ( 41.5) · RR  81.6 (165.4) · RN 138.1 (225.2) · AR  81.0 (163.7) · AN  33.7 ( 58.0) · BL  81.3 (165.3) · GR  19.7 ( 41.5) · GW  19.7 ( 41.5) · GM  19.8 ( 42.0) · HY  16.7 ( 39.3)
B.18    d5 n  40 · keep  43.7 · MR  46.0 ( 91.3) · WA  21.4 ( 36.9) · WN  16.8 ( 23.2) · GN  20.6 ( 28.2) · RR  94.3 (199.4) · RN 166.7 (244.5) · AR  92.9 (193.1) · AN  41.1 ( 64.6) · BL  93.6 (196.3) · GR  20.6 ( 28.2) · GW  20.6 ( 28.2) · GM  20.6 ( 28.3) · HY  16.8 ( 23.2)
B.18    d6 n  40 · keep  46.9 · MR  49.4 ( 97.0) · WA  21.4 ( 39.5) · WN  15.4 ( 23.3) · GN  21.3 ( 31.4) · RR  92.9 (187.3) · RN 190.4 (293.6) · AR  92.3 (185.5) · AN  45.7 ( 86.2) · BL  92.6 (186.5) · GR  21.3 ( 31.4) · GW  21.3 ( 31.4) · GM  21.8 ( 31.4) · HY  15.4 ( 23.3)
B.18    d7 n  40 · keep  46.7 · MR  49.8 (101.0) · WA  21.5 ( 39.9) · WN  15.8 ( 28.0) · GN  23.5 ( 46.4) · RR  96.3 (214.1) · RN 203.6 (327.0) · AR  96.7 (210.3) · AN  45.4 ( 87.6) · BL  96.4 (212.2) · GR  23.5 ( 46.4) · GW  23.5 ( 46.4) · GM  23.9 ( 47.1) · HY  15.8 ( 28.0)
B.10    d1 n  43 · keep  20.4 · MR  22.9 ( 43.7) · WA  64.1 (165.1) · WN  20.4 ( 39.0) · GN  20.4 ( 39.0) · RR  33.2 ( 88.5) · RN  33.2 ( 88.5) · AR  33.2 ( 88.5) · AN  21.5 ( 42.6) · BL  33.2 ( 88.5) · GR  20.4 ( 39.0) · GW  20.4 ( 39.0) · GM  22.9 ( 43.7) · HY  20.4 ( 39.0)
B.10    d2 n  43 · keep  34.5 · MR  43.0 ( 87.6) · WA  72.7 (163.4) · WN  43.5 ( 76.6) · GN  34.2 ( 63.1) · RR  60.4 (122.4) · RN  60.8 (126.5) · AR  42.6 (106.0) · AN  36.4 ( 69.3) · BL  49.1 ( 97.5) · GR  34.2 ( 63.1) · GW  34.2 ( 63.1) · GM  42.8 ( 85.6) · HY  34.2 ( 63.1)
B.10    d3 n  43 · keep  42.7 · MR  56.7 (106.1) · WA  82.3 (164.4) · WN  58.8 (117.3) · GN  41.9 ( 82.0) · RR 130.0 (307.8) · RN 132.2 (315.9) · AR 127.5 (279.9) · AN  48.7 ( 94.1) · BL 128.7 (293.8) · GR  41.9 ( 82.0) · GW  41.9 ( 82.0) · GM  55.5 (104.1) · HY  41.9 ( 82.0)
B.10    d4 n  43 · keep  50.7 · MR  67.5 (109.0) · WA  90.4 (174.4) · WN  71.7 (128.8) · GN  48.0 ( 92.8) · RR 164.3 (421.3) · RN 166.1 (421.5) · AR 163.9 (402.3) · AN  58.7 (109.5) · BL 163.9 (411.8) · GR  48.0 ( 92.8) · GW  48.0 ( 92.8) · GM  64.7 (106.4) · HY  48.0 ( 92.8)
B.10    d5 n  43 · keep  58.6 · MR  76.1 (125.2) · WA  94.8 (159.7) · WN  81.6 (152.0) · GN  55.0 (107.0) · RR 217.8 (535.0) · RN 214.6 (534.4) · AR 190.7 (469.2) · AN  64.9 (112.0) · BL 203.6 (502.1) · GR  55.0 (107.0) · GW  55.0 (107.0) · GM  71.2 (121.8) · HY  55.0 (107.0)
B.10    d6 n  43 · keep  65.3 · MR  83.5 (145.2) · WA 100.0 (148.1) · WN  87.9 (152.8) · GN  59.6 (103.9) · RR 236.2 (624.8) · RN 235.0 (630.5) · AR 203.5 (542.6) · AN  73.9 (121.2) · BL 219.5 (583.7) · GR  59.6 (103.9) · GW  59.6 (103.9) · GM  77.1 (141.4) · HY  59.6 (103.9)
B.10    d7 n  43 · keep  68.8 · MR  88.0 (154.5) · WA 102.5 (178.1) · WN  87.8 (151.3) · GN  64.7 (113.6) · RR 217.6 (539.1) · RN 220.7 (512.8) · AR 194.2 (535.3) · AN  77.2 (124.6) · BL 205.7 (532.0) · GR  64.7 (113.6) · GW  64.7 (113.6) · GM  83.2 (149.5) · HY  64.7 (113.6)
B.16    d1 n  43 · keep  18.9 · MR  21.4 ( 39.8) · WA  74.9 (197.6) · WN  18.9 ( 35.4) · GN  18.9 ( 35.4) · RR  20.3 ( 39.9) · RN  20.3 ( 39.9) · AR  20.3 ( 39.9) · AN  19.2 ( 38.0) · BL  20.3 ( 39.9) · GR  18.9 ( 35.4) · GW  18.9 ( 35.4) · GM  21.4 ( 39.8) · HY  18.9 ( 35.4)
B.16    d2 n  43 · keep  30.1 · MR  38.8 ( 70.3) · WA  70.0 (169.9) · WN  30.1 ( 56.5) · GN  30.1 ( 56.5) · RR  39.6 ( 85.9) · RN  39.6 ( 85.9) · AR  39.6 ( 85.9) · AN  33.8 ( 59.9) · BL  39.6 ( 85.9) · GR  30.1 ( 56.5) · GW  30.1 ( 56.5) · GM  38.8 ( 70.3) · HY  30.1 ( 56.5)
B.16    d3 n  43 · keep  38.9 · MR  52.2 ( 98.3) · WA  82.8 (168.5) · WN  48.4 ( 85.1) · GN  38.6 ( 75.4) · RR 103.5 (234.5) · RN 104.2 (238.2) · AR  65.6 (126.6) · AN  43.1 ( 82.4) · BL  83.1 (176.8) · GR  38.6 ( 75.4) · GW  38.6 ( 75.4) · GM  51.8 ( 97.0) · HY  38.6 ( 75.4)
B.16    d4 n  43 · keep  47.0 · MR  62.6 (107.8) · WA  85.5 (156.9) · WN  59.3 (112.6) · GN  44.9 ( 84.8) · RR 128.3 (299.1) · RN 130.0 (304.3) · AR 138.2 (333.1) · AN  53.6 ( 93.8) · BL 133.0 (315.4) · GR  44.9 ( 84.8) · GW  44.9 ( 84.8) · GM  60.4 (105.4) · HY  44.9 ( 84.8)
B.16    d5 n  43 · keep  53.6 · MR  71.0 (124.1) · WA  95.3 (179.9) · WN  75.2 (148.4) · GN  49.5 (103.7) · RR 158.3 (348.1) · RN 157.8 (356.6) · AR 204.1 (469.3) · AN  60.0 (101.8) · BL 180.8 (408.7) · GR  49.5 (103.7) · GW  49.5 (103.7) · GM  66.9 (114.5) · HY  49.5 (103.7)
B.16    d6 n  43 · keep  58.1 · MR  76.6 (137.0) · WA 100.5 (174.4) · WN  84.7 (159.0) · GN  53.8 (104.7) · RR 172.7 (430.8) · RN 172.5 (437.7) · AR 162.4 (397.0) · AN  62.9 (101.2) · BL 166.7 (413.9) · GR  53.8 (104.7) · GW  53.8 (104.7) · GM  71.8 (128.3) · HY  53.8 (104.7)
B.16    d7 n  43 · keep  62.5 · MR  80.8 (143.9) · WA  98.7 (154.1) · WN  90.0 (144.2) · GN  59.8 (101.5) · RR 171.9 (437.8) · RN 174.7 (419.2) · AR 148.7 (394.8) · AN  69.4 (118.3) · BL 155.4 (429.8) · GR  59.8 (101.5) · GW  59.8 (101.5) · GM  78.2 (140.8) · HY  59.8 (101.5)
B.15    d1 n  43 · keep  12.1 · MR  13.5 ( 29.1) · WA  61.2 (156.0) · WN  12.1 ( 27.7) · GN  12.1 ( 27.7) · RR  20.0 ( 52.2) · RN  20.0 ( 52.2) · AR  20.0 ( 52.2) · AN  12.0 ( 27.6) · BL  20.0 ( 52.2) · GR  12.1 ( 27.7) · GW  12.1 ( 27.7) · GM  13.5 ( 29.1) · HY  12.1 ( 27.7)
B.15    d2 n  43 · keep  21.5 · MR  27.2 ( 57.1) · WA  57.4 (146.5) · WN  21.5 ( 46.4) · GN  21.5 ( 46.4) · RR  34.0 ( 72.4) · RN  34.0 ( 72.4) · AR  34.0 ( 72.4) · AN  21.7 ( 45.5) · BL  34.0 ( 72.4) · GR  21.5 ( 46.4) · GW  21.5 ( 46.4) · GM  27.2 ( 57.1) · HY  21.5 ( 46.4)
B.15    d3 n  43 · keep  28.1 · MR  37.7 ( 67.6) · WA  66.0 (144.0) · WN  38.2 ( 74.5) · GN  28.1 ( 63.4) · RR 107.6 (259.7) · RN 107.4 (259.4) · AR  71.8 (153.3) · AN  29.5 ( 65.9) · BL  89.5 (204.0) · GR  28.1 ( 63.4) · GW  28.1 ( 63.4) · GM  37.7 ( 67.6) · HY  28.1 ( 63.4)
B.15    d4 n  43 · keep  34.2 · MR  46.0 ( 88.8) · WA  69.1 (134.6) · WN  46.5 ( 84.7) · GN  34.1 ( 63.3) · RR 156.8 (363.9) · RN 157.4 (365.5) · AR 170.7 (406.7) · AN  36.9 ( 64.7) · BL 163.1 (385.3) · GR  34.1 ( 63.3) · GW  34.1 ( 63.3) · GM  45.9 ( 88.1) · HY  34.1 ( 63.3)
B.15    d5 n  43 · keep  40.0 · MR  54.0 (100.4) · WA  76.7 (145.4) · WN  58.9 (119.5) · GN  40.2 ( 72.8) · RR 196.4 (435.8) · RN 196.2 (435.9) · AR 244.8 (554.4) · AN  42.7 ( 77.9) · BL 219.5 (495.1) · GR  40.2 ( 72.8) · GW  40.2 ( 72.8) · GM  54.2 (101.0) · HY  40.2 ( 72.8)
B.15    d6 n  43 · keep  44.5 · MR  59.7 (108.5) · WA  82.2 (133.7) · WN  67.8 (132.1) · GN  45.6 ( 85.1) · RR 221.8 (543.0) · RN 220.8 (542.0) · AR 219.7 (510.2) · AN  46.1 ( 78.8) · BL 219.5 (526.6) · GR  45.6 ( 85.1) · GW  45.6 ( 85.1) · GM  60.8 (110.5) · HY  45.6 ( 85.1)
B.15    d7 n  43 · keep  48.6 · MR  64.3 (120.3) · WA  78.8 (123.5) · WN  71.8 (119.7) · GN  51.9 ( 93.5) · RR 221.7 (551.6) · RN 220.5 (553.9) · AR 207.8 (549.2) · AN  51.7 ( 91.0) · BL 212.4 (554.2) · GR  51.9 ( 93.5) · GW  51.9 ( 93.5) · GM  67.4 (122.4) · HY  51.9 ( 93.5)
PCH001  d1 n  43 · keep  16.0 · MR  16.1 ( 31.5) · WA  74.5 (178.3) · WN  16.0 ( 31.2) · GN  16.0 ( 31.2) · RR  23.6 ( 52.6) · RN  23.6 ( 52.6) · AR  23.6 ( 52.6) · AN  17.5 ( 32.7) · BL  23.6 ( 52.6) · GR  16.0 ( 31.2) · GW  16.0 ( 31.2) · GM  16.1 ( 31.5) · HY  16.0 ( 31.2)
PCH001  d2 n  43 · keep  27.0 · MR  29.2 ( 54.1) · WA  69.5 (176.6) · WN  27.0 ( 47.7) · GN  27.0 ( 47.7) · RR  44.6 ( 93.9) · RN  44.6 ( 93.9) · AR  44.6 ( 93.9) · AN  33.2 ( 61.3) · BL  44.6 ( 93.9) · GR  27.0 ( 47.7) · GW  27.0 ( 47.7) · GM  29.2 ( 54.1) · HY  27.0 ( 47.7)
PCH001  d3 n  43 · keep  35.5 · MR  39.8 ( 81.9) · WA  80.3 (175.0) · WN  47.1 ( 87.3) · GN  35.3 ( 74.6) · RR  71.0 (145.8) · RN  71.0 (145.1) · AR  47.9 ( 96.3) · AN  43.8 ( 80.5) · BL  55.5 (110.2) · GR  35.3 ( 74.6) · GW  35.3 ( 74.6) · GM  39.5 ( 80.9) · HY  35.3 ( 74.6)
PCH001  d4 n  43 · keep  43.0 · MR  47.7 ( 81.1) · WA  85.9 (170.0) · WN  59.2 (114.6) · GN  41.9 ( 80.2) · RR  99.5 (258.4) · RN 100.0 (261.2) · AR  83.3 (210.9) · AN  51.6 ( 83.8) · BL  91.0 (234.7) · GR  41.9 ( 80.2) · GW  41.9 ( 80.2) · GM  46.5 ( 75.8) · HY  41.9 ( 80.2)
PCH001  d5 n  43 · keep  49.7 · MR  55.1 ( 96.3) · WA  94.0 (174.8) · WN  71.6 (139.4) · GN  47.1 ( 86.2) · RR 139.0 (368.4) · RN 137.7 (367.4) · AR 141.3 (362.8) · AN  59.1 (101.9) · BL 140.0 (365.6) · GR  47.1 ( 86.2) · GW  47.1 ( 86.2) · GM  52.6 ( 91.2) · HY  47.1 ( 86.2)
PCH001  d6 n  43 · keep  55.0 · MR  60.3 (100.1) · WA  98.2 (162.9) · WN  80.8 (158.2) · GN  51.9 ( 89.0) · RR 159.0 (442.0) · RN 157.8 (428.9) · AR 130.6 (371.8) · AN  64.0 (107.2) · BL 144.8 (409.8) · GR  51.9 ( 89.0) · GW  51.9 ( 89.0) · GM  57.0 ( 99.4) · HY  51.9 ( 89.0)
PCH001  d7 n  43 · keep  59.4 · MR  64.0 (110.7) · WA 101.8 (159.8) · WN  86.3 (145.7) · GN  56.8 ( 93.0) · RR 153.4 (362.1) · RN 152.6 (360.0) · AR 117.2 (320.7) · AN  68.9 (118.4) · BL 135.1 (331.9) · GR  56.8 ( 93.0) · GW  56.8 ( 93.0) · GM  61.1 (107.2) · HY  56.8 ( 93.0)
operational coefficients: {"B.18": {"1": {"g_cm_per_cms": 1.316, "gamma_cm_per_mm": 0.027, "rho": 0.015}, "2": {"g_cm_per_cms": 1.802, "gamma_cm_per_mm": 0.0, "rho": 0.008}, "3": {"g_cm_per_cms": 2.202, "gamma_cm_per_mm": 0.0, "rho": 0.007}, "4": {"g_cm_per_cms": 2.35, "gamma_cm_per_mm": 0.0, "rho": -0.007}, "5": {"g_cm_per_cms": 2.366, "gamma_cm_per_mm": 0.0, "rho": -0.003}, "6": {"g_cm_per_cms": 2.419, "gamma_cm_per_mm": 0.0, "rho": -0.017}, "7": {"g_cm_per_cms": 2.436, "gamma_cm_per_mm": 0.0, "rho": -0.015}}, "B.10": {"1": {"g_cm_per_cms": 0.0, "gamma_cm_per_mm": 0.0, "rho": 0.098}, "2": {"g_cm_per_cms": 0.293, "gamma_cm_per_mm": 0.0, "rho": 0.286}, "3": {"g_cm_per_cms": 0.512, "gamma_cm_per_mm": 0.0, "rho": 0.438}, "4": {"g_cm_per_cms": 0.603, "gamma_cm_per_mm": 0.0, "rho": 0.55}, "5": {"g_cm_per_cms": 0.647, "gamma_cm_per_mm": 0.0, "rho": 0.624}, "6": {"g_cm_per_cms": 0.543, "gamma_cm_per_mm": 0.0, "rho": 0.676}, "7": {"g_cm_per_cms": 0.33, "gamma_cm_per_mm": 0.0, "rho": 0.669}}, "B.16": {"1": {"g_cm_per_cms": 0.0, "gamma_cm_per_mm": 0.0, "rho": 0.097}, "2": {"g_cm_per_cms": 0.0, "gamma_cm_per_mm": 0.0, "rho": 0.293}, "3": {"g_cm_per_cms": 0.511, "gamma_cm_per_mm": 0.0, "rho": 0.455}, "4": {"g_cm_per_cms": 0.666, "gamma_cm_per_mm": 0.0, "rho": 0.599}, "5": {"g_cm_per_cms": 0.664, "gamma_cm_per_mm": 0.0, "rho": 0.686}, "6": {"g_cm_per_cms": 0.526, "gamma_cm_per_mm": 0.0, "rho": 0.738}, "7": {"g_cm_per_cms": 0.224, "gamma_cm_per_mm": 0.0, "rho": 0.741}}, "B.15": {"1": {"g_cm_per_cms": 0.0, "gamma_cm_per_mm": 0.0, "rho": 0.073}, "2": {"g_cm_per_cms": 0.0, "gamma_cm_per_mm": 0.0, "rho": 0.22}, "3": {"g_cm_per_cms": -0.034, "gamma_cm_per_mm": 0.0, "rho": 0.367}, "4": {"g_cm_per_cms": 0.035, "gamma_cm_per_mm": 0.0, "rho": 0.485}, "5": {"g_cm_per_cms": -0.04, "gamma_cm_per_mm": 0.0, "rho": 0.576}, "6": {"g_cm_per_cms": -0.137, "gamma_cm_per_mm": 0.0, "rho": 0.627}, "7": {"g_cm_per_cms": -0.292, "gamma_cm_per_mm": 0.0, "rho": 0.639}}, "PCH001": {"1": {"g_cm_per_cms": 0.0, "gamma_cm_per_mm": 0.0, "rho": 0.004}, "2": {"g_cm_per_cms": 0.0, "gamma_cm_per_mm": 0.0, "rho": 0.083}, "3": {"g_cm_per_cms": 0.249, "gamma_cm_per_mm": 0.0, "rho": 0.144}, "4": {"g_cm_per_cms": 0.393, "gamma_cm_per_mm": 0.0, "rho": 0.181}, "5": {"g_cm_per_cms": 0.408, "gamma_cm_per_mm": 0.0, "rho": 0.202}, "6": {"g_cm_per_cms": 0.386, "gamma_cm_per_mm": 0.0, "rho": 0.202}, "7": {"g_cm_per_cms": 0.248, "gamma_cm_per_mm": 0.0, "rho": 0.173}}}

operational: release-aware pick on the first half: GN
operational day 1: GN summed MAE 79.7 cm · production chain 291.2 (-73 %) · keep 83.9
operational day 2: GN summed MAE 128.4 cm · production chain 288.0 (-55 %) · keep 137.9
operational day 3: GN summed MAE 159.5 cm · production chain 331.1 (-52 %) · keep 174.3
operational day 4: GN summed MAE 188.7 cm · production chain 352.1 (-46 %) · keep 210.9
operational day 5: GN summed MAE 212.4 cm · production chain 382.2 (-44 %) · keep 245.7
operational day 6: GN summed MAE 232.1 cm · production chain 402.4 (-42 %) · keep 269.8
operational day 7: GN summed MAE 256.6 cm · production chain 403.4 (-36 %) · keep 285.9
operational HY day 1: summed MAE 79.7 cm · vs keep -5 % · vs production chain -73 %
operational HY day 3: summed MAE 158.3 cm · vs keep -9 % · vs production chain -52 %
operational HY day 5: summed MAE 208.6 cm · vs keep -15 % · vs production chain -45 %
operational HY day 7: summed MAE 249.0 cm · vs keep -13 % · vs production chain -38 %
operational GN day 1: summed MAE 79.7 cm · vs keep -5 % · vs production chain -73 %
operational GN day 3: summed MAE 159.5 cm · vs keep -8 % · vs production chain -52 %
operational GN day 5: summed MAE 212.4 cm · vs keep -14 % · vs production chain -44 %
operational GN day 7: summed MAE 256.6 cm · vs keep -10 % · vs production chain -36 %
operational GR day 1: summed MAE 79.8 cm · vs keep -5 % · vs production chain -73 %
operational GR day 3: summed MAE 159.5 cm · vs keep -8 % · vs production chain -52 %
operational GR day 5: summed MAE 212.4 cm · vs keep -14 % · vs production chain -44 %
operational GR day 7: summed MAE 256.6 cm · vs keep -10 % · vs production chain -36 %
operational GW day 1: summed MAE 79.7 cm · vs keep -5 % · vs production chain -73 %
operational GW day 3: summed MAE 159.5 cm · vs keep -8 % · vs production chain -52 %
operational GW day 5: summed MAE 212.4 cm · vs keep -14 % · vs production chain -44 %
operational GW day 7: summed MAE 256.6 cm · vs keep -10 % · vs production chain -36 %
operational GM day 1: summed MAE 86.4 cm · vs keep +3 % · vs production chain -70 %
operational GM day 3: summed MAE 200.0 cm · vs keep +15 % · vs production chain -40 %
operational GM day 5: summed MAE 265.4 cm · vs keep +8 % · vs production chain -31 %
operational GM day 7: summed MAE 313.9 cm · vs keep +10 % · vs production chain -22 %
operational WN day 1: summed MAE 79.7 cm · vs keep -5 % · vs production chain -73 %
operational WN day 3: summed MAE 206.8 cm · vs keep +19 % · vs production chain -38 %
operational WN day 5: summed MAE 304.2 cm · vs keep +24 % · vs production chain -20 %
operational WN day 7: summed MAE 351.7 cm · vs keep +23 % · vs production chain -13 %
MARGINS_JSON {"picked": "GN", "per_point": {"B.18": {"1": {"keep": [16.5, 38.4], "WA": [16.5, 26.5], "WN": [12.3, 22.9], "GN": [12.3, 25.0], "GR": [12.4, 25.1], "HY": [12.3, 22.9]}, "2": {"keep": [24.8, 56.9], "WA": [18.3, 36.3], "WN": [15.5, 35.9], "GN": [15.7, 40.2], "GR": [15.7, 40.2], "HY": [15.5, 35.9]}, "3": {"keep": [29.0, 55.7], "WA": [19.8, 38.8], "WN": [14.4, 31.6], "GN": [15.5, 38.2], "GR": [15.5, 38.2], "HY": [14.4, 31.6]}, "4": {"keep": [36.0, 67.3], "WA": [21.2, 38.7], "WN": [16.7, 39.3], "GN": [19.7, 41.5], "GR": [19.7, 41.5], "HY": [16.7, 39.3]}, "5": {"keep": [43.7, 96.0], "WA": [21.4, 36.9], "WN": [16.8, 23.2], "GN": [20.6, 28.2], "GR": [20.6, 28.2], "HY": [16.8, 23.2]}, "6": {"keep": [46.9, 102.4], "WA": [21.4, 39.5], "WN": [15.4, 23.3], "GN": [21.3, 31.4], "GR": [21.3, 31.4], "HY": [15.4, 23.3]}, "7": {"keep": [46.7, 99.3], "WA": [21.5, 39.9], "WN": [15.8, 28.0], "GN": [23.5, 46.4], "GR": [23.5, 46.4], "HY": [15.8, 28.0]}}, "B.10": {"1": {"keep": [20.4, 39.0], "WA": [64.1, 165.1], "WN": [20.4, 39.0], "GN": [20.4, 39.0], "GR": [20.4, 39.0], "HY": [20.4, 39.0]}, "2": {"keep": [34.5, 64.9], "WA": [72.7, 163.4], "WN": [43.5, 76.6], "GN": [34.2, 63.1], "GR": [34.2, 63.1], "HY": [34.2, 63.1]}, "3": {"keep": [42.7, 82.0], "WA": [82.3, 164.4], "WN": [58.8, 117.3], "GN": [41.9, 82.0], "GR": [41.9, 82.0], "HY": [41.9, 82.0]}, "4": {"keep": [50.7, 92.6], "WA": [90.4, 174.4], "WN": [71.7, 128.8], "GN": [48.0, 92.8], "GR": [48.0, 92.8], "HY": [48.0, 92.8]}, "5": {"keep": [58.6, 111.0], "WA": [94.8, 159.7], "WN": [81.6, 152.0], "GN": [55.0, 107.0], "GR": [55.0, 107.0], "HY": [55.0, 107.0]}, "6": {"keep": [65.3, 112.1], "WA": [100.0, 148.1], "WN": [87.9, 152.8], "GN": [59.6, 103.9], "GR": [59.6, 103.9], "HY": [59.6, 103.9]}, "7": {"keep": [68.8, 115.2], "WA": [102.5, 178.1], "WN": [87.8, 151.3], "GN": [64.7, 113.6], "GR": [64.7, 113.6], "HY": [64.7, 113.6]}}, "B.16": {"1": {"keep": [18.9, 35.4], "WA": [74.9, 197.6], "WN": [18.9, 35.4], "GN": [18.9, 35.4], "GR": [18.9, 35.4], "HY": [18.9, 35.4]}, "2": {"keep": [30.1, 56.5], "WA": [70.0, 169.9], "WN": [30.1, 56.5], "GN": [30.1, 56.5], "GR": [30.1, 56.5], "HY": [30.1, 56.5]}, "3": {"keep": [38.9, 75.4], "WA": [82.8, 168.5], "WN": [48.4, 85.1], "GN": [38.6, 75.4], "GR": [38.6, 75.4], "HY": [38.6, 75.4]}, "4": {"keep": [47.0, 84.8], "WA": [85.5, 156.9], "WN": [59.3, 112.6], "GN": [44.9, 84.8], "GR": [44.9, 84.8], "HY": [44.9, 84.8]}, "5": {"keep": [53.6, 103.2], "WA": [95.3, 179.9], "WN": [75.2, 148.4], "GN": [49.5, 103.7], "GR": [49.5, 103.7], "HY": [49.5, 103.7]}, "6": {"keep": [58.1, 101.4], "WA": [100.5, 174.4], "WN": [84.7, 159.0], "GN": [53.8, 104.7], "GR": [53.8, 104.7], "HY": [53.8, 104.7]}, "7": {"keep": [62.5, 102.3], "WA": [98.7, 154.1], "WN": [90.0, 144.2], "GN": [59.8, 101.5], "GR": [59.8, 101.5], "HY": [59.8, 101.5]}}, "B.15": {"1": {"keep": [12.1, 27.7], "WA": [61.2, 156.0], "WN": [12.1, 27.7], "GN": [12.1, 27.7], "GR": [12.1, 27.7], "HY": [12.1, 27.7]}, "2": {"keep": [21.5, 46.4], "WA": [57.4, 146.5], "WN": [21.5, 46.4], "GN": [21.5, 46.4], "GR": [21.5, 46.4], "HY": [21.5, 46.4]}, "3": {"keep": [28.1, 63.3], "WA": [66.0, 144.0], "WN": [38.2, 74.5], "GN": [28.1, 63.4], "GR": [28.1, 63.4], "HY": [28.1, 63.4]}, "4": {"keep": [34.2, 63.7], "WA": [69.1, 134.6], "WN": [46.5, 84.7], "GN": [34.1, 63.3], "GR": [34.1, 63.3], "HY": [34.1, 63.3]}, "5": {"keep": [40.0, 72.8], "WA": [76.7, 145.4], "WN": [58.9, 119.5], "GN": [40.2, 72.8], "GR": [40.2, 72.8], "HY": [40.2, 72.8]}, "6": {"keep": [44.5, 84.7], "WA": [82.2, 133.7], "WN": [67.8, 132.1], "GN": [45.6, 85.1], "GR": [45.6, 85.1], "HY": [45.6, 85.1]}, "7": {"keep": [48.6, 88.9], "WA": [78.8, 123.5], "WN": [71.8, 119.7], "GN": [51.9, 93.5], "GR": [51.9, 93.5], "HY": [51.9, 93.5]}}, "PCH001": {"1": {"keep": [16.0, 31.2], "WA": [74.5, 178.3], "WN": [16.0, 31.2], "GN": [16.0, 31.2], "GR": [16.0, 31.2], "HY": [16.0, 31.2]}, "2": {"keep": [27.0, 47.7], "WA": [69.5, 176.6], "WN": [27.0, 47.7], "GN": [27.0, 47.7], "GR": [27.0, 47.7], "HY": [27.0, 47.7]}, "3": {"keep": [35.5, 74.6], "WA": [80.3, 175.0], "WN": [47.1, 87.3], "GN": [35.3, 74.6], "GR": [35.3, 74.6], "HY": [35.3, 74.6]}, "4": {"keep": [43.0, 80.2], "WA": [85.9, 170.0], "WN": [59.2, 114.6], "GN": [41.9, 80.2], "GR": [41.9, 80.2], "HY": [41.9, 80.2]}, "5": {"keep": [49.7, 87.2], "WA": [94.0, 174.8], "WN": [71.6, 139.4], "GN": [47.1, 86.2], "GR": [47.1, 86.2], "HY": [47.1, 86.2]}, "6": {"keep": [55.0, 92.7], "WA": [98.2, 162.9], "WN": [80.8, 158.2], "GN": [51.9, 89.0], "GR": [51.9, 89.0], "HY": [51.9, 89.0]}, "7": {"keep": [59.4, 94.2], "WA": [101.8, 159.8], "WN": [86.3, 145.7], "GN": [56.8, 93.0], "GR": [56.8, 93.0], "HY": [56.8, 93.0]}}}}
SUMMARY_JSON {"s1": {"B.18": {"1": {"keep": [5.9, 17.1], "MR": [5.9, 17.2], "WA": [22.0, 42.6], "WN": [5.1, 16.8], "GN": [5.7, 16.4], "RR": [6.8, 17.4], "RN": [8.4, 22.9], "AR": [6.6, 17.7], "AN": [5.8, 17.9], "BL": [6.7, 17.6], "GR": [6.0, 15.7], "GW": [6.0, 16.3], "GM": [5.8, 16.8], "HY": [5.1, 16.8]}, "2": {"keep": [9.6, 29.9], "MR": [9.8, 30.9], "WA": [22.7, 42.8], "WN": [6.7, 18.5], "GN": [6.7, 18.8], "RR": [8.9, 19.5], "RN": [14.4, 39.8], "AR": [8.8, 24.1], "AN": [9.3, 29.5], "BL": [8.7, 22.0], "GR": [6.7, 18.8], "GW": [6.7, 18.8], "GM": [6.8, 19.1], "HY": [6.7, 18.5]}, "3": {"keep": [12.6, 37.7], "MR": [13.4, 38.5], "WA": [23.5, 43.8], "WN": [7.8, 21.0], "GN": [8.2, 21.1], "RR": [10.6, 24.3], "RN": [24.7, 61.9], "AR": [10.5, 23.2], "AN": [12.1, 33.3], "BL": [10.4, 23.8], "GR": [8.2, 21.1], "GW": [8.2, 21.1], "GM": [8.2, 21.1], "HY": [7.8, 21.0]}, "4": {"keep": [15.0, 40.3], "MR": [16.6, 47.7], "WA": [23.4, 43.3], "WN": [8.4, 19.9], "GN": [9.4, 25.0], "RR": [12.9, 32.6], "RN": [35.0, 77.5], "AR": [12.1, 31.1], "AN": [14.2, 34.0], "BL": [12.4, 32.2], "GR": [9.4, 25.0], "GW": [9.4, 25.0], "GM": [9.4, 25.4], "HY": [8.4, 19.9]}, "5": {"keep": [17.2, 46.5], "MR": [18.3, 49.7], "WA": [23.6, 44.2], "WN": [8.9, 21.3], "GN": [9.6, 25.4], "RR": [15.7, 42.3], "RN": [35.5, 78.4], "AR": [14.2, 37.4], "AN": [16.1, 38.4], "BL": [14.9, 42.5], "GR": [9.6, 25.4], "GW": [9.6, 25.4], "GM": [9.6, 24.8], "HY": [8.9, 21.3]}, "6": {"keep": [18.7, 47.1], "MR": [20.3, 55.6], "WA": [23.2, 44.3], "WN": [8.8, 20.0], "GN": [10.3, 25.6], "RR": [15.7, 44.4], "RN": [38.9, 80.7], "AR": [16.7, 48.8], "AN": [17.1, 43.9], "BL": [15.9, 46.0], "GR": [10.3, 25.6], "GW": [10.3, 25.6], "GM": [10.0, 26.1], "HY": [8.8, 20.0]}, "7": {"keep": [19.7, 49.1], "MR": [20.9, 53.5], "WA": [23.1, 42.7], "WN": [8.7, 21.4], "GN": [10.3, 26.0], "RR": [12.5, 31.1], "RN": [36.7, 90.9], "AR": [11.2, 26.1], "AN": [18.1, 44.9], "BL": [11.7, 27.7], "GR": [10.3, 26.0], "GW": [10.3, 26.0], "GM": [10.4, 26.3], "HY": [8.7, 21.4]}}, "B.10": {"1": {"keep": [10.2, 28.9], "MR": [11.9, 32.2], "WA": [88.7, 152.4], "WN": [10.2, 28.9], "GN": [10.2, 28.9], "RR": [12.3, 30.3], "RN": [12.3, 30.3], "AR": [12.3, 30.3], "AN": [10.4, 28.8], "BL": [12.3, 30.3], "GR": [10.2, 28.9], "GW": [10.2, 28.9], "GM": [11.9, 32.2], "HY": [10.2, 28.9]}, "2": {"keep": [17.2, 53.4], "MR": [20.3, 55.8], "WA": [88.6, 151.3], "WN": [17.2, 53.4], "GN": [17.2, 53.4], "RR": [21.9, 56.5], "RN": [21.9, 56.5], "AR": [21.9, 56.5], "AN": [17.4, 52.9], "BL": [21.9, 56.5], "GR": [17.2, 53.4], "GW": [17.2, 53.4], "GM": [20.3, 55.8], "HY": [17.2, 53.4]}, "3": {"keep": [22.9, 62.6], "MR": [24.7, 62.1], "WA": [93.7, 154.6], "WN": [24.2, 71.3], "GN": [22.1, 59.5], "RR": [26.6, 68.9], "RN": [27.5, 70.3], "AR": [28.8, 71.0], "AN": [23.1, 65.9], "BL": [27.7, 68.8], "GR": [22.1, 59.5], "GW": [22.1, 59.5], "GM": [23.9, 62.9], "HY": [22.1, 59.5]}, "4": {"keep": [26.5, 71.4], "MR": [27.5, 69.8], "WA": [95.6, 157.7], "WN": [28.7, 82.7], "GN": [26.5, 71.2], "RR": [34.5, 93.0], "RN": [34.7, 93.9], "AR": [40.0, 105.9], "AN": [27.3, 75.3], "BL": [37.1, 99.4], "GR": [26.5, 71.2], "GW": [26.5, 71.2], "GM": [27.5, 70.0], "HY": [26.5, 71.2]}, "5": {"keep": [28.6, 74.2], "MR": [30.9, 88.2], "WA": [97.4, 173.7], "WN": [32.4, 98.9], "GN": [27.1, 72.8], "RR": [40.8, 116.0], "RN": [42.1, 120.5], "AR": [45.0, 126.9], "AN": [29.9, 82.4], "BL": [42.9, 121.0], "GR": [27.1, 72.8], "GW": [27.1, 72.8], "GM": [29.1, 88.1], "HY": [27.1, 72.8]}, "6": {"keep": [29.6, 77.7], "MR": [34.5, 101.9], "WA": [99.0, 188.5], "WN": [35.0, 103.4], "GN": [27.4, 72.9], "RR": [49.8, 149.5], "RN": [51.3, 150.4], "AR": [52.6, 155.4], "AN": [31.6, 92.1], "BL": [51.1, 151.1], "GR": [27.4, 72.9], "GW": [27.4, 72.9], "GM": [31.5, 100.7], "HY": [27.4, 72.9]}, "7": {"keep": [30.5, 83.2], "MR": [35.2, 105.4], "WA": [101.1, 201.1], "WN": [38.7, 104.6], "GN": [27.8, 82.3], "RR": [45.6, 128.3], "RN": [49.4, 142.1], "AR": [51.8, 142.7], "AN": [32.0, 89.6], "BL": [48.6, 140.8], "GR": [27.8, 82.3], "GW": [27.8, 82.3], "GM": [31.5, 102.2], "HY": [27.8, 82.3]}}, "B.16": {"1": {"keep": [8.7, 24.1], "MR": [9.7, 25.8], "WA": [85.0, 147.1], "WN": [8.7, 24.1], "GN": [8.7, 24.1], "RR": [9.0, 21.5], "RN": [9.0, 21.5], "AR": [9.0, 21.5], "AN": [8.6, 22.4], "BL": [9.0, 21.5], "GR": [8.7, 24.1], "GW": [8.7, 24.1], "GM": [9.7, 25.8], "HY": [8.7, 24.1]}, "2": {"keep": [14.7, 46.1], "MR": [16.8, 41.3], "WA": [84.2, 136.6], "WN": [14.7, 46.1], "GN": [14.7, 46.1], "RR": [17.0, 40.1], "RN": [17.0, 40.1], "AR": [17.0, 40.1], "AN": [15.0, 47.6], "BL": [17.0, 40.1], "GR": [14.7, 46.1], "GW": [14.7, 46.1], "GM": [16.8, 41.3], "HY": [14.7, 46.1]}, "3": {"keep": [19.1, 57.1], "MR": [20.9, 50.2], "WA": [87.0, 141.1], "WN": [21.1, 62.6], "GN": [18.9, 57.1], "RR": [21.8, 57.6], "RN": [22.0, 57.6], "AR": [24.0, 66.6], "AN": [19.9, 58.3], "BL": [22.9, 63.5], "GR": [18.9, 57.1], "GW": [18.9, 57.1], "GM": [20.7, 50.0], "HY": [18.9, 57.1]}, "4": {"keep": [23.2, 64.0], "MR": [23.7, 63.8], "WA": [87.5, 140.5], "WN": [25.6, 81.4], "GN": [23.6, 66.0], "RR": [28.6, 81.0], "RN": [29.1, 78.7], "AR": [34.8, 92.6], "AN": [24.3, 70.9], "BL": [31.6, 86.5], "GR": [23.6, 66.0], "GW": [23.6, 66.0], "GM": [24.2, 65.6], "HY": [23.6, 66.0]}, "5": {"keep": [25.2, 63.0], "MR": [26.4, 74.1], "WA": [89.0, 147.0], "WN": [30.2, 93.8], "GN": [25.1, 61.8], "RR": [35.1, 100.9], "RN": [35.5, 101.5], "AR": [41.1, 116.1], "AN": [27.5, 73.8], "BL": [38.0, 106.9], "GR": [25.1, 61.8], "GW": [25.1, 61.8], "GM": [26.3, 73.6], "HY": [25.1, 61.8]}, "6": {"keep": [26.4, 70.4], "MR": [28.9, 84.0], "WA": [89.9, 156.7], "WN": [33.8, 96.0], "GN": [25.5, 73.9], "RR": [38.9, 116.5], "RN": [39.9, 124.7], "AR": [45.2, 133.2], "AN": [29.1, 75.2], "BL": [41.7, 124.1], "GR": [25.5, 73.9], "GW": [25.5, 73.9], "GM": [27.7, 85.5], "HY": [25.5, 73.9]}, "7": {"keep": [27.4, 73.9], "MR": [29.6, 87.9], "WA": [91.3, 164.7], "WN": [38.0, 100.9], "GN": [25.8, 72.3], "RR": [37.0, 110.0], "RN": [39.5, 121.0], "AR": [53.6, 144.7], "AN": [29.7, 84.0], "BL": [44.4, 129.3], "GR": [25.8, 72.3], "GW": [25.8, 72.3], "GM": [27.2, 87.0], "HY": [25.8, 72.3]}}, "B.15": {"1": {"keep": [7.3, 17.6], "MR": [8.4, 19.6], "WA": [39.5, 72.5], "WN": [7.3, 17.6], "GN": [7.3, 17.6], "RR": [9.3, 22.0], "RN": [9.3, 22.0], "AR": [9.3, 22.0], "AN": [7.3, 17.8], "BL": [9.3, 22.0], "GR": [7.3, 17.6], "GW": [7.3, 17.6], "GM": [8.4, 19.6], "HY": [7.3, 17.6]}, "2": {"keep": [12.6, 32.3], "MR": [14.3, 31.5], "WA": [39.6, 71.3], "WN": [12.6, 32.3], "GN": [12.6, 32.3], "RR": [15.4, 37.2], "RN": [15.4, 37.2], "AR": [15.4, 37.2], "AN": [12.9, 30.2], "BL": [15.4, 37.2], "GR": [12.6, 32.3], "GW": [12.6, 32.3], "GM": [14.3, 31.5], "HY": [12.6, 32.3]}, "3": {"keep": [15.4, 39.7], "MR": [17.0, 39.4], "WA": [40.0, 74.5], "WN": [16.2, 44.1], "GN": [15.7, 43.0], "RR": [18.3, 48.3], "RN": [17.9, 48.1], "AR": [18.8, 49.6], "AN": [15.8, 39.8], "BL": [18.5, 49.5], "GR": [15.7, 43.0], "GW": [15.7, 43.0], "GM": [17.1, 40.9], "HY": [15.7, 43.0]}, "4": {"keep": [17.8, 43.8], "MR": [19.5, 47.8], "WA": [40.0, 70.6], "WN": [18.3, 48.7], "GN": [18.0, 44.4], "RR": [19.9, 51.2], "RN": [20.3, 53.5], "AR": [21.7, 59.1], "AN": [18.7, 48.2], "BL": [20.8, 58.9], "GR": [18.0, 44.4], "GW": [18.0, 44.4], "GM": [19.6, 46.5], "HY": [18.0, 44.4]}, "5": {"keep": [20.1, 52.6], "MR": [21.9, 56.9], "WA": [41.0, 70.6], "WN": [21.2, 55.9], "GN": [20.3, 52.6], "RR": [22.8, 61.7], "RN": [22.8, 63.5], "AR": [25.0, 69.7], "AN": [20.9, 52.6], "BL": [23.8, 66.7], "GR": [20.3, 52.6], "GW": [20.3, 52.6], "GM": [22.0, 57.9], "HY": [20.3, 52.6]}, "6": {"keep": [21.8, 54.5], "MR": [23.8, 63.3], "WA": [41.6, 70.1], "WN": [23.7, 62.5], "GN": [21.5, 55.3], "RR": [22.6, 64.4], "RN": [23.6, 65.8], "AR": [25.4, 70.9], "AN": [23.1, 61.3], "BL": [23.8, 65.5], "GR": [21.5, 55.3], "GW": [21.5, 55.3], "GM": [23.6, 58.6], "HY": [21.5, 55.3]}, "7": {"keep": [23.2, 57.9], "MR": [24.9, 68.0], "WA": [47.1, 74.0], "WN": [30.1, 70.5], "GN": [22.6, 62.3], "RR": [25.1, 77.5], "RN": [25.5, 74.9], "AR": [39.9, 96.8], "AN": [24.7, 66.0], "BL": [32.1, 91.8], "GR": [22.6, 62.3], "GW": [22.6, 62.3], "GM": [24.2, 72.2], "HY": [22.6, 62.3]}}, "PCH001": {"1": {"keep": [8.1, 20.9], "MR": [9.3, 25.3], "WA": [76.3, 134.3], "WN": [8.1, 20.9], "GN": [8.1, 20.9], "RR": [9.6, 24.1], "RN": [9.6, 24.1], "AR": [9.6, 24.1], "AN": [8.0, 21.7], "BL": [9.6, 24.1], "GR": [8.1, 20.9], "GW": [8.1, 20.9], "GM": [9.3, 25.3], "HY": [8.1, 20.9]}, "2": {"keep": [14.4, 43.5], "MR": [17.0, 46.2], "WA": [75.0, 125.9], "WN": [14.4, 43.5], "GN": [14.4, 43.5], "RR": [19.4, 50.1], "RN": [19.4, 50.1], "AR": [19.4, 50.1], "AN": [15.0, 43.3], "BL": [19.4, 50.1], "GR": [14.4, 43.5], "GW": [14.4, 43.5], "GM": [17.0, 46.2], "HY": [14.4, 43.5]}, "3": {"keep": [18.9, 58.7], "MR": [21.4, 56.3], "WA": [77.5, 129.0], "WN": [21.5, 61.9], "GN": [19.0, 58.8], "RR": [25.2, 66.6], "RN": [25.0, 67.0], "AR": [27.4, 74.6], "AN": [19.7, 57.3], "BL": [26.3, 71.8], "GR": [19.0, 58.8], "GW": [19.0, 58.8], "GM": [21.5, 55.4], "HY": [19.0, 58.8]}, "4": {"keep": [22.2, 61.2], "MR": [24.0, 59.9], "WA": [78.8, 130.4], "WN": [24.8, 72.9], "GN": [22.6, 63.5], "RR": [30.6, 85.7], "RN": [30.8, 86.9], "AR": [35.7, 96.0], "AN": [23.5, 64.5], "BL": [33.1, 91.8], "GR": [22.6, 63.5], "GW": [22.6, 63.5], "GM": [24.5, 58.5], "HY": [22.6, 63.5]}, "5": {"keep": [24.3, 60.7], "MR": [26.6, 70.3], "WA": [80.4, 134.4], "WN": [28.7, 87.2], "GN": [24.6, 63.1], "RR": [37.8, 105.0], "RN": [38.1, 111.4], "AR": [43.3, 124.3], "AN": [26.5, 65.9], "BL": [40.5, 116.5], "GR": [24.6, 63.1], "GW": [24.6, 63.1], "GM": [27.0, 69.4], "HY": [24.6, 63.1]}, "6": {"keep": [25.2, 64.8], "MR": [29.5, 79.6], "WA": [81.4, 145.5], "WN": [31.5, 89.9], "GN": [24.6, 61.4], "RR": [41.7, 123.6], "RN": [43.2, 129.3], "AR": [47.4, 134.1], "AN": [28.1, 73.2], "BL": [44.4, 132.8], "GR": [24.6, 61.4], "GW": [24.6, 61.4], "GM": [28.8, 79.0], "HY": [24.6, 61.4]}, "7": {"keep": [25.8, 69.8], "MR": [30.2, 81.8], "WA": [82.6, 145.8], "WN": [34.7, 92.7], "GN": [24.4, 69.6], "RR": [41.0, 127.1], "RN": [44.0, 137.3], "AR": [51.0, 144.5], "AN": [28.7, 79.0], "BL": [45.6, 136.9], "GR": [24.4, 69.6], "GW": [24.4, 69.6], "GM": [28.2, 83.2], "HY": [24.4, 69.6]}}}, "s2": {"B.18": {"1": {"keep": [6.0, 13.7], "MR": [6.1, 13.4], "WA": [25.3, 46.0], "WN": [5.8, 14.0], "GN": [5.6, 13.8], "RR": [6.4, 14.4], "RN": [7.6, 13.1], "AR": [6.5, 15.3], "AN": [6.0, 12.5], "BL": [6.5, 15.1], "GR": [5.6, 13.4], "GW": [5.6, 13.7], "GM": [5.5, 13.9], "HY": [5.8, 14.0]}, "2": {"keep": [8.8, 18.8], "MR": [8.9, 18.2], "WA": [25.6, 47.6], "WN": [6.7, 15.9], "GN": [6.9, 16.1], "RR": [8.2, 14.8], "RN": [12.4, 23.7], "AR": [8.1, 14.4], "AN": [8.1, 17.5], "BL": [8.2, 14.6], "GR": [6.9, 16.3], "GW": [6.9, 16.2], "GM": [6.9, 16.2], "HY": [6.7, 15.9]}, "3": {"keep": [10.3, 22.6], "MR": [10.3, 22.8], "WA": [26.0, 48.1], "WN": [7.2, 17.7], "GN": [7.4, 16.9], "RR": [8.3, 15.1], "RN": [15.1, 29.4], "AR": [8.0, 14.9], "AN": [9.5, 19.2], "BL": [8.1, 15.0], "GR": [7.5, 16.9], "GW": [7.5, 17.0], "GM": [7.4, 16.8], "HY": [7.2, 17.7]}, "4": {"keep": [12.3, 29.0], "MR": [12.2, 28.7], "WA": [26.4, 46.8], "WN": [7.9, 17.8], "GN": [8.4, 18.1], "RR": [9.5, 20.2], "RN": [17.7, 36.7], "AR": [8.8, 18.4], "AN": [11.5, 25.0], "BL": [9.1, 19.6], "GR": [8.5, 17.8], "GW": [8.5, 18.0], "GM": [8.5, 17.9], "HY": [7.9, 17.8]}, "5": {"keep": [14.3, 31.4], "MR": [14.2, 31.3], "WA": [27.0, 50.8], "WN": [9.0, 19.0], "GN": [9.6, 20.8], "RR": [11.1, 22.5], "RN": [20.4, 44.7], "AR": [10.2, 21.1], "AN": [13.4, 28.4], "BL": [10.6, 22.1], "GR": [9.6, 20.9], "GW": [9.6, 20.8], "GM": [9.7, 20.4], "HY": [9.0, 19.0]}, "6": {"keep": [15.3, 38.4], "MR": [15.3, 37.6], "WA": [27.0, 50.5], "WN": [8.8, 19.8], "GN": [9.9, 22.0], "RR": [12.3, 29.3], "RN": [21.4, 51.5], "AR": [10.7, 24.8], "AN": [14.6, 36.9], "BL": [11.5, 26.2], "GR": [10.0, 22.0], "GW": [10.0, 22.0], "GM": [10.1, 22.1], "HY": [8.8, 19.8]}, "7": {"keep": [15.7, 38.4], "MR": [16.1, 36.9], "WA": [27.0, 49.0], "WN": [9.3, 20.6], "GN": [10.4, 23.0], "RR": [12.7, 31.2], "RN": [21.7, 48.4], "AR": [11.1, 24.0], "AN": [15.4, 38.5], "BL": [11.9, 26.8], "GR": [10.4, 23.3], "GW": [10.4, 23.3], "GM": [10.5, 24.0], "HY": [9.3, 20.6]}}, "B.10": {"1": {"keep": [6.7, 13.2], "MR": [6.7, 14.0], "WA": [88.4, 165.5], "WN": [6.7, 13.2], "GN": [6.7, 13.2], "RR": [7.6, 14.9], "RN": [7.6, 14.9], "AR": [7.6, 14.9], "AN": [6.8, 16.1], "BL": [7.6, 14.9], "GR": [6.8, 14.6], "GW": [6.8, 14.6], "GM": [6.7, 14.0], "HY": [6.7, 13.2]}, "2": {"keep": [11.4, 27.1], "MR": [11.2, 25.7], "WA": [88.7, 163.8], "WN": [14.3, 31.2], "GN": [11.3, 27.2], "RR": [13.4, 27.0], "RN": [13.4, 26.9], "AR": [14.3, 28.1], "AN": [11.7, 25.8], "BL": [13.8, 27.8], "GR": [11.7, 26.8], "GW": [11.6, 28.1], "GM": [11.2, 25.5], "HY": [11.3, 27.2]}, "3": {"keep": [13.4, 32.5], "MR": [13.2, 29.6], "WA": [89.1, 167.9], "WN": [17.9, 36.8], "GN": [13.5, 35.6], "RR": [17.1, 30.5], "RN": [17.2, 31.3], "AR": [18.8, 35.2], "AN": [14.1, 32.3], "BL": [17.8, 31.6], "GR": [14.1, 35.2], "GW": [13.9, 34.6], "GM": [13.2, 32.2], "HY": [13.5, 35.6]}, "4": {"keep": [15.1, 35.8], "MR": [14.6, 34.7], "WA": [90.4, 165.0], "WN": [21.2, 46.0], "GN": [14.9, 39.0], "RR": [19.5, 32.0], "RN": [19.1, 33.6], "AR": [21.8, 39.3], "AN": [14.8, 36.4], "BL": [20.4, 34.0], "GR": [15.4, 40.0], "GW": [15.3, 40.6], "GM": [14.4, 34.6], "HY": [14.9, 39.0]}, "5": {"keep": [16.6, 39.5], "MR": [15.8, 35.7], "WA": [90.3, 162.3], "WN": [23.3, 45.6], "GN": [16.2, 35.7], "RR": [21.0, 36.6], "RN": [21.3, 38.8], "AR": [22.8, 46.6], "AN": [16.0, 36.2], "BL": [21.5, 35.3], "GR": [16.8, 37.7], "GW": [16.8, 38.3], "GM": [15.2, 31.7], "HY": [16.2, 35.7]}, "6": {"keep": [17.7, 44.2], "MR": [16.8, 38.1], "WA": [90.7, 160.0], "WN": [24.7, 56.4], "GN": [16.9, 36.0], "RR": [20.6, 39.1], "RN": [21.9, 44.4], "AR": [23.4, 52.1], "AN": [17.2, 42.8], "BL": [21.7, 42.6], "GR": [17.4, 40.3], "GW": [17.3, 40.4], "GM": [15.6, 32.8], "HY": [16.9, 36.0]}, "7": {"keep": [17.6, 44.1], "MR": [17.0, 41.1], "WA": [92.1, 164.5], "WN": [24.0, 56.7], "GN": [16.4, 40.9], "RR": [20.0, 40.1], "RN": [21.9, 42.7], "AR": [22.8, 47.9], "AN": [17.1, 42.2], "BL": [21.0, 43.7], "GR": [17.4, 44.2], "GW": [17.3, 44.5], "GM": [15.2, 33.8], "HY": [16.4, 40.9]}}, "B.16": {"1": {"keep": [6.3, 15.8], "MR": [6.3, 14.6], "WA": [96.5, 186.6], "WN": [6.3, 15.8], "GN": [6.3, 15.8], "RR": [6.9, 15.1], "RN": [6.9, 15.1], "AR": [6.9, 15.1], "AN": [6.1, 14.6], "BL": [6.9, 15.1], "GR": [6.5, 15.6], "GW": [6.5, 15.8], "GM": [6.3, 14.6], "HY": [6.3, 15.8]}, "2": {"keep": [10.6, 22.1], "MR": [10.5, 22.3], "WA": [95.0, 178.1], "WN": [10.6, 22.1], "GN": [10.6, 22.1], "RR": [12.4, 23.0], "RN": [12.4, 23.0], "AR": [12.4, 23.0], "AN": [10.6, 20.8], "BL": [12.4, 23.0], "GR": [11.0, 26.1], "GW": [10.9, 26.3], "GM": [10.5, 22.3], "HY": [10.6, 22.1]}, "3": {"keep": [12.8, 29.3], "MR": [12.6, 27.1], "WA": [96.0, 176.8], "WN": [15.8, 31.5], "GN": [12.9, 28.4], "RR": [15.6, 31.5], "RN": [15.6, 31.4], "AR": [16.9, 31.8], "AN": [12.8, 29.7], "BL": [16.2, 31.7], "GR": [13.4, 30.8], "GW": [13.2, 31.0], "GM": [12.6, 27.2], "HY": [12.9, 28.4]}, "4": {"keep": [14.4, 33.1], "MR": [13.9, 30.2], "WA": [97.0, 177.7], "WN": [18.6, 37.2], "GN": [14.1, 34.0], "RR": [17.5, 33.9], "RN": [17.3, 33.9], "AR": [19.7, 41.3], "AN": [14.4, 32.7], "BL": [18.6, 36.1], "GR": [14.6, 32.3], "GW": [14.4, 35.0], "GM": [13.5, 30.2], "HY": [14.1, 34.0]}, "5": {"keep": [15.6, 31.2], "MR": [14.9, 30.1], "WA": [98.7, 180.6], "WN": [22.0, 44.7], "GN": [14.8, 31.5], "RR": [18.6, 38.3], "RN": [18.5, 35.5], "AR": [22.6, 42.7], "AN": [15.4, 32.5], "BL": [20.4, 40.7], "GR": [15.5, 34.6], "GW": [15.4, 33.2], "GM": [14.0, 26.3], "HY": [14.8, 31.5]}, "6": {"keep": [16.5, 36.0], "MR": [15.6, 33.6], "WA": [98.7, 178.6], "WN": [24.0, 46.9], "GN": [15.6, 31.2], "RR": [18.6, 36.4], "RN": [19.4, 36.9], "AR": [22.6, 41.2], "AN": [16.3, 36.5], "BL": [20.2, 38.2], "GR": [16.2, 35.1], "GW": [16.1, 37.7], "GM": [14.4, 28.3], "HY": [15.6, 31.2]}, "7": {"keep": [16.8, 38.3], "MR": [16.1, 34.9], "WA": [98.9, 177.2], "WN": [25.6, 50.6], "GN": [15.4, 34.6], "RR": [18.1, 38.1], "RN": [19.2, 39.9], "AR": [23.5, 47.7], "AN": [16.3, 38.4], "BL": [20.2, 43.0], "GR": [16.4, 39.4], "GW": [16.4, 40.4], "GM": [14.2, 32.9], "HY": [15.4, 34.6]}}, "B.15": {"1": {"keep": [5.3, 11.6], "MR": [5.4, 11.7], "WA": [75.6, 158.7], "WN": [5.3, 11.6], "GN": [5.3, 11.6], "RR": [5.6, 10.0], "RN": [5.6, 10.0], "AR": [5.6, 10.0], "AN": [5.5, 11.9], "BL": [5.6, 10.0], "GR": [5.4, 12.1], "GW": [5.4, 12.3], "GM": [5.4, 11.7], "HY": [5.3, 11.6]}, "2": {"keep": [8.0, 16.7], "MR": [8.1, 16.9], "WA": [75.2, 154.6], "WN": [8.0, 16.7], "GN": [8.0, 16.7], "RR": [8.2, 17.1], "RN": [8.2, 17.1], "AR": [8.2, 17.1], "AN": [8.3, 16.0], "BL": [8.2, 17.1], "GR": [8.3, 17.6], "GW": [8.3, 17.6], "GM": [8.1, 16.9], "HY": [8.0, 16.7]}, "3": {"keep": [10.0, 18.9], "MR": [9.9, 18.6], "WA": [76.6, 152.8], "WN": [12.9, 25.3], "GN": [10.0, 19.1], "RR": [10.0, 17.5], "RN": [10.0, 17.4], "AR": [10.7, 19.2], "AN": [10.2, 18.1], "BL": [10.3, 17.4], "GR": [10.4, 20.3], "GW": [10.4, 19.8], "GM": [9.9, 18.6], "HY": [10.0, 19.1]}, "4": {"keep": [10.7, 24.7], "MR": [10.4, 23.0], "WA": [77.1, 156.1], "WN": [15.8, 28.6], "GN": [10.8, 24.7], "RR": [11.0, 22.0], "RN": [10.9, 21.4], "AR": [12.7, 24.3], "AN": [11.0, 23.2], "BL": [11.6, 22.3], "GR": [11.6, 26.4], "GW": [11.6, 26.8], "GM": [10.5, 23.0], "HY": [10.8, 24.7]}, "5": {"keep": [12.1, 28.6], "MR": [11.8, 27.4], "WA": [78.6, 155.5], "WN": [19.5, 36.4], "GN": [12.1, 27.7], "RR": [12.2, 25.3], "RN": [12.1, 24.9], "AR": [15.1, 29.5], "AN": [12.2, 28.1], "BL": [13.4, 25.6], "GR": [13.0, 30.0], "GW": [13.1, 30.2], "GM": [11.7, 26.6], "HY": [12.1, 27.7]}, "6": {"keep": [12.2, 26.2], "MR": [12.0, 25.5], "WA": [78.9, 149.0], "WN": [21.6, 38.2], "GN": [12.2, 26.2], "RR": [12.4, 25.3], "RN": [12.6, 26.5], "AR": [15.4, 30.1], "AN": [12.3, 27.4], "BL": [13.6, 27.0], "GR": [13.3, 30.9], "GW": [13.3, 29.4], "GM": [11.7, 24.5], "HY": [12.2, 26.2]}, "7": {"keep": [12.4, 27.0], "MR": [12.5, 27.5], "WA": [78.6, 146.2], "WN": [23.2, 45.8], "GN": [12.1, 25.6], "RR": [12.5, 24.5], "RN": [12.9, 24.5], "AR": [15.8, 31.4], "AN": [12.2, 26.8], "BL": [13.7, 27.9], "GR": [13.5, 32.0], "GW": [13.5, 31.7], "GM": [11.6, 23.5], "HY": [12.1, 25.6]}}, "PCH001": {"1": {"keep": [5.8, 13.1], "MR": [6.1, 12.2], "WA": [95.6, 185.7], "WN": [5.8, 13.1], "GN": [5.8, 13.1], "RR": [6.6, 13.7], "RN": [6.6, 13.7], "AR": [6.6, 13.7], "AN": [5.8, 11.1], "BL": [6.6, 13.7], "GR": [6.0, 15.3], "GW": [5.9, 14.9], "GM": [6.1, 12.2], "HY": [5.8, 13.1]}, "2": {"keep": [9.4, 18.7], "MR": [10.1, 20.7], "WA": [94.3, 177.0], "WN": [9.4, 18.7], "GN": [9.4, 18.7], "RR": [12.2, 25.4], "RN": [12.2, 25.4], "AR": [12.2, 25.4], "AN": [9.8, 18.7], "BL": [12.2, 25.4], "GR": [9.8, 21.3], "GW": [9.6, 21.2], "GM": [10.1, 20.7], "HY": [9.4, 18.7]}, "3": {"keep": [11.6, 24.6], "MR": [12.4, 28.5], "WA": [95.3, 176.3], "WN": [15.2, 30.4], "GN": [11.7, 23.6], "RR": [15.5, 31.7], "RN": [15.5, 31.7], "AR": [15.9, 32.9], "AN": [12.5, 26.6], "BL": [15.5, 30.8], "GR": [12.4, 27.0], "GW": [12.2, 26.4], "GM": [12.5, 26.9], "HY": [11.7, 23.6]}, "4": {"keep": [12.9, 27.4], "MR": [14.1, 31.4], "WA": [96.3, 176.6], "WN": [18.5, 36.1], "GN": [13.1, 25.2], "RR": [17.1, 32.5], "RN": [17.3, 32.3], "AR": [18.8, 38.8], "AN": [13.8, 28.6], "BL": [17.7, 34.6], "GR": [14.0, 32.0], "GW": [13.8, 30.8], "GM": [14.1, 28.9], "HY": [13.1, 25.2]}, "5": {"keep": [14.4, 29.3], "MR": [16.0, 35.3], "WA": [97.8, 178.3], "WN": [22.0, 47.4], "GN": [14.3, 27.8], "RR": [18.1, 34.8], "RN": [18.4, 34.6], "AR": [21.1, 41.6], "AN": [15.0, 32.9], "BL": [19.2, 34.5], "GR": [15.4, 35.4], "GW": [15.2, 34.0], "GM": [15.5, 34.6], "HY": [14.3, 27.8]}, "6": {"keep": [15.4, 27.5], "MR": [17.4, 33.5], "WA": [97.8, 171.2], "WN": [24.0, 42.9], "GN": [14.9, 29.7], "RR": [17.7, 34.2], "RN": [18.5, 34.8], "AR": [20.6, 37.2], "AN": [15.6, 32.9], "BL": [18.7, 36.0], "GR": [15.8, 35.9], "GW": [15.7, 33.6], "GM": [16.4, 33.9], "HY": [14.9, 29.7]}, "7": {"keep": [15.7, 34.4], "MR": [18.5, 42.2], "WA": [98.0, 172.5], "WN": [25.6, 46.3], "GN": [14.7, 28.7], "RR": [16.1, 29.9], "RN": [17.6, 32.3], "AR": [20.3, 37.9], "AN": [15.5, 35.5], "BL": [17.6, 35.7], "GR": [15.9, 36.4], "GW": [15.7, 36.2], "GM": [16.6, 35.2], "HY": [14.7, 28.7]}}}, "pick": ["HY", "HY"]}
