strategy                 1d s1|s2          2d s1|s2          3d s1|s2          4d s1|s2          5d s1|s2          6d s1|s2          7d s1|s2
served now      -14.8(0)| -9.5(1) -21.3(1)|-12.1(0) -23.5(0)|-18.1(0) -17.3(0)|-19.8(0) -18.2(0)|-20.1(0) -17.9(0)|-21.2(0) -17.2(0)|-20.5(0)
S+D_E3          -15.3(0)| -9.5(1) -21.7(2)|-11.8(1) -24.4(0)|-19.9(2) -25.5(0)|-19.9(3) -26.4(0)|-20.5(2) -25.1(0)|-21.3(3) -23.2(0)|-20.2(1)   gate fail
S+D_ec          -15.1(0)| -9.5(1) -22.2(1)|-13.3(1) -24.8(0)|-18.6(1) -25.5(0)|-19.8(1) -26.3(0)|-20.3(1) -24.7(0)|-21.3(1) -22.3(0)|-20.1(2)   gate fail
S+D_bm          -15.2(0)| -9.5(1) -22.2(1)|-13.6(1) -25.0(0)|-18.4(2) -25.6(0)|-19.6(2) -25.9(0)|-20.6(2) -24.2(1)|-21.4(2) -21.2(1)|-19.9(2)   gate fail
S+L_E3          -10.8(3)|-10.5(1) -17.0(4)|-14.9(1) -22.7(2)|-21.0(2) -27.0(2)|-22.1(2) -26.4(1)|-24.0(2) -24.6(0)|-26.2(1) -25.1(0)|-25.9(1)   gate fail
S+L_bm          -14.8(1)|-10.5(1) -22.4(2)|-15.0(1) -27.1(0)|-23.1(1) -28.2(0)|-19.6(2) -25.9(0)|-22.2(2) -26.7(0)|-22.9(2) -23.4(0)|-21.6(2)   gate fail
S+R_E4          -14.7(1)| -9.5(2) -22.0(1)|-12.0(1) -24.4(0)|-18.0(1) -25.0(0)|-19.2(2) -25.6(1)|-23.1(1) -23.4(1)|-24.6(1) -18.4(0)|-23.1(1)   gate fail
S+R_bm          -14.8(0)| -9.5(1) -21.6(1)|-12.1(1) -23.9(0)|-18.1(1) -23.9(0)|-22.3(1) -24.1(0)|-22.7(1) -22.3(1)|-23.6(1) -19.4(0)|-22.5(0)   gate fail
S+D_E4          -15.2(0)| -5.9(3) -21.9(2)| -9.3(2) -24.7(0)|-14.4(4) -25.5(0)|-16.6(3) -26.3(0)|-16.9(3) -24.3(1)|-20.4(2) -21.7(1)|-18.4(3)   gate fail
S+KF_E3         -14.7(1)| -9.8(3) -22.7(2)|-11.2(3) -28.1(1)|-17.6(3) -27.3(0)|-18.9(3) -29.4(0)|-19.4(3) -28.2(0)|-22.4(3) -27.0(0)|-21.8(2)   gate fail
S·rain(E4)      -16.8(0)|-11.3(1) -25.4(1)|-18.0(0) -28.0(0)|-22.4(0) -20.1(0)|-23.1(0) -19.9(0)|-23.0(0) -19.8(0)|-24.6(0) -18.5(0)|-23.4(0)   GATE PASS

แก่งกระจาน (13): served {'1': 'P', '2': 'P', '3': 'P', '4': 'R_bm', '5': 'R_bm', '6': 'R_bm', '7': 'R_bm'} 
  B half MAE per horizon (P · R_bm · R_E4 · D_E3 · D_E4 · L_E3):
  1 d: B 2.79 · 3.30 · 3.07 · 3.25 · 2.96 · 2.74   | A (choosing) P 1.52 D_E3 1.53 R_E4 1.50
  2 d: B 4.84 · 4.66 · 4.23 · 3.84 · 3.45 · 3.79   | A (choosing) P 2.38 D_E3 2.07 R_E4 2.33
  3 d: B 5.58 · 5.21 · 4.78 · 3.91 · 3.76 · 3.80   | A (choosing) P 3.15 D_E3 2.58 R_E4 2.98
  4 d: B 6.50 · 5.49 · 5.14 · 4.34 · 4.07 · 4.49   | A (choosing) P 3.66 D_E3 2.67 R_E4 3.24
  5 d: B 7.56 · 5.72 · 5.34 · 4.61 · 4.44 · 5.27   | A (choosing) P 4.13 D_E3 2.83 R_E4 3.39
  6 d: B 8.08 · 5.98 · 5.40 · 5.07 · 4.99 · 5.60   | A (choosing) P 4.32 D_E3 2.88 R_E4 3.46
  7 d: B 8.36 · 6.19 · 5.58 · 5.60 · 5.44 · 6.09   | A (choosing) P 4.45 D_E3 3.01 R_E4 3.49
