research/2026-10-06_e7d_inflow_long.log: dams 35 (sample 1: 18, sample 2: 17); Ce = per-dam choice among what production can run

=== 1 d — error vs persistence on the scored half (sample 1 | sample 2), dams worse than persistence
  G           -14.5 % ( 1 worse) |  -14.4 % ( 4 worse) [BL2 | BL2]
  F:BL2       -13.2 % ( 0 worse) |  -13.9 % ( 1 worse)
  Ce          -15.1 % ( 0 worse) |  -11.1 % ( 2 worse)
  S           -15.0 % ( 0 worse) |  -10.5 % ( 1 worse)
  C           -15.0 % ( 0 worse) |   -9.7 % ( 2 worse)
  F:D_ec      -14.8 % ( 1 worse) |   -9.5 % ( 3 worse)
  F:D_E3      -15.0 % ( 1 worse) |   -8.1 % ( 2 worse)
  F:BL3       -12.1 % ( 2 worse) |   -8.1 % ( 2 worse)
  F:D_bm      -14.4 % ( 1 worse) |   -7.6 % ( 1 worse)
  F:L_bm       -8.2 % ( 1 worse) |   -2.6 % ( 2 worse)
  F:L_E3       -7.0 % ( 1 worse) |   -2.6 % ( 3 worse)
  F:L_ec       -6.3 % ( 1 worse) |   -2.4 % ( 2 worse)
  served now  -15.0 % ( 0) |  -10.5 % ( 1)

=== 2 d — error vs persistence on the scored half (sample 1 | sample 2), dams worse than persistence
  G           -22.3 % ( 2 worse) |  -17.2 % ( 2 worse) [BL2 | BL2]
  F:BL2       -21.3 % ( 1 worse) |  -16.6 % ( 2 worse)
  Ce          -24.4 % ( 2 worse) |  -16.0 % ( 2 worse)
  F:D_E3      -21.0 % ( 1 worse) |  -14.7 % ( 3 worse)
  S           -21.8 % ( 0 worse) |  -14.6 % ( 0 worse)
  F:R_E3      -21.8 % ( 1 worse) |  -13.2 % ( 2 worse)
  F:D_ec      -21.6 % ( 2 worse) |  -12.6 % ( 3 worse)
  F:BL3       -17.3 % ( 2 worse) |  -12.5 % ( 5 worse)
  F:R_bm      -20.4 % ( 2 worse) |  -11.4 % ( 2 worse)
  F:BL1       -13.9 % ( 0 worse) |  -10.4 % ( 0 worse)
  C           -23.9 % ( 2 worse) |  -10.3 % ( 3 worse)
  F:D_gfs     -13.1 % ( 2 worse) |  -10.0 % ( 1 worse)
  served now  -21.8 % ( 0) |  -14.6 % ( 0)

=== 3 d — error vs persistence on the scored half (sample 1 | sample 2), dams worse than persistence
  G           -28.0 % ( 0 worse) |  -23.3 % ( 1 worse) [BL2 | BL2]
  F:BL2       -27.4 % ( 0 worse) |  -22.7 % ( 1 worse)
  F:D_E3      -25.9 % ( 0 worse) |  -22.5 % ( 2 worse)
  F:R_E3      -23.9 % ( 2 worse) |  -21.0 % ( 2 worse)
  S           -23.4 % ( 0 worse) |  -20.3 % ( 0 worse)
  F:BL3       -22.0 % ( 1 worse) |  -19.3 % ( 3 worse)
  F:D_ec      -26.5 % ( 0 worse) |  -19.0 % ( 3 worse)
  C           -29.8 % ( 0 worse) |  -17.8 % ( 2 worse)
  F:AN_E3     -16.0 % ( 1 worse) |  -19.0 % ( 2 worse)
  F:L_E3      -25.2 % ( 0 worse) |  -15.7 % ( 1 worse)
  F:BL1       -17.0 % ( 0 worse) |  -14.9 % ( 0 worse)
  F:KF_ec     -18.3 % ( 0 worse) |  -13.7 % ( 0 worse)
  served now  -23.4 % ( 0) |  -20.3 % ( 0)

=== 4 d — error vs persistence on the scored half (sample 1 | sample 2), dams worse than persistence
  G           -32.1 % ( 0 worse) |  -26.5 % ( 1 worse) [BL2 | BL2]
  F:D_E3      -28.5 % ( 0 worse) |  -26.1 % ( 2 worse)
  F:R_E3      -26.2 % ( 1 worse) |  -26.0 % ( 3 worse)
  F:BL2       -31.5 % ( 0 worse) |  -25.7 % ( 1 worse)
  F:D_ec      -28.8 % ( 0 worse) |  -25.2 % ( 3 worse)
  C           -33.2 % ( 1 worse) |  -24.8 % ( 3 worse)
  F:BL3       -25.8 % ( 1 worse) |  -23.5 % ( 3 worse)
  Ce          -32.6 % ( 1 worse) |  -23.2 % ( 1 worse)
  F:L_ec      -33.2 % ( 0 worse) |  -21.7 % ( 1 worse)
  S           -20.5 % ( 0 worse) |  -24.7 % ( 0 worse)
  F:AN_E3     -20.1 % ( 0 worse) |  -22.9 % ( 2 worse)
  F:KF_ec     -25.0 % ( 0 worse) |  -19.9 % ( 0 worse)
  served now  -20.5 % ( 0) |  -24.7 % ( 0)

=== 5 d — error vs persistence on the scored half (sample 1 | sample 2), dams worse than persistence
  C           -33.6 % ( 3 worse) |  -28.0 % ( 3 worse)
  F:D_E3      -28.4 % ( 2 worse) |  -27.6 % ( 1 worse)
  F:D_ec      -29.8 % ( 0 worse) |  -27.6 % ( 3 worse)
  F:R_E3      -26.9 % ( 1 worse) |  -28.5 % ( 2 worse)
  Ce          -33.6 % ( 2 worse) |  -25.0 % ( 1 worse)
  F:BL3       -26.2 % ( 2 worse) |  -24.8 % ( 4 worse)
  G           -33.9 % ( 0 worse) |  -24.7 % ( 1 worse) [BL2 | BL2]
  F:L_ec      -34.6 % ( 0 worse) |  -23.6 % ( 1 worse)
  F:BL2       -33.9 % ( 0 worse) |  -23.4 % ( 1 worse)
  F:KF_ec     -28.2 % ( 0 worse) |  -23.2 % ( 0 worse)
  S           -22.3 % ( 0 worse) |  -28.1 % ( 0 worse)
  F:HB_ec     -24.7 % ( 2 worse) |  -22.2 % ( 4 worse)
  served now  -22.3 % ( 0) |  -28.1 % ( 0)

=== 6 d — error vs persistence on the scored half (sample 1 | sample 2), dams worse than persistence
  Ce          -32.7 % ( 1 worse) |  -29.3 % ( 2 worse)
  F:L_ec      -32.8 % ( 0 worse) |  -28.1 % ( 1 worse)
  C           -32.5 % ( 1 worse) |  -27.9 % ( 3 worse)
  F:D_ec      -28.2 % ( 0 worse) |  -27.5 % ( 2 worse)
  F:D_E3      -25.3 % ( 3 worse) |  -26.6 % ( 3 worse)
  F:R_E3      -24.8 % ( 2 worse) |  -28.3 % ( 3 worse)
  F:KF_ec     -26.6 % ( 0 worse) |  -24.4 % ( 0 worse)
  F:HB_ec     -24.6 % ( 2 worse) |  -24.4 % ( 3 worse)
  F:BL3       -22.8 % ( 3 worse) |  -23.1 % ( 6 worse)
  S           -21.4 % ( 0 worse) |  -28.8 % ( 0 worse)
  F:BL2       -30.8 % ( 1 worse) |  -21.1 % ( 1 worse)
  G           -30.8 % ( 1 worse) |  -21.1 % ( 1 worse) [BL2 | BL2]
  served now  -21.4 % ( 0) |  -28.8 % ( 0)

=== 7 d — error vs persistence on the scored half (sample 1 | sample 2), dams worse than persistence
  Ce          -28.1 % ( 1 worse) |  -26.9 % ( 2 worse)
  F:L_ec      -28.3 % ( 0 worse) |  -26.1 % ( 1 worse)
  F:D_ec      -25.2 % ( 0 worse) |  -25.7 % ( 4 worse)
  C           -27.8 % ( 2 worse) |  -24.6 % ( 4 worse)
  F:HB_ec     -23.0 % ( 3 worse) |  -23.2 % ( 3 worse)
  F:KF_ec     -23.5 % ( 0 worse) |  -22.5 % ( 0 worse)
  F:R_E3      -20.4 % ( 3 worse) |  -23.6 % ( 4 worse)
  S           -18.8 % ( 1 worse) |  -25.6 % ( 0 worse)
  F:BL2       -20.9 % ( 3 worse) |  -18.6 % ( 6 worse)
  G           -28.0 % ( 0 worse) |  -18.6 % ( 6 worse) [D_ec | BL2]
  F:D_E3      -18.0 % ( 5 worse) |  -20.9 % ( 6 worse)
  F:BL1       -17.4 % ( 0 worse) |  -21.7 % ( 2 worse)
  served now  -18.8 % ( 1) |  -25.6 % ( 0)

=== GATE: better than persistence and than served-now at 3 d and 7 d in both samples, no more dams worse than served-now
no strategy passes

6 vs 7 days (owner: 'limit to 6 days if necessary') — the best passing strategy's gain at 6 d and 7 d: {}
